Component: ARM Compiler 5.06 update 6 (build 750) Tool: armlink [4d35ed]

==============================================================================

Section Cross References

    startup_stm32f750xx.o(STACK) refers (Special) to heapauxi.o(.text) for __use_two_region_memory
    startup_stm32f750xx.o(HEAP) refers (Special) to heapauxi.o(.text) for __use_two_region_memory
    startup_stm32f750xx.o(RESET) refers (Special) to heapauxi.o(.text) for __use_two_region_memory
    startup_stm32f750xx.o(RESET) refers to startup_stm32f750xx.o(STACK) for __initial_sp
    startup_stm32f750xx.o(RESET) refers to startup_stm32f750xx.o(.text) for Reset_Handler
    startup_stm32f750xx.o(RESET) refers to stm32f7xx_it.o(i.NMI_Handler) for NMI_Handler
    startup_stm32f750xx.o(RESET) refers to stm32f7xx_it.o(i.HardFault_Handler) for HardFault_Handler
    startup_stm32f750xx.o(RESET) refers to stm32f7xx_it.o(i.MemManage_Handler) for MemManage_Handler
    startup_stm32f750xx.o(RESET) refers to stm32f7xx_it.o(i.BusFault_Handler) for BusFault_Handler
    startup_stm32f750xx.o(RESET) refers to stm32f7xx_it.o(i.UsageFault_Handler) for UsageFault_Handler
    startup_stm32f750xx.o(RESET) refers to port.o(.emb_text) for SVC_Handler
    startup_stm32f750xx.o(RESET) refers to stm32f7xx_it.o(i.DebugMon_Handler) for DebugMon_Handler
    startup_stm32f750xx.o(RESET) refers to port.o(i.SysTick_Handler) for SysTick_Handler
    startup_stm32f750xx.o(RESET) refers to stm32f7xx_it.o(i.DMA1_Stream1_IRQHandler) for DMA1_Stream1_IRQHandler
    startup_stm32f750xx.o(RESET) refers to stm32f7xx_it.o(i.DMA1_Stream5_IRQHandler) for DMA1_Stream5_IRQHandler
    startup_stm32f750xx.o(RESET) refers to imu.o(i.USART2_IRQHandler) for USART2_IRQHandler
    startup_stm32f750xx.o(RESET) refers to stm32f7xx_it.o(i.USART3_IRQHandler) for USART3_IRQHandler
    startup_stm32f750xx.o(RESET) refers to stm32f7xx_it.o(i.TIM8_TRG_COM_TIM14_IRQHandler) for TIM8_TRG_COM_TIM14_IRQHandler
    startup_stm32f750xx.o(RESET) refers to stm32f7xx_it.o(i.TIM6_DAC_IRQHandler) for TIM6_DAC_IRQHandler
    startup_stm32f750xx.o(.text) refers (Special) to heapauxi.o(.text) for __use_two_region_memory
    startup_stm32f750xx.o(.text) refers to system_stm32f7xx.o(i.SystemInit) for SystemInit
    startup_stm32f750xx.o(.text) refers to __main.o(!!!main) for __main
    startup_stm32f750xx.o(.text) refers to startup_stm32f750xx.o(HEAP) for Heap_Mem
    startup_stm32f750xx.o(.text) refers to startup_stm32f750xx.o(STACK) for Stack_Mem
    main.o(i.HAL_TIM_PeriodElapsedCallback) refers to stm32f7xx_hal.o(i.HAL_IncTick) for HAL_IncTick
    main.o(i.SystemClock_Config) refers to rt_memclr_w.o(.text) for __aeabi_memclr4
    main.o(i.SystemClock_Config) refers to stm32f7xx_hal_rcc.o(i.HAL_RCC_OscConfig) for HAL_RCC_OscConfig
    main.o(i.SystemClock_Config) refers to stm32f7xx_hal_pwr_ex.o(i.HAL_PWREx_EnableOverDrive) for HAL_PWREx_EnableOverDrive
    main.o(i.SystemClock_Config) refers to stm32f7xx_hal_rcc.o(i.HAL_RCC_ClockConfig) for HAL_RCC_ClockConfig
    main.o(i.main) refers to stm32f7xx_hal.o(i.HAL_Init) for HAL_Init
    main.o(i.main) refers to main.o(i.SystemClock_Config) for SystemClock_Config
    main.o(i.main) refers to gpio.o(i.MX_GPIO_Init) for MX_GPIO_Init
    main.o(i.main) refers to dma.o(i.MX_DMA_Init) for MX_DMA_Init
    main.o(i.main) refers to usart.o(i.MX_USART2_UART_Init) for MX_USART2_UART_Init
    main.o(i.main) refers to usart.o(i.MX_USART3_UART_Init) for MX_USART3_UART_Init
    main.o(i.main) refers to tim.o(i.MX_TIM6_Init) for MX_TIM6_Init
    main.o(i.main) refers to freertos.o(i.MX_FREERTOS_Init) for MX_FREERTOS_Init
    main.o(i.main) refers to cmsis_os.o(i.osKernelStart) for osKernelStart
    freertos.o(i.MX_FREERTOS_Init) refers to rt_memcpy_w.o(.text) for __aeabi_memcpy4
    freertos.o(i.MX_FREERTOS_Init) refers to cmsis_os.o(i.osThreadCreate) for osThreadCreate
    freertos.o(i.MX_FREERTOS_Init) refers to start_task.o(i.Start_Task_Create) for Start_Task_Create
    freertos.o(i.MX_FREERTOS_Init) refers to freertos.o(.constdata) for .constdata
    freertos.o(i.MX_FREERTOS_Init) refers to freertos.o(.data) for .data
    freertos.o(i.StartDefaultTask) refers to cmsis_os.o(i.osDelay) for osDelay
    freertos.o(i.vApplicationGetIdleTaskMemory) refers to freertos.o(.bss) for .bss
    freertos.o(.constdata) refers to freertos.o(.conststring) for .conststring
    freertos.o(.constdata) refers to freertos.o(i.StartDefaultTask) for StartDefaultTask
    dma.o(i.MX_DMA_Init) refers to stm32f7xx_hal_cortex.o(i.HAL_NVIC_SetPriority) for HAL_NVIC_SetPriority
    dma.o(i.MX_DMA_Init) refers to stm32f7xx_hal_cortex.o(i.HAL_NVIC_EnableIRQ) for HAL_NVIC_EnableIRQ
    tim.o(i.HAL_TIM_Base_MspDeInit) refers to stm32f7xx_hal_cortex.o(i.HAL_NVIC_DisableIRQ) for HAL_NVIC_DisableIRQ
    tim.o(i.HAL_TIM_Base_MspInit) refers to stm32f7xx_hal_cortex.o(i.HAL_NVIC_SetPriority) for HAL_NVIC_SetPriority
[...]
    i.HAL_DMA_GetError                       0x080007de   Section        0  stm32f7xx_hal_dma.o(i.HAL_DMA_GetError)
    i.HAL_DMA_IRQHandler                     0x080007e4   Section        0  stm32f7xx_hal_dma.o(i.HAL_DMA_IRQHandler)
    i.HAL_DMA_Init                           0x08000984   Section        0  stm32f7xx_hal_dma.o(i.HAL_DMA_Init)
    i.HAL_DMA_Start_IT                       0x08000a68   Section        0  stm32f7xx_hal_dma.o(i.HAL_DMA_Start_IT)
    i.HAL_GPIO_Init                          0x08000ae4   Section        0  stm32f7xx_hal_gpio.o(i.HAL_GPIO_Init)
    i.HAL_GetTick                            0x08000d2c   Section        0  stm32f7xx_hal.o(i.HAL_GetTick)
    i.HAL_IncTick                            0x08000d38   Section        0  stm32f7xx_hal.o(i.HAL_IncTick)
    i.HAL_Init                               0x08000d48   Section        0  stm32f7xx_hal.o(i.HAL_Init)
    i.HAL_InitTick                           0x08000d60   Section        0  stm32f7xx_hal_timebase_tim.o(i.HAL_InitTick)
    i.HAL_MspInit                            0x08000df8   Section        0  stm32f7xx_hal_msp.o(i.HAL_MspInit)
    i.HAL_NVIC_EnableIRQ                     0x08000e30   Section        0  stm32f7xx_hal_cortex.o(i.HAL_NVIC_EnableIRQ)
    i.HAL_NVIC_SetPriority                   0x08000e4c   Section        0  stm32f7xx_hal_cortex.o(i.HAL_NVIC_SetPriority)
    i.HAL_NVIC_SetPriorityGrouping           0x08000e8c   Section        0  stm32f7xx_hal_cortex.o(i.HAL_NVIC_SetPriorityGrouping)
    i.HAL_PWREx_EnableOverDrive              0x08000eb0   Section        0  stm32f7xx_hal_pwr_ex.o(i.HAL_PWREx_EnableOverDrive)
    i.HAL_RCCEx_PeriphCLKConfig              0x08000f1c   Section        0  stm32f7xx_hal_rcc_ex.o(i.HAL_RCCEx_PeriphCLKConfig)
    i.HAL_RCC_ClockConfig                    0x08001418   Section        0  stm32f7xx_hal_rcc.o(i.HAL_RCC_ClockConfig)
    i.HAL_RCC_GetClockConfig                 0x08001548   Section        0  stm32f7xx_hal_rcc.o(i.HAL_RCC_GetClockConfig)
    i.HAL_RCC_GetPCLK1Freq                   0x08001588   Section        0  stm32f7xx_hal_rcc.o(i.HAL_RCC_GetPCLK1Freq)
    i.HAL_RCC_GetPCLK2Freq                   0x080015a8   Section        0  stm32f7xx_hal_rcc.o(i.HAL_RCC_GetPCLK2Freq)
    i.HAL_RCC_GetSysClockFreq                0x080015c8   Section        0  stm32f7xx_hal_rcc.o(i.HAL_RCC_GetSysClockFreq)
    i.HAL_RCC_OscConfig                      0x0800162c   Section        0  stm32f7xx_hal_rcc.o(i.HAL_RCC_OscConfig)
    i.HAL_TIMEx_Break2Callback               0x080019b0   Section        0  stm32f7xx_hal_tim_ex.o(i.HAL_TIMEx_Break2Callback)
    i.HAL_TIMEx_BreakCallback                0x080019b2   Section        0  stm32f7xx_hal_tim_ex.o(i.HAL_TIMEx_BreakCallback)
    i.HAL_TIMEx_CommutCallback               0x080019b4   Section        0  stm32f7xx_hal_tim_ex.o(i.HAL_TIMEx_CommutCallback)
    i.HAL_TIMEx_MasterConfigSynchronization  0x080019b8   Section        0  stm32f7xx_hal_tim_ex.o(i.HAL_TIMEx_MasterConfigSynchronization)
    i.HAL_TIM_Base_Init                      0x08001a5c   Section        0  stm32f7xx_hal_tim.o(i.HAL_TIM_Base_Init)
    i.HAL_TIM_Base_MspInit                   0x08001ac0   Section        0  tim.o(i.HAL_TIM_Base_MspInit)
    i.HAL_TIM_Base_Start                     0x08001afc   Section        0  stm32f7xx_hal_tim.o(i.HAL_TIM_Base_Start)
    i.HAL_TIM_Base_Start_IT                  0x08001b7c   Section        0  stm32f7xx_hal_tim.o(i.HAL_TIM_Base_Start_IT)
    i.HAL_TIM_IC_CaptureCallback             0x08001c08   Section        0  stm32f7xx_hal_tim.o(i.HAL_TIM_IC_CaptureCallback)
    i.HAL_TIM_IRQHandler                     0x08001c0a   Section        0  stm32f7xx_hal_tim.o(i.HAL_TIM_IRQHandler)
    i.HAL_TIM_OC_DelayElapsedCallback        0x08001d52   Section        0  stm32f7xx_hal_tim.o(i.HAL_TIM_OC_DelayElapsedCallback)
    i.HAL_TIM_PWM_PulseFinishedCallback      0x08001d54   Section        0  stm32f7xx_hal_tim.o(i.HAL_TIM_PWM_PulseFinishedCallback)
    i.HAL_TIM_PeriodElapsedCallback          0x08001d58   Section        0  main.o(i.HAL_TIM_PeriodElapsedCallback)
    i.HAL_TIM_TriggerCallback                0x08001d6c   Section        0  stm32f7xx_hal_tim.o(i.HAL_TIM_TriggerCallback)
    i.HAL_UARTEx_ReceiveToIdle_DMA           0x08001d6e   Section        0  stm32f7xx_hal_uart_ex.o(i.HAL_UARTEx_ReceiveToIdle_DMA)
    i.HAL_UARTEx_RxEventCallback             0x08001db8   Section        0  mynvic.o(i.HAL_UARTEx_RxEventCallback)
    i.HAL_UART_DMAStop                       0x08001dcc   Section        0  stm32f7xx_hal_uart.o(i.HAL_UART_DMAStop)
    i.HAL_UART_ErrorCallback                 0x08001e58   Section        0  stm32f7xx_hal_uart.o(i.HAL_UART_ErrorCallback)
    i.HAL_UART_IRQHandler                    0x08001e5c   Section        0  stm32f7xx_hal_uart.o(i.HAL_UART_IRQHandler)
    i.HAL_UART_Init                          0x08002104   Section        0  stm32f7xx_hal_uart.o(i.HAL_UART_Init)
    i.HAL_UART_MspInit                       0x0800216c   Section        0  usart.o(i.HAL_UART_MspInit)
    i.HAL_UART_Receive_DMA                   0x080022d8   Section        0  stm32f7xx_hal_uart.o(i.HAL_UART_Receive_DMA)
    i.HAL_UART_RxCpltCallback                0x08002314   Section        0  stm32f7xx_hal_uart.o(i.HAL_UART_RxCpltCallback)
    i.HAL_UART_RxHalfCpltCallback            0x08002316   Section        0  stm32f7xx_hal_uart.o(i.HAL_UART_RxHalfCpltCallback)
    i.HAL_UART_TxCpltCallback                0x08002318   Section        0  stm32f7xx_hal_uart.o(i.HAL_UART_TxCpltCallback)
    i.HardFault_Handler                      0x0800231a   Section        0  stm32f7xx_it.o(i.HardFault_Handler)
    i.IMU_Receive_Init                       0x0800231c   Section        0  imu.o(i.IMU_Receive_Init)
    i.Init_Task                              0x08002360   Section        0  start_task.o(i.Init_Task)
    i.Init_Task_Create                       0x08002370   Section        0  start_task.o(i.Init_Task_Create)
    i.MX_DMA_Init                            0x080023a0   Section        0  dma.o(i.MX_DMA_Init)
    i.MX_FREERTOS_Init                       0x080023dc   Section        0  freertos.o(i.MX_FREERTOS_Init)
    i.MX_GPIO_Init                           0x08002408   Section        0  gpio.o(i.MX_GPIO_Init)
    i.MX_TIM6_Init                           0x08002444   Section        0  tim.o(i.MX_TIM6_Init)
    i.MX_USART2_UART_Init                    0x0800248c   Section        0  usart.o(i.MX_USART2_UART_Init)
    i.MX_USART3_UART_Init                    0x080024c8   Section        0  usart.o(i.MX_USART3_UART_Init)
    i.MemManage_Handler                      0x08002504   Section        0  stm32f7xx_it.o(i.MemManage_Handler)
    i.Motor_FinishFlag_Exam                  0x08002508   Section        0  motor_command.o(i.Motor_FinishFlag_Exam)
    i.My_UART3_IRQHandler                    0x08002554   Section        0  motor_command.o(i.My_UART3_IRQHandler)
    i.NMI_Handler                            0x08002574   Section        0  stm32f7xx_it.o(i.NMI_Handler)
    i.PID_init                               0x08002578   Section        0  pid.o(i.PID_init)
    i.RingBuffer_GetCount                    0x080025a4   Section        0  imu.o(i.RingBuffer_GetCount)
    i.RingBuffer_Peek                        0x080025c0   Section        0  imu.o(i.RingBuffer_Peek)
    i.StartDefaultTask                       0x080025d8   Section        0  freertos.o(i.StartDefaultTask)
    i.Start_Task                             0x080025e0   Section        0  start_task.o(i.Start_Task)
    i.Start_Task_Create                      0x080025f8   Section        0  start_task.o(i.Start_Task_Create)
    i.SysTick_Handler                        0x08002628   Section        0  port.o(i.SysTick_Handler)
    i.SystemClock_Config                     0x08002658   Section        0  main.o(i.SystemClock_Config)
    i.SystemInit                             0x080026f8   Section        0  system_stm32f7xx.o(i.SystemInit)
    i.TIM6_DAC_IRQHandler                    0x08002708   Section        0  stm32f7xx_it.o(i.TIM6_DAC_IRQHandler)
    i.TIM8_TRG_COM_TIM14_IRQHandler          0x08002714   Section        0  stm32f7xx_it.o(i.TIM8_TRG_COM_TIM14_IRQHandler)
    i.TIM_Base_SetConfig                     0x08002720   Section        0  stm32f7xx_hal_tim.o(i.TIM_Base_SetConfig)
    i.UART_AdvFeatureConfig                  0x080027f4   Section        0  stm32f7xx_hal_uart.o(i.UART_AdvFeatureConfig)
    i.UART_CheckIdleState                    0x080028bc   Section        0  stm32f7xx_hal_uart.o(i.UART_CheckIdleState)
    i.UART_DMAAbortOnError                   0x08002916   Section        0  stm32f7xx_hal_uart.o(i.UART_DMAAbortOnError)
    UART_DMAAbortOnError                     0x08002917   Thumb Code    16  stm32f7xx_hal_uart.o(i.UART_DMAAbortOnError)
    i.UART_DMAError                          0x08002926   Section        0  stm32f7xx_hal_uart.o(i.UART_DMAError)
    UART_DMAError                            0x08002927   Thumb Code    76  stm32f7xx_hal_uart.o(i.UART_DMAError)
    i.UART_DMAReceiveCplt                    0x08002972   Section        0  stm32f7xx_hal_uart.o(i.UART_DMAReceiveCplt)
    UART_DMAReceiveCplt                      0x08002973   Thumb Code   158  stm32f7xx_hal_uart.o(i.UART_DMAReceiveCplt)
    i.UART_DMARxHalfCplt                     0x08002a10   Section        0  stm32f7xx_hal_uart.o(i.UART_DMARxHalfCplt)
    UART_DMARxHalfCplt                       0x08002a11   Thumb Code    60  stm32f7xx_hal_uart.o(i.UART_DMARxHalfCplt)
    i.UART_EndRxTransfer                     0x08002a4c   Section        0  stm32f7xx_hal_uart.o(i.UART_EndRxTransfer)
    UART_EndRxTransfer                       0x08002a4d   Thumb Code    76  stm32f7xx_hal_uart.o(i.UART_EndRxTransfer)
    i.UART_EndTxTransfer                     0x08002a98   Section        0  stm32f7xx_hal_uart.o(i.UART_EndTxTransfer)
    UART_EndTxTransfer                       0x08002a99   Thumb Code    24  stm32f7xx_hal_uart.o(i.UART_EndTxTransfer)
    i.UART_SetConfig                         0x08002ab0   Section        0  stm32f7xx_hal_uart.o(i.UART_SetConfig)
    i.UART_Start_Receive_DMA                 0x08002ce0   Section        0  stm32f7xx_hal_uart.o(i.UART_Start_Receive_DMA)
    i.UART_WaitOnFlagUntilTimeout            0x08002d80   Section        0  stm32f7xx_hal_uart.o(i.UART_WaitOnFlagUntilTimeout)
    i.USART2_IRQHandler                      0x08002e14   Section        0  imu.o(i.USART2_IRQHandler)
    i.USART3_IRQHandler                      0x08002efc   Section        0  stm32f7xx_it.o(i.USART3_IRQHandler)
    i.USART3_Process_data                    0x08002f08   Section        0  motor_command.o(i.USART3_Process_data)
    i.UsageFault_Handler                     0x08003038   Section        0  stm32f7xx_it.o(i.UsageFault_Handler)
    i.__NVIC_SetPriority                     0x0800303a   Section        0  stm32f7xx_hal_cortex.o(i.__NVIC_SetPriority)
    __NVIC_SetPriority                       0x0800303b   Thumb Code    34  stm32f7xx_hal_cortex.o(i.__NVIC_SetPriority)
    i.main                                   0x0800305c   Section        0  main.o(i.main)
    i.makeFreeRtosPriority                   0x08003082   Section        0  cmsis_os.o(i.makeFreeRtosPriority)
    makeFreeRtosPriority                     0x08003083   Thumb Code    14  cmsis_os.o(i.makeFreeRtosPriority)
    i.osDelay                                0x08003090   Section        0  cmsis_os.o(i.osDelay)
    i.osKernelStart                          0x0800309e   Section        0  cmsis_os.o(i.osKernelStart)
    i.osThreadCreate                         0x080030a8   Section        0  cmsis_os.o(i.osThreadCreate)
    i.prvAddCurrentTaskToDelayedList         0x080030fc   Section        0  tasks.o(i.prvAddCurrentTaskToDelayedList)
    prvAddCurrentTaskToDelayedList           0x080030fd   Thumb Code   102  tasks.o(i.prvAddCurrentTaskToDelayedList)
    i.prvAddNewTaskToReadyList               0x0800316c   Section        0  tasks.o(i.prvAddNewTaskToReadyList)
    prvAddNewTaskToReadyList                 0x0800316d   Thumb Code   194  tasks.o(i.prvAddNewTaskToReadyList)
    i.prvDeleteTCB                           0x0800323c   Section        0  tasks.o(i.prvDeleteTCB)
    prvDeleteTCB                             0x0800323d   Thumb Code    56  tasks.o(i.prvDeleteTCB)
    i.prvHeapInit                            0x08003274   Section        0  heap_4.o(i.prvHeapInit)
    prvHeapInit                              0x08003275   Thumb Code    70  heap_4.o(i.prvHeapInit)
    i.prvIdleTask                            0x080032c4   Section        0  tasks.o(i.prvIdleTask)
    prvIdleTask                              0x080032c5   Thumb Code    82  tasks.o(i.prvIdleTask)
    i.prvInitialiseNewTask                   0x08003324   Section        0  tasks.o(i.prvInitialiseNewTask)
    prvInitialiseNewTask                     0x08003325   Thumb Code   158  tasks.o(i.prvInitialiseNewTask)
    i.prvInsertBlockIntoFreeList             0x080033c4   Section        0  heap_4.o(i.prvInsertBlockIntoFreeList)
    prvInsertBlockIntoFreeList               0x080033c5   Thumb Code    72  heap_4.o(i.prvInsertBlockIntoFreeList)
    i.prvResetNextTaskUnblockTime            0x08003410   Section        0  tasks.o(i.prvResetNextTaskUnblockTime)
    prvResetNextTaskUnblockTime              0x08003411   Thumb Code    26  tasks.o(i.prvResetNextTaskUnblockTime)
    i.prvTaskExitError                       0x08003430   Section        0  port.o(i.prvTaskExitError)
    prvTaskExitError                         0x08003431   Thumb Code    42  port.o(i.prvTaskExitError)
    i.pvPortMalloc                           0x08003460   Section        0  heap_4.o(i.pvPortMalloc)
    i.pxPortInitialiseStack                  0x0800354c   Section        0  port.o(i.pxPortInitialiseStack)
    i.uxListRemove                           0x0800357c   Section        0  list.o(i.uxListRemove)
    i.vApplicationGetIdleTaskMemory          0x080035a4   Section        0  freertos.o(i.vApplicationGetIdleTaskMemory)
    i.vApplicationMallocFailedHook           0x080035bc   Section        0  freertos.o(i.vApplicationMallocFailedHook)
    i.vListInitialise                        0x080035be   Section        0  list.o(i.vListInitialise)
    i.vListInitialiseItem                    0x080035d4   Section        0  list.o(i.vListInitialiseItem)
    i.vListInsert                            0x080035da   Section        0  list.o(i.vListInsert)
    i.vListInsertEnd                         0x0800360a   Section        0  list.o(i.vListInsertEnd)
    i.vPortEnterCritical                     0x08003624   Section        0  port.o(i.vPortEnterCritical)
    i.vPortExitCritical                      0x0800366c   Section        0  port.o(i.vPortExitCritical)
    i.vPortFree                              0x08003698   Section        0  heap_4.o(i.vPortFree)
    i.vPortSetupTimerInterrupt               0x080036fc   Section        0  port.o(i.vPortSetupTimerInterrupt)
    i.vTaskDelay                             0x08003720   Section        0  tasks.o(i.vTaskDelay)
    i.vTaskDelete                            0x08003770   Section        0  tasks.o(i.vTaskDelete)
    i.vTaskStartScheduler                    0x08003820   Section        0  tasks.o(i.vTaskStartScheduler)
    i.vTaskSuspendAll                        0x08003890   Section        0  tasks.o(i.vTaskSuspendAll)
    i.vTaskSwitchContext                     0x080038a0   Section        0  tasks.o(i.vTaskSwitchContext)
    i.xPortStartScheduler                    0x08003900   Section        0  port.o(i.xPortStartScheduler)
    i.xTaskCreate                            0x080039c0   Section        0  tasks.o(i.xTaskCreate)
    i.xTaskCreateStatic                      0x08003a1a   Section        0  tasks.o(i.xTaskCreateStatic)
    i.xTaskIncrementTick                     0x08003a78   Section        0  tasks.o(i.xTaskIncrementTick)
    i.xTaskResumeAll                         0x08003b44   Section        0  tasks.o(i.xTaskResumeAll)
    x$fpl$fpinit                             0x08003c0c   Section       10  fpinit.o(x$fpl$fpinit)
    $v0                                      0x08003c0c   Number         0  fpinit.o(x$fpl$fpinit)
    .constdata                               0x08003c18   Section       28  freertos.o(.constdata)
    .constdata                               0x08003c34   Section        8  stm32f7xx_hal_dma.o(.constdata)
    flagBitshiftOffset                       0x08003c34   Data           8  stm32f7xx_hal_dma.o(.constdata)
    .constdata                               0x08003c3c   Section       16  system_stm32f7xx.o(.constdata)
    .constdata                               0x08003c4c   Section        8  system_stm32f7xx.o(.constdata)
    .conststring                             0x08003c54   Section       12  freertos.o(.conststring)
    .data                                    0x20000000   Section        4  freertos.o(.data)
    .data                                    0x20000004   Section       12  stm32f7xx_hal.o(.data)
    .data                                    0x20000010   Section        4  system_stm32f7xx.o(.data)
    .data                                    0x20000014   Section       60  tasks.o(.data)
    pxDelayedTaskList                        0x20000018   Data           4  tasks.o(.data)
    pxOverflowDelayedTaskList                0x2000001c   Data           4  tasks.o(.data)
    uxDeletedTasksWaitingCleanUp             0x20000020   Data           4  tasks.o(.data)
    uxCurrentNumberOfTasks                   0x20000024   Data           4  tasks.o(.data)
    xTickCount                               0x20000028   Data           4  tasks.o(.data)
    uxTopReadyPriority                       0x2000002c   Data           4  tasks.o(.data)
    xSchedulerRunning                        0x20000030   Data           4  tasks.o(.data)
    uxPendedTicks                            0x20000034   Data           4  tasks.o(.data)
    xYieldPending                            0x20000038   Data           4  tasks.o(.data)
    xNumOfOverflows                          0x2000003c   Data           4  tasks.o(.data)
    uxTaskNumber                             0x20000040   Data           4  tasks.o(.data)
    xNextTaskUnblockTime                     0x20000044   Data           4  tasks.o(.data)
    xIdleTaskHandle                          0x20000048   Data           4  tasks.o(.data)
    uxSchedulerSuspended                     0x2000004c   Data           4  tasks.o(.data)
    .data                                    0x20000050   Section       24  heap_4.o(.data)
    pxEnd                                    0x20000050   Data           4  heap_4.o(.data)
    xFreeBytesRemaining                      0x20000054   Data           4  heap_4.o(.data)
    xMinimumEverFreeBytesRemaining           0x20000058   Data           4  heap_4.o(.data)
    xBlockAllocatedBit                       0x2000005c   Data           4  heap_4.o(.data)
    xStart                                   0x20000060   Data           8  heap_4.o(.data)
    .data                                    0x20000068   Section       12  port.o(.data)
    ucMaxSysCallPriority                     0x20000068   Data           1  port.o(.data)
    uxCriticalNesting                        0x2000006c   Data           4  port.o(.data)
    ulMaxPRIGROUPValue                       0x20000070   Data           4  port.o(.data)
    .data                                    0x20000074   Section       27  imu.o(.data)
    read_index                               0x20000074   Data           2  imu.o(.data)
    .data                                    0x20000090   Section       68  motor_command.o(.data)
    LB_speedptr                              0x20000094   Data           4  motor_command.o(.data)
    LF_speedptr                              0x20000098   Data           4  motor_command.o(.data)
    RB_speedptr                              0x2000009c   Data           4  motor_command.o(.data)
    RF_speedptr                              0x200000a0   Data           4  motor_command.o(.data)
    LB_postionptr                            0x200000a4   Data           4  motor_command.o(.data)
    LF_postionptr                            0x200000a8   Data           4  motor_command.o(.data)
    RB_postionptr                            0x200000ac   Data           4  motor_command.o(.data)
    RF_postionptr                            0x200000b0   Data           4  motor_command.o(.data)
    .data                                    0x200000d4   Section        8  start_task.o(.data)
    .bss                                     0x200000dc   Section      596  freertos.o(.bss)
    xIdleTaskTCBBuffer                       0x200000dc   Data          84  freertos.o(.bss)
    xIdleStack                               0x20000130   Data         512  freertos.o(.bss)
    .bss                                     0x20000330   Section       76  tim.o(.bss)
    .bss                                     0x2000037c   Section      464  usart.o(.bss)
    .bss                                     0x2000054c   Section       76  stm32f7xx_hal_timebase_tim.o(.bss)
    .bss                                     0x20000598   Section      240  tasks.o(.bss)
    pxReadyTasksLists                        0x20000598   Data         140  tasks.o(.bss)
    xDelayedTaskList1                        0x20000624   Data          20  tasks.o(.bss)
    xDelayedTaskList2                        0x20000638   Data          20  tasks.o(.bss)
    xPendingReadyList                        0x2000064c   Data          20  tasks.o(.bss)
    xTasksWaitingTermination                 0x20000660   Data          20  tasks.o(.bss)
    xSuspendedTaskList                       0x20000674   Data          20  tasks.o(.bss)
    .bss                                     0x20000688   Section    15360  heap_4.o(.bss)
    ucHeap                                   0x20000688   Data       15360  heap_4.o(.bss)
    .bss                                     0x20004288   Section      140  imu.o(.bss)
    imu_buffer                               0x20004294   Data         128  imu.o(.bss)
    .bss                                     0x20004314   Section       44  imu_control.o(.bss)
    .bss                                     0x20004340   Section      456  motor_command.o(.bss)
    RX_data                                  0x20004340   Data         128  motor_command.o(.bss)
    LB_send                                  0x200043cc   Data          15  motor_command.o(.bss)
    LF_send                                  0x200043db   Data          15  motor_command.o(.bss)
    RB_send                                  0x200043ea   Data          15  motor_command.o(.bss)
    RF_send                                  0x200043f9   Data          15  motor_command.o(.bss)
    rx_buff1                                 0x20004408   Data         128  motor_command.o(.bss)
    rx_buff2                                 0x20004488   Data         128  motor_command.o(.bss)
    .bss                                     0x20004508   Section       96  libspace.o(.bss)
    HEAP                                     0x20004568   Section      512  startup_stm32f750xx.o(HEAP)
    Heap_Mem                                 0x20004568   Data         512  startup_stm32f750xx.o(HEAP)
    STACK                                    0x20004768   Section     1024  startup_stm32f750xx.o(STACK)
    Stack_Mem                                0x20004768   Data        1024  startup_stm32f750xx.o(STACK)
    __initial_sp                             0x20004b68   Data           0  startup_stm32f750xx.o(STACK)

    Global Symbols

    Symbol Name                              Value     Ov Type        Size  Object(Section)

    BuildAttributes$$THM_ISAv4$E$P$D$K$B$S$7EM$VFPi5$EXTD16$VFPS$VFMA$PE$PLD8$A:L22UL41UL21$X:L11$S22US41US21$IEEE1$IW$USESV6$~STKCKD$USESV7$~SHL$OSPACE$ROPI$EBA8$UX$STANDARDLIB$REQ8$PRES8$EABIv2 0x00000000   Number         0  anon$$obj.o ABSOLUTE
    __ARM_use_no_argv                        0x00000000   Number         0  main.o ABSOLUTE
    __ARM_exceptions_init                     - Undefined Weak Reference
    __alloca_initialize                       - Undefined Weak Reference
    __arm_preinit_                            - Undefined Weak Reference
    __cpp_initialize__aeabi_                  - Undefined Weak Reference
    __cxa_finalize                            - Undefined Weak Reference
    __rt_locale                               - Undefined Weak Reference
    __sigvec_lookup                           - Undefined Weak Reference
    _atexit_init                              - Undefined Weak Reference
    _call_atexit_fns                          - Undefined Weak Reference
    _clock_init                               - Undefined Weak Reference
    _fp_trap_init                             - Undefined Weak Reference
    _fp_trap_shutdown                         - Undefined Weak Reference
    _get_lc_collate                           - Undefined Weak Reference
    _get_lc_ctype                             - Undefined Weak Reference
    _get_lc_monetary                          - Undefined Weak Reference
    _get_lc_numeric                           - Undefined Weak Reference
    _get_lc_time                              - Undefined Weak Reference
    _getenv_init                              - Undefined Weak Reference
    _handle_redirection                       - Undefined Weak Reference
    _init_alloc                               - Undefined Weak Reference
    _init_user_alloc                          - Undefined Weak Reference
    _initio                                   - Undefined Weak Reference
    _rand_init                                - Undefined Weak Reference
    _signal_finish                            - Undefined Weak Reference
    _signal_init                              - Undefined Weak Reference
    _terminate_alloc                          - Undefined Weak Reference
    _terminate_user_alloc                     - Undefined Weak Reference
    _terminateio                              - Undefined Weak Reference
    __Vectors_Size                           0x000001c8   Number         0  startup_stm32f750xx.o ABSOLUTE
    __Vectors                                0x08000000   Data           4  startup_stm32f750xx.o(RESET)
    __Vectors_End                            0x080001c8   Data           0  startup_stm32f750xx.o(RESET)
    __main                                   0x080001c9   Thumb Code     8  __main.o(!!!main)
    __scatterload                            0x080001d1   Thumb Code     0  __scatter.o(!!!scatter)
    __scatterload_rt2                        0x080001d1   Thumb Code    44  __scatter.o(!!!scatter)
    __scatterload_rt2_thumb_only             0x080001d1   Thumb Code     0  __scatter.o(!!!scatter)
    __scatterload_null                       0x080001df   Thumb Code     0  __scatter.o(!!!scatter)
    __scatterload_copy                       0x08000205   Thumb Code    26  __scatter_copy.o(!!handler_copy)
    __scatterload_zeroinit                   0x08000221   Thumb Code    28  __scatter_zi.o(!!handler_zi)
    __rt_lib_init                            0x0800023d   Thumb Code     0  libinit.o(.ARM.Collect$$libinit$$00000000)
    __rt_lib_init_fp_1                       0x0800023f   Thumb Code     0  libinit2.o(.ARM.Collect$$libinit$$00000001)
    __rt_lib_init_alloca_1                   0x08000243   Thumb Code     0  libinit2.o(.ARM.Collect$$libinit$$0000002E)
    __rt_lib_init_argv_1                     0x08000243   Thumb Code     0  libinit2.o(.ARM.Collect$$libinit$$0000002C)
    __rt_lib_init_atexit_1                   0x08000243   Thumb Code     0  libinit2.o(.ARM.Collect$$libinit$$0000001B)
    __rt_lib_init_clock_1                    0x08000243   Thumb Code     0  libinit2.o(.ARM.Collect$$libinit$$00000021)
    __rt_lib_init_cpp_1                      0x08000243   Thumb Code     0  libinit2.o(.ARM.Collect$$libinit$$00000032)
    __rt_lib_init_exceptions_1               0x08000243   Thumb Code     0  libinit2.o(.ARM.Collect$$libinit$$00000030)
    __rt_lib_init_fp_trap_1                  0x08000243   Thumb Code     0  libinit2.o(.ARM.Collect$$libinit$$0000001F)
    __rt_lib_init_getenv_1                   0x08000243   Thumb Code     0  libinit2.o(.ARM.Collect$$libinit$$00000023)
    __rt_lib_init_heap_1                     0x08000243   Thumb Code     0  libinit2.o(.ARM.Collect$$libinit$$0000000A)
    __rt_lib_init_lc_collate_1               0x08000243   Thumb Code     0  libinit2.o(.ARM.Collect$$libinit$$00000011)
    __rt_lib_init_lc_ctype_1                 0x08000243   Thumb Code     0  libinit2.o(.ARM.Collect$$libinit$$00000013)
    __rt_lib_init_lc_monetary_1              0x08000243   Thumb Code     0  libinit2.o(.ARM.Collect$$libinit$$00000015)
    __rt_lib_init_lc_numeric_1               0x08000243   Thumb Code     0  libinit2.o(.ARM.Collect$$libinit$$00000017)
    __rt_lib_init_lc_time_1                  0x08000243   Thumb Code     0  libinit2.o(.ARM.Collect$$libinit$$00000019)
    __rt_lib_init_preinit_1                  0x08000243   Thumb Code     0  libinit2.o(.ARM.Collect$$libinit$$00000004)
    __rt_lib_init_rand_1                     0x08000243   Thumb Code     0  libinit2.o(.ARM.Collect$$libinit$$0000000E)
    __rt_lib_init_return                     0x08000243   Thumb Code     0  libinit2.o(.ARM.Collect$$libinit$$00000033)
    __rt_lib_init_signal_1                   0x08000243   Thumb Code     0  libinit2.o(.ARM.Collect$$libinit$$0000001D)
    __rt_lib_init_stdio_1                    0x08000243   Thumb Code     0  libinit2.o(.ARM.Collect$$libinit$$00000025)
    __rt_lib_init_user_alloc_1               0x08000243   Thumb Code     0  libinit2.o(.ARM.Collect$$libinit$$0000000C)
    __rt_lib_shutdown                        0x08000245   Thumb Code     0  libshutdown.o(.ARM.Collect$$libshutdown$$00000000)
    __rt_lib_shutdown_cpp_1                  0x08000247   Thumb Code     0  libshutdown2.o(.ARM.Collect$$libshutdown$$00000002)
    __rt_lib_shutdown_fp_trap_1              0x08000247   Thumb Code     0  libshutdown2.o(.ARM.Collect$$libshutdown$$00000007)
    __rt_lib_shutdown_heap_1                 0x08000247   Thumb Code     0  libshutdown2.o(.ARM.Collect$$libshutdown$$0000000F)
    __rt_lib_shutdown_return                 0x08000247   Thumb Code     0  libshutdown2.o(.ARM.Collect$$libshutdown$$00000010)
    __rt_lib_shutdown_signal_1               0x08000247   Thumb Code     0  libshutdown2.o(.ARM.Collect$$libshutdown$$0000000A)
    __rt_lib_shutdown_stdio_1                0x08000247   Thumb Code     0  libshutdown2.o(.ARM.Collect$$libshutdown$$00000004)
    __rt_lib_shutdown_user_alloc_1           0x08000247   Thumb Code     0  libshutdown2.o(.ARM.Collect$$libshutdown$$0000000C)
    __rt_entry                               0x08000249   Thumb Code     0  __rtentry.o(.ARM.Collect$$rtentry$$00000000)
    __rt_entry_presh_1                       0x08000249   Thumb Code     0  __rtentry2.o(.ARM.Collect$$rtentry$$00000002)
    __rt_entry_sh                            0x08000249   Thumb Code     0  __rtentry4.o(.ARM.Collect$$rtentry$$00000004)
    __rt_entry_li                            0x0800024f   Thumb Code     0  __rtentry2.o(.ARM.Collect$$rtentry$$0000000A)
    __rt_entry_postsh_1                      0x0800024f   Thumb Code     0  __rtentry2.o(.ARM.Collect$$rtentry$$00000009)
    __rt_entry_main                          0x08000253   Thumb Code     0  __rtentry2.o(.ARM.Collect$$rtentry$$0000000D)
    __rt_entry_postli_1                      0x08000253   Thumb Code     0  __rtentry2.o(.ARM.Collect$$rtentry$$0000000C)
    __rt_exit                                0x0800025b   Thumb Code     0  rtexit.o(.ARM.Collect$$rtexit$$00000000)
    __rt_exit_ls                             0x0800025d   Thumb Code     0  rtexit2.o(.ARM.Collect$$rtexit$$00000003)
    __rt_exit_prels_1                        0x0800025d   Thumb Code     0  rtexit2.o(.ARM.Collect$$rtexit$$00000002)
    __rt_exit_exit                           0x08000261   Thumb Code     0  rtexit2.o(.ARM.Collect$$rtexit$$00000004)
    SVC_Handler                              0x08000269   Thumb Code    28  port.o(.emb_text)
    __asm___6_port_c_39a90d8d__prvStartFirstTask 0x08000289   Thumb Code    36  port.o(.emb_text)
    __asm___6_port_c_39a90d8d__prvEnableVFP  0x080002b1   Thumb Code    16  port.o(.emb_text)
    PendSV_Handler                           0x080002c5   Thumb Code    92  port.o(.emb_text)
    vPortGetIPSR                             0x08000325   Thumb Code     6  port.o(.emb_text)
    Reset_Handler                            0x0800032d   Thumb Code     8  startup_stm32f750xx.o(.text)
    ADC_IRQHandler                           0x08000347   Thumb Code     0  startup_stm32f750xx.o(.text)
    CAN1_RX0_IRQHandler                      0x08000347   Thumb Code     0  startup_stm32f750xx.o(.text)
    CAN1_RX1_IRQHandler                      0x08000347   Thumb Code     0  startup_stm32f750xx.o(.text)
    CAN1_SCE_IRQHandler                      0x08000347   Thumb Code     0  startup_stm32f750xx.o(.text)
    CAN1_TX_IRQHandler                       0x08000347   Thumb Code     0  startup_stm32f750xx.o(.text)
    CAN2_RX0_IRQHandler                      0x08000347   Thumb Code     0  startup_stm32f750xx.o(.text)
    CAN2_RX1_IRQHandler                      0x08000347   Thumb Code     0  startup_stm32f750xx.o(.text)
    CAN2_SCE_IRQHandler                      0x08000347   Thumb Code     0  startup_stm32f750xx.o(.text)
    CAN2_TX_IRQHandler                       0x08000347   Thumb Code     0  startup_stm32f750xx.o(.text)
    CEC_IRQHandler                           0x08000347   Thumb Code     0  startup_stm32f750xx.o(.text)
    CRYP_IRQHandler                          0x08000347   Thumb Code     0  startup_stm32f750xx.o(.text)
    DCMI_IRQHandler                          0x08000347   Thumb Code     0  startup_stm32f750xx.o(.text)
    DMA1_Stream0_IRQHandler                  0x08000347   Thumb Code     0  startup_stm32f750xx.o(.text)
    DMA1_Stream2_IRQHandler                  0x08000347   Thumb Code     0  startup_stm32f750xx.o(.text)
    DMA1_Stream3_IRQHandler                  0x08000347   Thumb Code     0  startup_stm32f750xx.o(.text)
    DMA1_Stream4_IRQHandler                  0x08000347   Thumb Code     0  startup_stm32f750xx.o(.text)
    DMA1_Stream6_IRQHandler                  0x08000347   Thumb Code     0  startup_stm32f750xx.o(.text)
    DMA1_Stream7_IRQHandler                  0x08000347   Thumb Code     0  startup_stm32f750xx.o(.text)
    DMA2D_IRQHandler                         0x08000347   Thumb Code     0  startup_stm32f750xx.o(.text)
    DMA2_Stream0_IRQHandler                  0x08000347   Thumb Code     0  startup_stm32f750xx.o(.text)
    DMA2_Stream1_IRQHandler                  0x08000347   Thumb Code     0  startup_stm32f750xx.o(.text)
    DMA2_Stream2_IRQHandler                  0x08000347   Thumb Code     0  startup_stm32f750xx.o(.text)
    DMA2_Stream3_IRQHandler                  0x08000347   Thumb Code     0  startup_stm32f750xx.o(.text)
    DMA2_Stream4_IRQHandler                  0x08000347   Thumb Code     0  startup_stm32f750xx.o(.text)
    DMA2_Stream5_IRQHandler                  0x08000347   Thumb Code     0  startup_stm32f750xx.o(.text)
    DMA2_Stream6_IRQHandler                  0x08000347   Thumb Code     0  startup_stm32f750xx.o(.text)
    DMA2_Stream7_IRQHandler                  0x08000347   Thumb Code     0  startup_stm32f750xx.o(.text)
    ETH_IRQHandler                           0x08000347   Thumb Code     0  startup_stm32f750xx.o(.text)
    ETH_WKUP_IRQHandler                      0x08000347   Thumb Code     0  startup_stm32f750xx.o(.text)
    EXTI0_IRQHandler                         0x08000347   Thumb Code     0  startup_stm32f750xx.o(.text)
    EXTI15_10_IRQHandler                     0x08000347   Thumb Code     0  startup_stm32f750xx.o(.text)
    EXTI1_IRQHandler                         0x08000347   Thumb Code     0  startup_stm32f750xx.o(.text)
    EXTI2_IRQHandler                         0x08000347   Thumb Code     0  startup_stm32f750xx.o(.text)
    EXTI3_IRQHandler                         0x08000347   Thumb Code     0  startup_stm32f750xx.o(.text)
    EXTI4_IRQHandler                         0x08000347   Thumb Code     0  startup_stm32f750xx.o(.text)
    EXTI9_5_IRQHandler                       0x08000347   Thumb Code     0  startup_stm32f750xx.o(.text)
    FLASH_IRQHandler                         0x08000347   Thumb Code     0  startup_stm32f750xx.o(.text)
    FMC_IRQHandler                           0x08000347   Thumb Code     0  startup_stm32f750xx.o(.text)
    FPU_IRQHandler                           0x08000347   Thumb Code     0  startup_stm32f750xx.o(.text)
    HASH_RNG_IRQHandler                      0x08000347   Thumb Code     0  startup_stm32f750xx.o(.text)
    I2C1_ER_IRQHandler                       0x08000347   Thumb Code     0  startup_stm32f750xx.o(.text)
    I2C1_EV_IRQHandler                       0x08000347   Thumb Code     0  startup_stm32f750xx.o(.text)
    I2C2_ER_IRQHandler                       0x08000347   Thumb Code     0  startup_stm32f750xx.o(.text)
    I2C2_EV_IRQHandler                       0x08000347   Thumb Code     0  startup_stm32f750xx.o(.text)
    I2C3_ER_IRQHandler                       0x08000347   Thumb Code     0  startup_stm32f750xx.o(.text)
    I2C3_EV_IRQHandler                       0x08000347   Thumb Code     0  startup_stm32f750xx.o(.text)
    I2C4_ER_IRQHandler                       0x08000347   Thumb Code     0  startup_stm32f750xx.o(.text)
    I2C4_EV_IRQHandler                       0x08000347   Thumb Code     0  startup_stm32f750xx.o(.text)
    LPTIM1_IRQHandler                        0x08000347   Thumb Code     0  startup_stm32f750xx.o(.text)
    LTDC_ER_IRQHandler                       0x08000347   Thumb Code     0  startup_stm32f750xx.o(.text)
    LTDC_IRQHandler                          0x08000347   Thumb Code     0  startup_stm32f750xx.o(.text)
    OTG_FS_IRQHandler                        0x08000347   Thumb Code     0  startup_stm32f750xx.o(.text)
    OTG_FS_WKUP_IRQHandler                   0x08000347   Thumb Code     0  startup_stm32f750xx.o(.text)
    OTG_HS_EP1_IN_IRQHandler                 0x08000347   Thumb Code     0  startup_stm32f750xx.o(.text)
    OTG_HS_EP1_OUT_IRQHandler                0x08000347   Thumb Code     0  startup_stm32f750xx.o(.text)
    OTG_HS_IRQHandler                        0x08000347   Thumb Code     0  startup_stm32f750xx.o(.text)
    OTG_HS_WKUP_IRQHandler                   0x08000347   Thumb Code     0  startup_stm32f750xx.o(.text)
    PVD_IRQHandler                           0x08000347   Thumb Code     0  startup_stm32f750xx.o(.text)
    QUADSPI_IRQHandler                       0x08000347   Thumb Code     0  startup_stm32f750xx.o(.text)
    RCC_IRQHandler                           0x08000347   Thumb Code     0  startup_stm32f750xx.o(.text)
    RTC_Alarm_IRQHandler                     0x08000347   Thumb Code     0  startup_stm32f750xx.o(.text)
    RTC_WKUP_IRQHandler                      0x08000347   Thumb Code     0  startup_stm32f750xx.o(.text)
    SAI1_IRQHandler                          0x08000347   Thumb Code     0  startup_stm32f750xx.o(.text)
    SAI2_IRQHandler                          0x08000347   Thumb Code     0  startup_stm32f750xx.o(.text)
    SDMMC1_IRQHandler                        0x08000347   Thumb Code     0  startup_stm32f750xx.o(.text)
    SPDIF_RX_IRQHandler                      0x08000347   Thumb Code     0  startup_stm32f750xx.o(.text)
    SPI1_IRQHandler                          0x08000347   Thumb Code     0  startup_stm32f750xx.o(.text)
    SPI2_IRQHandler                          0x08000347   Thumb Code     0  startup_stm32f750xx.o(.text)
    SPI3_IRQHandler                          0x08000347   Thumb Code     0  startup_stm32f750xx.o(.text)
    SPI4_IRQHandler                          0x08000347   Thumb Code     0  startup_stm32f750xx.o(.text)
    SPI5_IRQHandler                          0x08000347   Thumb Code     0  startup_stm32f750xx.o(.text)
    SPI6_IRQHandler                          0x08000347   Thumb Code     0  startup_stm32f750xx.o(.text)
    TAMP_STAMP_IRQHandler                    0x08000347   Thumb Code     0  startup_stm32f750xx.o(.text)
    TIM1_BRK_TIM9_IRQHandler                 0x08000347   Thumb Code     0  startup_stm32f750xx.o(.text)
    TIM1_CC_IRQHandler                       0x08000347   Thumb Code     0  startup_stm32f750xx.o(.text)
    TIM1_TRG_COM_TIM11_IRQHandler            0x08000347   Thumb Code     0  startup_stm32f750xx.o(.text)
    TIM1_UP_TIM10_IRQHandler                 0x08000347   Thumb Code     0  startup_stm32f750xx.o(.text)
    TIM2_IRQHandler                          0x08000347   Thumb Code     0  startup_stm32f750xx.o(.text)
    TIM3_IRQHandler                          0x08000347   Thumb Code     0  startup_stm32f750xx.o(.text)
    TIM4_IRQHandler                          0x08000347   Thumb Code     0  startup_stm32f750xx.o(.text)
    TIM5_IRQHandler                          0x08000347   Thumb Code     0  startup_stm32f750xx.o(.text)
    TIM7_IRQHandler                          0x08000347   Thumb Code     0  startup_stm32f750xx.o(.text)
    TIM8_BRK_TIM12_IRQHandler                0x08000347   Thumb Code     0  startup_stm32f750xx.o(.text)
    TIM8_CC_IRQHandler                       0x08000347   Thumb Code     0  startup_stm32f750xx.o(.text)
    TIM8_UP_TIM13_IRQHandler                 0x08000347   Thumb Code     0  startup_stm32f750xx.o(.text)
    UART4_IRQHandler                         0x08000347   Thumb Code     0  startup_stm32f750xx.o(.text)
    UART5_IRQHandler                         0x08000347   Thumb Code     0  startup_stm32f750xx.o(.text)
    UART7_IRQHandler                         0x08000347   Thumb Code     0  startup_stm32f750xx.o(.text)
    UART8_IRQHandler                         0x08000347   Thumb Code     0  startup_stm32f750xx.o(.text)
    USART1_IRQHandler                        0x08000347   Thumb Code     0  startup_stm32f750xx.o(.text)
    USART6_IRQHandler                        0x08000347   Thumb Code     0  startup_stm32f750xx.o(.text)
    WWDG_IRQHandler                          0x08000347   Thumb Code     0  startup_stm32f750xx.o(.text)
    __user_initial_stackheap                 0x08000349   Thumb Code     0  startup_stm32f750xx.o(.text)
    __aeabi_uldivmod                         0x0800036d   Thumb Code     0  lludivv7m.o(.text)
    _ll_udiv                                 0x0800036d   Thumb Code   238  lludivv7m.o(.text)
    __aeabi_memcpy                           0x0800045b   Thumb Code     0  rt_memcpy_v6.o(.text)
    __rt_memcpy                              0x0800045b   Thumb Code   138  rt_memcpy_v6.o(.text)
    _memcpy_lastbytes                        0x080004c1   Thumb Code     0  rt_memcpy_v6.o(.text)
    __aeabi_memcpy4                          0x080004e5   Thumb Code     0  rt_memcpy_w.o(.text)
    __aeabi_memcpy8                          0x080004e5   Thumb Code     0  rt_memcpy_w.o(.text)
    __rt_memcpy_w                            0x080004e5   Thumb Code   100  rt_memcpy_w.o(.text)
    _memcpy_lastbytes_aligned                0x0800052d   Thumb Code     0  rt_memcpy_w.o(.text)
    __aeabi_memclr4                          0x08000549   Thumb Code     0  rt_memclr_w.o(.text)
    __aeabi_memclr8                          0x08000549   Thumb Code     0  rt_memclr_w.o(.text)
    __rt_memclr_w                            0x08000549   Thumb Code    78  rt_memclr_w.o(.text)
    _memset_w                                0x0800054d   Thumb Code     0  rt_memclr_w.o(.text)
    __use_two_region_memory                  0x08000597   Thumb Code     2  heapauxi.o(.text)
    __rt_heap_escrow$2region                 0x08000599   Thumb Code     2  heapauxi.o(.text)
    __rt_heap_expand$2region                 0x0800059b   Thumb Code     2  heapauxi.o(.text)
    __user_setup_stackheap                   0x0800059d   Thumb Code    74  sys_stackheap_outer.o(.text)
    exit                                     0x080005e7   Thumb Code    18  exit.o(.text)
    __user_libspace                          0x080005f9   Thumb Code     8  libspace.o(.text)
    __user_perproc_libspace                  0x080005f9   Thumb Code     0  libspace.o(.text)
    __user_perthread_libspace                0x080005f9   Thumb Code     0  libspace.o(.text)
    _sys_exit                                0x08000601   Thumb Code     8  sys_exit.o(.text)
    __I$use$semihosting                      0x0800060d   Thumb Code     0  use_no_semi.o(.text)
    __use_no_semihosting_swi                 0x0800060d   Thumb Code     2  use_no_semi.o(.text)
    BusFault_Handler                         0x0800060f   Thumb Code     2  stm32f7xx_it.o(i.BusFault_Handler)
    __semihosting_library_function           0x0800060f   Thumb Code     0  indicate_semi.o(.text)
    DMA1_Stream1_IRQHandler                  0x08000611   Thumb Code     6  stm32f7xx_it.o(i.DMA1_Stream1_IRQHandler)
    DMA1_Stream5_IRQHandler                  0x0800061d   Thumb Code     6  stm32f7xx_it.o(i.DMA1_Stream5_IRQHandler)
    DebugMon_Handler                         0x080006cd   Thumb Code     2  stm32f7xx_it.o(i.DebugMon_Handler)
    Delay_Init                               0x080006d1   Thumb Code    22  delay.o(i.Delay_Init)
    Error_Handler                            0x080006ed   Thumb Code     4  main.o(i.Error_Handler)
    Gyro_Init                                0x080006f1   Thumb Code    36  imu_control.o(i.Gyro_Init)
    HAL_DMA_Abort                            0x08000729   Thumb Code   146  stm32f7xx_hal_dma.o(i.HAL_DMA_Abort)
    HAL_DMA_Abort_IT                         0x080007bb   Thumb Code    36  stm32f7xx_hal_dma.o(i.HAL_DMA_Abort_IT)
    HAL_DMA_GetError                         0x080007df   Thumb Code     4  stm32f7xx_hal_dma.o(i.HAL_DMA_GetError)
    HAL_DMA_IRQHandler                       0x080007e5   Thumb Code   412  stm32f7xx_hal_dma.o(i.HAL_DMA_IRQHandler)
    HAL_DMA_Init                             0x08000985   Thumb Code   222  stm32f7xx_hal_dma.o(i.HAL_DMA_Init)
    HAL_DMA_Start_IT                         0x08000a69   Thumb Code   122  stm32f7xx_hal_dma.o(i.HAL_DMA_Start_IT)
    HAL_GPIO_Init                            0x08000ae5   Thumb Code   530  stm32f7xx_hal_gpio.o(i.HAL_GPIO_Init)
    HAL_GetTick                              0x08000d2d   Thumb Code     6  stm32f7xx_hal.o(i.HAL_GetTick)
    HAL_IncTick                              0x08000d39   Thumb Code    12  stm32f7xx_hal.o(i.HAL_IncTick)
    HAL_Init                                 0x08000d49   Thumb Code    22  stm32f7xx_hal.o(i.HAL_Init)
    HAL_InitTick                             0x08000d61   Thumb Code   132  stm32f7xx_hal_timebase_tim.o(i.HAL_InitTick)
    HAL_MspInit                              0x08000df9   Thumb Code    52  stm32f7xx_hal_msp.o(i.HAL_MspInit)
    HAL_NVIC_EnableIRQ                       0x08000e31   Thumb Code    26  stm32f7xx_hal_cortex.o(i.HAL_NVIC_EnableIRQ)
    HAL_NVIC_SetPriority                     0x08000e4d   Thumb Code    60  stm32f7xx_hal_cortex.o(i.HAL_NVIC_SetPriority)
    HAL_NVIC_SetPriorityGrouping             0x08000e8d   Thumb Code    28  stm32f7xx_hal_cortex.o(i.HAL_NVIC_SetPriorityGrouping)
    HAL_PWREx_EnableOverDrive                0x08000eb1   Thumb Code   100  stm32f7xx_hal_pwr_ex.o(i.HAL_PWREx_EnableOverDrive)
    HAL_RCCEx_PeriphCLKConfig                0x08000f1d   Thumb Code  1276  stm32f7xx_hal_rcc_ex.o(i.HAL_RCCEx_PeriphCLKConfig)
    HAL_RCC_ClockConfig                      0x08001419   Thumb Code   284  stm32f7xx_hal_rcc.o(i.HAL_RCC_ClockConfig)
    HAL_RCC_GetClockConfig                   0x08001549   Thumb Code    56  stm32f7xx_hal_rcc.o(i.HAL_RCC_GetClockConfig)
    HAL_RCC_GetPCLK1Freq                     0x08001589   Thumb Code    20  stm32f7xx_hal_rcc.o(i.HAL_RCC_GetPCLK1Freq)
    HAL_RCC_GetPCLK2Freq                     0x080015a9   Thumb Code    20  stm32f7xx_hal_rcc.o(i.HAL_RCC_GetPCLK2Freq)
    HAL_RCC_GetSysClockFreq                  0x080015c9   Thumb Code    88  stm32f7xx_hal_rcc.o(i.HAL_RCC_GetSysClockFreq)
    HAL_RCC_OscConfig                        0x0800162d   Thumb Code   888  stm32f7xx_hal_rcc.o(i.HAL_RCC_OscConfig)
    HAL_TIMEx_Break2Callback                 0x080019b1   Thumb Code     2  stm32f7xx_hal_tim_ex.o(i.HAL_TIMEx_Break2Callback)
    HAL_TIMEx_BreakCallback                  0x080019b3   Thumb Code     2  stm32f7xx_hal_tim_ex.o(i.HAL_TIMEx_BreakCallback)
    HAL_TIMEx_CommutCallback                 0x080019b5   Thumb Code     2  stm32f7xx_hal_tim_ex.o(i.HAL_TIMEx_CommutCallback)
    HAL_TIMEx_MasterConfigSynchronization    0x080019b9   Thumb Code   134  stm32f7xx_hal_tim_ex.o(i.HAL_TIMEx_MasterConfigSynchronization)
    HAL_TIM_Base_Init                        0x08001a5d   Thumb Code    98  stm32f7xx_hal_tim.o(i.HAL_TIM_Base_Init)
    HAL_TIM_Base_MspInit                     0x08001ac1   Thumb Code    50  tim.o(i.HAL_TIM_Base_MspInit)
    HAL_TIM_Base_Start                       0x08001afd   Thumb Code    96  stm32f7xx_hal_tim.o(i.HAL_TIM_Base_Start)
    HAL_TIM_Base_Start_IT                    0x08001b7d   Thumb Code   106  stm32f7xx_hal_tim.o(i.HAL_TIM_Base_Start_IT)
    HAL_TIM_IC_CaptureCallback               0x08001c09   Thumb Code     2  stm32f7xx_hal_tim.o(i.HAL_TIM_IC_CaptureCallback)
    HAL_TIM_IRQHandler                       0x08001c0b   Thumb Code   328  stm32f7xx_hal_tim.o(i.HAL_TIM_IRQHandler)
    HAL_TIM_OC_DelayElapsedCallback          0x08001d53   Thumb Code     2  stm32f7xx_hal_tim.o(i.HAL_TIM_OC_DelayElapsedCallback)
    HAL_TIM_PWM_PulseFinishedCallback        0x08001d55   Thumb Code     2  stm32f7xx_hal_tim.o(i.HAL_TIM_PWM_PulseFinishedCallback)
    HAL_TIM_PeriodElapsedCallback            0x08001d59   Thumb Code    14  main.o(i.HAL_TIM_PeriodElapsedCallback)
    HAL_TIM_TriggerCallback                  0x08001d6d   Thumb Code     2  stm32f7xx_hal_tim.o(i.HAL_TIM_TriggerCallback)
    HAL_UARTEx_ReceiveToIdle_DMA             0x08001d6f   Thumb Code    74  stm32f7xx_hal_uart_ex.o(i.HAL_UARTEx_ReceiveToIdle_DMA)
    HAL_UARTEx_RxEventCallback               0x08001db9   Thumb Code    14  mynvic.o(i.HAL_UARTEx_RxEventCallback)
    HAL_UART_DMAStop                         0x08001dcd   Thumb Code   140  stm32f7xx_hal_uart.o(i.HAL_UART_DMAStop)
    HAL_UART_ErrorCallback                   0x08001e59   Thumb Code     2  stm32f7xx_hal_uart.o(i.HAL_UART_ErrorCallback)
    HAL_UART_IRQHandler                      0x08001e5d   Thumb Code   670  stm32f7xx_hal_uart.o(i.HAL_UART_IRQHandler)
    HAL_UART_Init                            0x08002105   Thumb Code   102  stm32f7xx_hal_uart.o(i.HAL_UART_Init)
    HAL_UART_MspInit                         0x0800216d   Thumb Code   336  usart.o(i.HAL_UART_MspInit)
    HAL_UART_Receive_DMA                     0x080022d9   Thumb Code    60  stm32f7xx_hal_uart.o(i.HAL_UART_Receive_DMA)
    HAL_UART_RxCpltCallback                  0x08002315   Thumb Code     2  stm32f7xx_hal_uart.o(i.HAL_UART_RxCpltCallback)
    HAL_UART_RxHalfCpltCallback              0x08002317   Thumb Code     2  stm32f7xx_hal_uart.o(i.HAL_UART_RxHalfCpltCallback)
    HAL_UART_TxCpltCallback                  0x08002319   Thumb Code     2  stm32f7xx_hal_uart.o(i.HAL_UART_TxCpltCallback)
    HardFault_Handler                        0x0800231b   Thumb Code     2  stm32f7xx_it.o(i.HardFault_Handler)
    IMU_Receive_Init                         0x0800231d   Thumb Code    56  imu.o(i.IMU_Receive_Init)
    Init_Task                                0x08002361   Thumb Code    16  start_task.o(i.Init_Task)
    Init_Task_Create                         0x08002371   Thumb Code    26  start_task.o(i.Init_Task_Create)
    MX_DMA_Init                              0x080023a1   Thumb Code    56  dma.o(i.MX_DMA_Init)
    MX_FREERTOS_Init                         0x080023dd   Thumb Code    34  freertos.o(i.MX_FREERTOS_Init)
    MX_GPIO_Init                             0x08002409   Thumb Code    54  gpio.o(i.MX_GPIO_Init)
    MX_TIM6_Init                             0x08002445   Thumb Code    64  tim.o(i.MX_TIM6_Init)
    MX_USART2_UART_Init                      0x0800248d   Thumb Code    52  usart.o(i.MX_USART2_UART_Init)
    MX_USART3_UART_Init                      0x080024c9   Thumb Code    52  usart.o(i.MX_USART3_UART_Init)
    MemManage_Handler                        0x08002505   Thumb Code     2  stm32f7xx_it.o(i.MemManage_Handler)
    Motor_FinishFlag_Exam                    0x08002509   Thumb Code    68  motor_command.o(i.Motor_FinishFlag_Exam)
    My_UART3_IRQHandler                      0x08002555   Thumb Code    22  motor_command.o(i.My_UART3_IRQHandler)
    NMI_Handler                              0x08002575   Thumb Code     2  stm32f7xx_it.o(i.NMI_Handler)
    PID_init                                 0x08002579   Thumb Code    34  pid.o(i.PID_init)
    RingBuffer_GetCount                      0x080025a5   Thumb Code    22  imu.o(i.RingBuffer_GetCount)
    RingBuffer_Peek                          0x080025c1   Thumb Code    16  imu.o(i.RingBuffer_Peek)
    StartDefaultTask                         0x080025d9   Thumb Code     8  freertos.o(i.StartDefaultTask)
    Start_Task                               0x080025e1   Thumb Code    24  start_task.o(i.Start_Task)
    Start_Task_Create                        0x080025f9   Thumb Code    26  start_task.o(i.Start_Task_Create)
    SysTick_Handler                          0x08002629   Thumb Code    42  port.o(i.SysTick_Handler)
    SystemClock_Config                       0x08002659   Thumb Code   150  main.o(i.SystemClock_Config)
    SystemInit                               0x080026f9   Thumb Code    12  system_stm32f7xx.o(i.SystemInit)
    TIM6_DAC_IRQHandler                      0x08002709   Thumb Code     6  stm32f7xx_it.o(i.TIM6_DAC_IRQHandler)
    TIM8_TRG_COM_TIM14_IRQHandler            0x08002715   Thumb Code     6  stm32f7xx_it.o(i.TIM8_TRG_COM_TIM14_IRQHandler)
    TIM_Base_SetConfig                       0x08002721   Thumb Code   166  stm32f7xx_hal_tim.o(i.TIM_Base_SetConfig)
    UART_AdvFeatureConfig                    0x080027f5   Thumb Code   200  stm32f7xx_hal_uart.o(i.UART_AdvFeatureConfig)
    UART_CheckIdleState                      0x080028bd   Thumb Code    90  stm32f7xx_hal_uart.o(i.UART_CheckIdleState)
    UART_SetConfig                           0x08002ab1   Thumb Code   516  stm32f7xx_hal_uart.o(i.UART_SetConfig)
    UART_Start_Receive_DMA                   0x08002ce1   Thumb Code   146  stm32f7xx_hal_uart.o(i.UART_Start_Receive_DMA)
    UART_WaitOnFlagUntilTimeout              0x08002d81   Thumb Code   148  stm32f7xx_hal_uart.o(i.UART_WaitOnFlagUntilTimeout)
    USART2_IRQHandler                        0x08002e15   Thumb Code   200  imu.o(i.USART2_IRQHandler)
    USART3_IRQHandler                        0x08002efd   Thumb Code     6  stm32f7xx_it.o(i.USART3_IRQHandler)
    USART3_Process_data                      0x08002f09   Thumb Code   292  motor_command.o(i.USART3_Process_data)
    UsageFault_Handler                       0x08003039   Thumb Code     2  stm32f7xx_it.o(i.UsageFault_Handler)
    main                                     0x0800305d   Thumb Code    38  main.o(i.main)
    osDelay                                  0x08003091   Thumb Code    14  cmsis_os.o(i.osDelay)
    osKernelStart                            0x0800309f   Thumb Code    10  cmsis_os.o(i.osKernelStart)
    osThreadCreate                           0x080030a9   Thumb Code    84  cmsis_os.o(i.osThreadCreate)
    pvPortMalloc                             0x08003461   Thumb Code   232  heap_4.o(i.pvPortMalloc)
    pxPortInitialiseStack                    0x0800354d   Thumb Code    42  port.o(i.pxPortInitialiseStack)
    uxListRemove                             0x0800357d   Thumb Code    38  list.o(i.uxListRemove)
    vApplicationGetIdleTaskMemory            0x080035a5   Thumb Code    18  freertos.o(i.vApplicationGetIdleTaskMemory)
    vApplicationMallocFailedHook             0x080035bd   Thumb Code     2  freertos.o(i.vApplicationMallocFailedHook)
    vListInitialise                          0x080035bf   Thumb Code    22  list.o(i.vListInitialise)
    vListInitialiseItem                      0x080035d5   Thumb Code     6  list.o(i.vListInitialiseItem)
    vListInsert                              0x080035db   Thumb Code    48  list.o(i.vListInsert)
    vListInsertEnd                           0x0800360b   Thumb Code    24  list.o(i.vListInsertEnd)
    vPortEnterCritical                       0x08003625   Thumb Code    62  port.o(i.vPortEnterCritical)
    vPortExitCritical                        0x0800366d   Thumb Code    38  port.o(i.vPortExitCritical)
    vPortFree                                0x08003699   Thumb Code    96  heap_4.o(i.vPortFree)
    vPortSetupTimerInterrupt                 0x080036fd   Thumb Code    32  port.o(i.vPortSetupTimerInterrupt)
    vTaskDelay                               0x08003721   Thumb Code    70  tasks.o(i.vTaskDelay)
    vTaskDelete                              0x08003771   Thumb Code   162  tasks.o(i.vTaskDelete)
    vTaskStartScheduler                      0x08003821   Thumb Code    94  tasks.o(i.vTaskStartScheduler)
    vTaskSuspendAll                          0x08003891   Thumb Code    10  tasks.o(i.vTaskSuspendAll)
    vTaskSwitchContext                       0x080038a1   Thumb Code    86  tasks.o(i.vTaskSwitchContext)
    xPortStartScheduler                      0x08003901   Thumb Code   176  port.o(i.xPortStartScheduler)
    xTaskCreate                              0x080039c1   Thumb Code    90  tasks.o(i.xTaskCreate)
    xTaskCreateStatic                        0x08003a1b   Thumb Code    94  tasks.o(i.xTaskCreateStatic)
    xTaskIncrementTick                       0x08003a79   Thumb Code   196  tasks.o(i.xTaskIncrementTick)
    xTaskResumeAll                           0x08003b45   Thumb Code   188  tasks.o(i.xTaskResumeAll)
    _fp_init                                 0x08003c0d   Thumb Code    10  fpinit.o(x$fpl$fpinit)
    __fplib_config_fpu_vfp                   0x08003c15   Thumb Code     0  fpinit.o(x$fpl$fpinit)
    __fplib_config_pureend_doubles           0x08003c15   Thumb Code     0  fpinit.o(x$fpl$fpinit)
    AHBPrescTable                            0x08003c3c   Data          16  system_stm32f7xx.o(.constdata)
    APBPrescTable                            0x08003c4c   Data           8  system_stm32f7xx.o(.constdata)
    Region$$Table$$Base                      0x08003c60   Number         0  anon$$obj.o(Region$$Table)
    Region$$Table$$Limit                     0x08003c80   Number         0  anon$$obj.o(Region$$Table)
    defaultTaskHandle                        0x20000000   Data           4  freertos.o(.data)
    uwTickFreq                               0x20000004   Data           1  stm32f7xx_hal.o(.data)
    uwTickPrio                               0x20000008   Data           4  stm32f7xx_hal.o(.data)
    uwTick                                   0x2000000c   Data           4  stm32f7xx_hal.o(.data)
    SystemCoreClock                          0x20000010   Data           4  system_stm32f7xx.o(.data)
    pxCurrentTCB                             0x20000014   Data           4  tasks.o(.data)
    unlock_register                          0x20000076   Data           5  imu.o(.data)
    reset_z_axis                             0x2000007b   Data           5  imu.o(.data)
    set_output_200Hz                         0x20000080   Data           5  imu.o(.data)
    set_baudrate_115200                      0x20000085   Data           5  imu.o(.data)
    save_settings                            0x2000008a   Data           5  imu.o(.data)
    motor_check                              0x20000090   Data           2  motor_command.o(.data)
    motor1                                   0x200000b4   Data           8  motor_command.o(.data)
    motor2                                   0x200000bc   Data           8  motor_command.o(.data)
    motor3                                   0x200000c4   Data           8  motor_command.o(.data)
    motor4                                   0x200000cc   Data           8  motor_command.o(.data)
    Start_Task_Handle                        0x200000d4   Data           4  start_task.o(.data)
    Init_Task_Handle                         0x200000d8   Data           4  start_task.o(.data)
    htim6                                    0x20000330   Data          76  tim.o(.bss)
    huart2                                   0x2000037c   Data         136  usart.o(.bss)
    huart3                                   0x20000404   Data         136  usart.o(.bss)
    hdma_usart2_rx                           0x2000048c   Data          96  usart.o(.bss)
    hdma_usart3_rx                           0x200004ec   Data          96  usart.o(.bss)
    htim14                                   0x2000054c   Data          76  stm32f7xx_hal_timebase_tim.o(.bss)
    imu                                      0x20004288   Data          12  imu.o(.bss)
    Gyro_PID                                 0x20004314   Data          32  imu_control.o(.bss)
    imu_run                                  0x20004334   Data          12  imu_control.o(.bss)
    car_setspeed                             0x200043c0   Data          12  motor_command.o(.bss)
    __libspace_start                         0x20004508   Data          96  libspace.o(.bss)
    __temporary_stack_top$libspace           0x20004568   Data           0  libspace.o(.bss)



==============================================================================

Memory Map of the image

  Image Entry point : 0x080001c9

  Load Region LR_IROM1 (Base: 0x08000000, Size: 0x00003d5c, Max: 0x00010000, ABSOLUTE)

    Execution Region ER_IROM1 (Exec base: 0x08000000, Load base: 0x08000000, Size: 0x00003c80, Max: 0x00010000, ABSOLUTE)

    Exec Addr    Load Addr    Size         Type   Attr      Idx    E Section Name        Object

    0x08000000   0x08000000   0x000001c8   Data   RO            3    RESET               startup_stm32f750xx.o
    0x080001c8   0x080001c8   0x00000008   Code   RO         5510  * !!!main             c_w.l(__main.o)
    0x080001d0   0x080001d0   0x00000034   Code   RO         5679    !!!scatter          c_w.l(__scatter.o)
    0x08000204   0x08000204   0x0000001a   Code   RO         5681    !!handler_copy      c_w.l(__scatter_copy.o)
    0x0800021e   0x0800021e   0x00000002   PAD
    0x08000220   0x08000220   0x0000001c   Code   RO         5683    !!handler_zi        c_w.l(__scatter_zi.o)
    0x0800023c   0x0800023c   0x00000002   Code   RO         5549    .ARM.Collect$$libinit$$00000000  c_w.l(libinit.o)
    0x0800023e   0x0800023e   0x00000004   Code   RO         5561    .ARM.Collect$$libinit$$00000001  c_w.l(libinit2.o)
    0x08000242   0x08000242   0x00000000   Code   RO         5564    .ARM.Collect$$libinit$$00000004  c_w.l(libinit2.o)
    0x08000242   0x08000242   0x00000000   Code   RO         5567    .ARM.Collect$$libinit$$0000000A  c_w.l(libinit2.o)
    0x08000242   0x08000242   0x00000000   Code   RO         5569    .ARM.Collect$$libinit$$0000000C  c_w.l(libinit2.o)
    0x08000242   0x08000242   0x00000000   Code   RO         5571    .ARM.Collect$$libinit$$0000000E  c_w.l(libinit2.o)
    0x08000242   0x08000242   0x00000000   Code   RO         5574    .ARM.Collect$$libinit$$00000011  c_w.l(libinit2.o)
    0x08000242   0x08000242   0x00000000   Code   RO         5576    .ARM.Collect$$libinit$$00000013  c_w.l(libinit2.o)
    0x08000242   0x08000242   0x00000000   Code   RO         5578    .ARM.Collect$$libinit$$00000015  c_w.l(libinit2.o)
    0x08000242   0x08000242   0x00000000   Code   RO         5580    .ARM.Collect$$libinit$$00000017  c_w.l(libinit2.o)
    0x08000242   0x08000242   0x00000000   Code   RO         5582    .ARM.Collect$$libinit$$00000019  c_w.l(libinit2.o)
    0x08000242   0x08000242   0x00000000   Code   RO         5584    .ARM.Collect$$libinit$$0000001B  c_w.l(libinit2.o)
    0x08000242   0x08000242   0x00000000   Code   RO         5586    .ARM.Collect$$libinit$$0000001D  c_w.l(libinit2.o)
    0x08000242   0x08000242   0x00000000   Code   RO         5588    .ARM.Collect$$libinit$$0000001F  c_w.l(libinit2.o)
    0x08000242   0x08000242   0x00000000   Code   RO         5590    .ARM.Collect$$libinit$$00000021  c_w.l(libinit2.o)
    0x08000242   0x08000242   0x00000000   Code   RO         5592    .ARM.Collect$$libinit$$00000023  c_w.l(libinit2.o)
    0x08000242   0x08000242   0x00000000   Code   RO         5594    .ARM.Collect$$libinit$$00000025  c_w.l(libinit2.o)
    0x08000242   0x08000242   0x00000000   Code   RO         5598    .ARM.Collect$$libinit$$0000002C  c_w.l(libinit2.o)
    0x08000242   0x08000242   0x00000000   Code   RO         5600    .ARM.Collect$$libinit$$0000002E  c_w.l(libinit2.o)
    0x08000242   0x08000242   0x00000000   Code   RO         5602    .ARM.Collect$$libinit$$00000030  c_w.l(libinit2.o)
    0x08000242   0x08000242   0x00000000   Code   RO         5604    .ARM.Collect$$libinit$$00000032  c_w.l(libinit2.o)
    0x08000242   0x08000242   0x00000002   Code   RO         5605    .ARM.Collect$$libinit$$00000033  c_w.l(libinit2.o)
    0x08000244   0x08000244   0x00000002   Code   RO         5636    .ARM.Collect$$libshutdown$$00000000  c_w.l(libshutdown.o)
    0x08000246   0x08000246   0x00000000   Code   RO         5662    .ARM.Collect$$libshutdown$$00000002  c_w.l(libshutdown2.o)
    0x08000246   0x08000246   0x00000000   Code   RO         5664    .ARM.Collect$$libshutdown$$00000004  c_w.l(libshutdown2.o)
    0x08000246   0x08000246   0x00000000   Code   RO         5667    .ARM.Collect$$libshutdown$$00000007  c_w.l(libshutdown2.o)
    0x08000246   0x08000246   0x00000000   Code   RO         5670    .ARM.Collect$$libshutdown$$0000000A  c_w.l(libshutdown2.o)
    0x08000246   0x08000246   0x00000000   Code   RO         5672    .ARM.Collect$$libshutdown$$0000000C  c_w.l(libshutdown2.o)
    0x08000246   0x08000246   0x00000000   Code   RO         5675    .ARM.Collect$$libshutdown$$0000000F  c_w.l(libshutdown2.o)
    0x08000246   0x08000246   0x00000002   Code   RO         5676    .ARM.Collect$$libshutdown$$00000010  c_w.l(libshutdown2.o)
    0x08000248   0x08000248   0x00000000   Code   RO         5512    .ARM.Collect$$rtentry$$00000000  c_w.l(__rtentry.o)
    0x08000248   0x08000248   0x00000000   Code   RO         5520    .ARM.Collect$$rtentry$$00000002  c_w.l(__rtentry2.o)
    0x08000248   0x08000248   0x00000006   Code   RO         5532    .ARM.Collect$$rtentry$$00000004  c_w.l(__rtentry4.o)
    0x0800024e   0x0800024e   0x00000000   Code   RO         5522    .ARM.Collect$$rtentry$$00000009  c_w.l(__rtentry2.o)
    0x0800024e   0x0800024e   0x00000004   Code   RO         5523    .ARM.Collect$$rtentry$$0000000A  c_w.l(__rtentry2.o)
    0x08000252   0x08000252   0x00000000   Code   RO         5525    .ARM.Collect$$rtentry$$0000000C  c_w.l(__rtentry2.o)
    0x08000252   0x08000252   0x00000008   Code   RO         5526    .ARM.Collect$$rtentry$$0000000D  c_w.l(__rtentry2.o)
    0x0800025a   0x0800025a   0x00000002   Code   RO         5553    .ARM.Collect$$rtexit$$00000000  c_w.l(rtexit.o)
    0x0800025c   0x0800025c   0x00000000   Code   RO         5609    .ARM.Collect$$rtexit$$00000002  c_w.l(rtexit2.o)
    0x0800025c   0x0800025c   0x00000004   Code   RO         5610    .ARM.Collect$$rtexit$$00000003  c_w.l(rtexit2.o)
    0x08000260   0x08000260   0x00000006   Code   RO         5611    .ARM.Collect$$rtexit$$00000004  c_w.l(rtexit2.o)
    0x08000266   0x08000266   0x00000002   PAD
    0x08000268   0x08000268   0x000000c2   Code   RO         4966    .emb_text           port.o
    0x0800032a   0x0800032a   0x00000002   PAD
    0x0800032c   0x0800032c   0x00000040   Code   RO            4    .text               startup_stm32f750xx.o
    0x0800036c   0x0800036c   0x000000ee   Code   RO         5498    .text               c_w.l(lludivv7m.o)
    0x0800045a   0x0800045a   0x0000008a   Code   RO         5500    .text               c_w.l(rt_memcpy_v6.o)
    0x080004e4   0x080004e4   0x00000064   Code   RO         5502    .text               c_w.l(rt_memcpy_w.o)
    0x08000548   0x08000548   0x0000004e   Code   RO         5506    .text               c_w.l(rt_memclr_w.o)
    0x08000596   0x08000596   0x00000006   Code   RO         5508    .text               c_w.l(heapauxi.o)
    0x0800059c   0x0800059c   0x0000004a   Code   RO         5536    .text               c_w.l(sys_stackheap_outer.o)
    0x080005e6   0x080005e6   0x00000012   Code   RO         5538    .text               c_w.l(exit.o)
    0x080005f8   0x080005f8   0x00000008   Code   RO         5550    .text               c_w.l(libspace.o)
    0x08000600   0x08000600   0x0000000c   Code   RO         5606    .text               c_w.l(sys_exit.o)
    0x0800060c   0x0800060c   0x00000002   Code   RO         5625    .text               c_w.l(use_no_semi.o)
    0x0800060e   0x0800060e   0x00000000   Code   RO         5627    .text               c_w.l(indicate_semi.o)
    0x0800060e   0x0800060e   0x00000002   Code   RO          433    i.BusFault_Handler  stm32f7xx_it.o
    0x08000610   0x08000610   0x0000000c   Code   RO          434    i.DMA1_Stream1_IRQHandler  stm32f7xx_it.o
    0x0800061c   0x0800061c   0x0000000c   Code   RO          435    i.DMA1_Stream5_IRQHandler  stm32f7xx_it.o
    0x08000628   0x08000628   0x00000028   Code   RO         2136    i.DMA_CalcBaseAndBitshift  stm32f7xx_hal_dma.o
    0x08000650   0x08000650   0x00000054   Code   RO         2137    i.DMA_CheckFifoParam  stm32f7xx_hal_dma.o
    0x080006a4   0x080006a4   0x00000028   Code   RO         2138    i.DMA_SetConfig     stm32f7xx_hal_dma.o
    0x080006cc   0x080006cc   0x00000002   Code   RO          436    i.DebugMon_Handler  stm32f7xx_it.o
    0x080006ce   0x080006ce   0x00000002   PAD
    0x080006d0   0x080006d0   0x0000001c   Code   RO         5167    i.Delay_Init        delay.o
    0x080006ec   0x080006ec   0x00000004   Code   RO           13    i.Error_Handler     main.o
    0x080006f0   0x080006f0   0x00000038   Code   RO         5205    i.Gyro_Init         imu_control.o
    0x08000728   0x08000728   0x00000092   Code   RO         2139    i.HAL_DMA_Abort     stm32f7xx_hal_dma.o
    0x080007ba   0x080007ba   0x00000024   Code   RO         2140    i.HAL_DMA_Abort_IT  stm32f7xx_hal_dma.o
    0x080007de   0x080007de   0x00000004   Code   RO         2142    i.HAL_DMA_GetError  stm32f7xx_hal_dma.o
    0x080007e2   0x080007e2   0x00000002   PAD
    0x080007e4   0x080007e4   0x000001a0   Code   RO         2144    i.HAL_DMA_IRQHandler  stm32f7xx_hal_dma.o
    0x08000984   0x08000984   0x000000e4   Code   RO         2145    i.HAL_DMA_Init      stm32f7xx_hal_dma.o
    0x08000a68   0x08000a68   0x0000007a   Code   RO         2149    i.HAL_DMA_Start_IT  stm32f7xx_hal_dma.o
    0x08000ae2   0x08000ae2   0x00000002   PAD
    0x08000ae4   0x08000ae4   0x00000248   Code   RO         2073    i.HAL_GPIO_Init     stm32f7xx_hal_gpio.o
    0x08000d2c   0x08000d2c   0x0000000c   Code   RO         2514    i.HAL_GetTick       stm32f7xx_hal.o
    0x08000d38   0x08000d38   0x00000010   Code   RO         2520    i.HAL_IncTick       stm32f7xx_hal.o
    0x08000d48   0x08000d48   0x00000016   Code   RO         2521    i.HAL_Init          stm32f7xx_hal.o
    0x08000d5e   0x08000d5e   0x00000002   PAD
    0x08000d60   0x08000d60   0x00000098   Code   RO          545    i.HAL_InitTick      stm32f7xx_hal_timebase_tim.o
    0x08000df8   0x08000df8   0x00000038   Code   RO          521    i.HAL_MspInit       stm32f7xx_hal_msp.o
    0x08000e30   0x08000e30   0x0000001a   Code   RO         1586    i.HAL_NVIC_EnableIRQ  stm32f7xx_hal_cortex.o
    0x08000e4a   0x08000e4a   0x00000002   PAD
    0x08000e4c   0x08000e4c   0x00000040   Code   RO         1592    i.HAL_NVIC_SetPriority  stm32f7xx_hal_cortex.o
    0x08000e8c   0x08000e8c   0x00000024   Code   RO         1593    i.HAL_NVIC_SetPriorityGrouping  stm32f7xx_hal_cortex.o
    0x08000eb0   0x08000eb0   0x0000006c   Code   RO         2413    i.HAL_PWREx_EnableOverDrive  stm32f7xx_hal_pwr_ex.o
    0x08000f1c   0x08000f1c   0x000004fc   Code   RO         1834    i.HAL_RCCEx_PeriphCLKConfig  stm32f7xx_hal_rcc_ex.o
    0x08001418   0x08001418   0x00000130   Code   RO         1727    i.HAL_RCC_ClockConfig  stm32f7xx_hal_rcc.o
    0x08001548   0x08001548   0x00000040   Code   RO         1731    i.HAL_RCC_GetClockConfig  stm32f7xx_hal_rcc.o
    0x08001588   0x08001588   0x00000020   Code   RO         1734    i.HAL_RCC_GetPCLK1Freq  stm32f7xx_hal_rcc.o
    0x080015a8   0x080015a8   0x00000020   Code   RO         1735    i.HAL_RCC_GetPCLK2Freq  stm32f7xx_hal_rcc.o
    0x080015c8   0x080015c8   0x00000064   Code   RO         1736    i.HAL_RCC_GetSysClockFreq  stm32f7xx_hal_rcc.o
    0x0800162c   0x0800162c   0x00000384   Code   RO         1739    i.HAL_RCC_OscConfig  stm32f7xx_hal_rcc.o
    0x080019b0   0x080019b0   0x00000002   Code   RO         1300    i.HAL_TIMEx_Break2Callback  stm32f7xx_hal_tim_ex.o
    0x080019b2   0x080019b2   0x00000002   Code   RO         1301    i.HAL_TIMEx_BreakCallback  stm32f7xx_hal_tim_ex.o
    0x080019b4   0x080019b4   0x00000002   Code   RO         1302    i.HAL_TIMEx_CommutCallback  stm32f7xx_hal_tim_ex.o
    0x080019b6   0x080019b6   0x00000002   PAD
    0x080019b8   0x080019b8   0x000000a4   Code   RO         1321    i.HAL_TIMEx_MasterConfigSynchronization  stm32f7xx_hal_tim_ex.o
    0x08001a5c   0x08001a5c   0x00000062   Code   RO          586    i.HAL_TIM_Base_Init  stm32f7xx_hal_tim.o
    0x08001abe   0x08001abe   0x00000002   PAD
    0x08001ac0   0x08001ac0   0x0000003c   Code   RO          344    i.HAL_TIM_Base_MspInit  tim.o
    0x08001afc   0x08001afc   0x00000080   Code   RO          589    i.HAL_TIM_Base_Start  stm32f7xx_hal_tim.o
    0x08001b7c   0x08001b7c   0x0000008c   Code   RO          591    i.HAL_TIM_Base_Start_IT  stm32f7xx_hal_tim.o
    0x08001c08   0x08001c08   0x00000002   Code   RO          620    i.HAL_TIM_IC_CaptureCallback  stm32f7xx_hal_tim.o
    0x08001c0a   0x08001c0a   0x00000148   Code   RO          634    i.HAL_TIM_IRQHandler  stm32f7xx_hal_tim.o
    0x08001d52   0x08001d52   0x00000002   Code   RO          637    i.HAL_TIM_OC_DelayElapsedCallback  stm32f7xx_hal_tim.o
    0x08001d54   0x08001d54   0x00000002   Code   RO          664    i.HAL_TIM_PWM_PulseFinishedCallback  stm32f7xx_hal_tim.o
    0x08001d56   0x08001d56   0x00000002   PAD
    0x08001d58   0x08001d58   0x00000014   Code   RO           14    i.HAL_TIM_PeriodElapsedCallback  main.o
    0x08001d6c   0x08001d6c   0x00000002   Code   RO          677    i.HAL_TIM_TriggerCallback  stm32f7xx_hal_tim.o
    0x08001d6e   0x08001d6e   0x0000004a   Code   RO         3679    i.HAL_UARTEx_ReceiveToIdle_DMA  stm32f7xx_hal_uart_ex.o
    0x08001db8   0x08001db8   0x00000014   Code   RO         5046    i.HAL_UARTEx_RxEventCallback  mynvic.o
    0x08001dcc   0x08001dcc   0x0000008c   Code   RO         3304    i.HAL_UART_DMAStop  stm32f7xx_hal_uart.o
    0x08001e58   0x08001e58   0x00000002   Code   RO         3308    i.HAL_UART_ErrorCallback  stm32f7xx_hal_uart.o
    0x08001e5a   0x08001e5a   0x00000002   PAD
    0x08001e5c   0x08001e5c   0x000002a8   Code   RO         3311    i.HAL_UART_IRQHandler  stm32f7xx_hal_uart.o
    0x08002104   0x08002104   0x00000066   Code   RO         3312    i.HAL_UART_Init     stm32f7xx_hal_uart.o
    0x0800216a   0x0800216a   0x00000002   PAD
    0x0800216c   0x0800216c   0x0000016c   Code   RO          386    i.HAL_UART_MspInit  usart.o
    0x080022d8   0x080022d8   0x0000003c   Code   RO         3316    i.HAL_UART_Receive_DMA  stm32f7xx_hal_uart.o
    0x08002314   0x08002314   0x00000002   Code   RO         3319    i.HAL_UART_RxCpltCallback  stm32f7xx_hal_uart.o
    0x08002316   0x08002316   0x00000002   Code   RO         3320    i.HAL_UART_RxHalfCpltCallback  stm32f7xx_hal_uart.o
    0x08002318   0x08002318   0x00000002   Code   RO         3324    i.HAL_UART_TxCpltCallback  stm32f7xx_hal_uart.o
    0x0800231a   0x0800231a   0x00000002   Code   RO          437    i.HardFault_Handler  stm32f7xx_it.o
    0x0800231c   0x0800231c   0x00000044   Code   RO         5073    i.IMU_Receive_Init  imu.o
    0x08002360   0x08002360   0x00000010   Code   RO         5451    i.Init_Task         start_task.o
    0x08002370   0x08002370   0x00000030   Code   RO         5452    i.Init_Task_Create  start_task.o
    0x080023a0   0x080023a0   0x0000003c   Code   RO          319    i.MX_DMA_Init       dma.o
    0x080023dc   0x080023dc   0x0000002c   Code   RO          238    i.MX_FREERTOS_Init  freertos.o
    0x08002408   0x08002408   0x0000003c   Code   RO          214    i.MX_GPIO_Init      gpio.o
    0x08002444   0x08002444   0x00000048   Code   RO          345    i.MX_TIM6_Init      tim.o
    0x0800248c   0x0800248c   0x0000003c   Code   RO          387    i.MX_USART2_UART_Init  usart.o
    0x080024c8   0x080024c8   0x0000003c   Code   RO          388    i.MX_USART3_UART_Init  usart.o
    0x08002504   0x08002504   0x00000002   Code   RO          438    i.MemManage_Handler  stm32f7xx_it.o
    0x08002506   0x08002506   0x00000002   PAD
    0x08002508   0x08002508   0x0000004c   Code   RO         5289    i.Motor_FinishFlag_Exam  motor_command.o
    0x08002554   0x08002554   0x00000020   Code   RO         5294    i.My_UART3_IRQHandler  motor_command.o
    0x08002574   0x08002574   0x00000002   Code   RO          439    i.NMI_Handler       stm32f7xx_it.o
    0x08002576   0x08002576   0x00000002   PAD
    0x08002578   0x08002578   0x0000002c   Code   RO         5392    i.PID_init          pid.o
    0x080025a4   0x080025a4   0x0000001c   Code   RO         5079    i.RingBuffer_GetCount  imu.o
    0x080025c0   0x080025c0   0x00000018   Code   RO         5080    i.RingBuffer_Peek   imu.o
    0x080025d8   0x080025d8   0x00000008   Code   RO          239    i.StartDefaultTask  freertos.o
    0x080025e0   0x080025e0   0x00000018   Code   RO         5453    i.Start_Task        start_task.o
    0x080025f8   0x080025f8   0x00000030   Code   RO         5454    i.Start_Task_Create  start_task.o
    0x08002628   0x08002628   0x00000030   Code   RO         4967    i.SysTick_Handler   port.o
    0x08002658   0x08002658   0x000000a0   Code   RO           15    i.SystemClock_Config  main.o
    0x080026f8   0x080026f8   0x00000010   Code   RO         3730    i.SystemInit        system_stm32f7xx.o
    0x08002708   0x08002708   0x0000000c   Code   RO          440    i.TIM6_DAC_IRQHandler  stm32f7xx_it.o
    0x08002714   0x08002714   0x0000000c   Code   RO          441    i.TIM8_TRG_COM_TIM14_IRQHandler  stm32f7xx_it.o
    0x08002720   0x08002720   0x000000d4   Code   RO          679    i.TIM_Base_SetConfig  stm32f7xx_hal_tim.o
    0x080027f4   0x080027f4   0x000000c8   Code   RO         3326    i.UART_AdvFeatureConfig  stm32f7xx_hal_uart.o
    0x080028bc   0x080028bc   0x0000005a   Code   RO         3327    i.UART_CheckIdleState  stm32f7xx_hal_uart.o
    0x08002916   0x08002916   0x00000010   Code   RO         3328    i.UART_DMAAbortOnError  stm32f7xx_hal_uart.o
    0x08002926   0x08002926   0x0000004c   Code   RO         3329    i.UART_DMAError     stm32f7xx_hal_uart.o
    0x08002972   0x08002972   0x0000009e   Code   RO         3330    i.UART_DMAReceiveCplt  stm32f7xx_hal_uart.o
    0x08002a10   0x08002a10   0x0000003c   Code   RO         3332    i.UART_DMARxHalfCplt  stm32f7xx_hal_uart.o
    0x08002a4c   0x08002a4c   0x0000004c   Code   RO         3338    i.UART_EndRxTransfer  stm32f7xx_hal_uart.o
    0x08002a98   0x08002a98   0x00000018   Code   RO         3339    i.UART_EndTxTransfer  stm32f7xx_hal_uart.o
    0x08002ab0   0x08002ab0   0x00000230   Code   RO         3342    i.UART_SetConfig    stm32f7xx_hal_uart.o
    0x08002ce0   0x08002ce0   0x000000a0   Code   RO         3343    i.UART_Start_Receive_DMA  stm32f7xx_hal_uart.o
    0x08002d80   0x08002d80   0x00000094   Code   RO         3347    i.UART_WaitOnFlagUntilTimeout  stm32f7xx_hal_uart.o
    0x08002e14   0x08002e14   0x000000e8   Code   RO         5083    i.USART2_IRQHandler  imu.o
    0x08002efc   0x08002efc   0x0000000c   Code   RO          442    i.USART3_IRQHandler  stm32f7xx_it.o
    0x08002f08   0x08002f08   0x00000130   Code   RO         5298    i.USART3_Process_data  motor_command.o
    0x08003038   0x08003038   0x00000002   Code   RO          443    i.UsageFault_Handler  stm32f7xx_it.o
    0x0800303a   0x0800303a   0x00000022   Code   RO         1599    i.__NVIC_SetPriority  stm32f7xx_hal_cortex.o
    0x0800305c   0x0800305c   0x00000026   Code   RO           16    i.main              main.o
    0x08003082   0x08003082   0x0000000e   Code   RO         4538    i.makeFreeRtosPriority  cmsis_os.o
    0x08003090   0x08003090   0x0000000e   Code   RO         4540    i.osDelay           cmsis_os.o
    0x0800309e   0x0800309e   0x0000000a   Code   RO         4543    i.osKernelStart     cmsis_os.o
    0x080030a8   0x080030a8   0x00000054   Code   RO         4577    i.osThreadCreate    cmsis_os.o
    0x080030fc   0x080030fc   0x00000070   Code   RO         4232    i.prvAddCurrentTaskToDelayedList  tasks.o
    0x0800316c   0x0800316c   0x000000d0   Code   RO         4233    i.prvAddNewTaskToReadyList  tasks.o
    0x0800323c   0x0800323c   0x00000038   Code   RO         4234    i.prvDeleteTCB      tasks.o
    0x08003274   0x08003274   0x00000050   Code   RO         4905    i.prvHeapInit       heap_4.o
    0x080032c4   0x080032c4   0x00000060   Code   RO         4235    i.prvIdleTask       tasks.o
    0x08003324   0x08003324   0x0000009e   Code   RO         4236    i.prvInitialiseNewTask  tasks.o
    0x080033c2   0x080033c2   0x00000002   PAD
    0x080033c4   0x080033c4   0x0000004c   Code   RO         4906    i.prvInsertBlockIntoFreeList  heap_4.o
    0x08003410   0x08003410   0x00000020   Code   RO         4237    i.prvResetNextTaskUnblockTime  tasks.o
    0x08003430   0x08003430   0x00000030   Code   RO         4968    i.prvTaskExitError  port.o
    0x08003460   0x08003460   0x000000ec   Code   RO         4907    i.pvPortMalloc      heap_4.o
    0x0800354c   0x0800354c   0x00000030   Code   RO         4969    i.pxPortInitialiseStack  port.o
    0x0800357c   0x0800357c   0x00000026   Code   RO         3868    i.uxListRemove      list.o
    0x080035a2   0x080035a2   0x00000002   PAD
    0x080035a4   0x080035a4   0x00000018   Code   RO          240    i.vApplicationGetIdleTaskMemory  freertos.o
    0x080035bc   0x080035bc   0x00000002   Code   RO          241    i.vApplicationMallocFailedHook  freertos.o
    0x080035be   0x080035be   0x00000016   Code   RO         3869    i.vListInitialise   list.o
    0x080035d4   0x080035d4   0x00000006   Code   RO         3870    i.vListInitialiseItem  list.o
    0x080035da   0x080035da   0x00000030   Code   RO         3871    i.vListInsert       list.o
    0x0800360a   0x0800360a   0x00000018   Code   RO         3872    i.vListInsertEnd    list.o
    0x08003622   0x08003622   0x00000002   PAD
    0x08003624   0x08003624   0x00000048   Code   RO         4971    i.vPortEnterCritical  port.o
    0x0800366c   0x0800366c   0x0000002c   Code   RO         4972    i.vPortExitCritical  port.o
    0x08003698   0x08003698   0x00000064   Code   RO         4908    i.vPortFree         heap_4.o
    0x080036fc   0x080036fc   0x00000024   Code   RO         4973    i.vPortSetupTimerInterrupt  port.o
    0x08003720   0x08003720   0x00000050   Code   RO         4245    i.vTaskDelay        tasks.o
    0x08003770   0x08003770   0x000000b0   Code   RO         4246    i.vTaskDelete       tasks.o
    0x08003820   0x08003820   0x00000070   Code   RO         4258    i.vTaskStartScheduler  tasks.o
    0x08003890   0x08003890   0x00000010   Code   RO         4260    i.vTaskSuspendAll   tasks.o
    0x080038a0   0x080038a0   0x00000060   Code   RO         4261    i.vTaskSwitchContext  tasks.o
    0x08003900   0x08003900   0x000000c0   Code   RO         4975    i.xPortStartScheduler  port.o
    0x080039c0   0x080039c0   0x0000005a   Code   RO         4263    i.xTaskCreate       tasks.o
    0x08003a1a   0x08003a1a   0x0000005e   Code   RO         4264    i.xTaskCreateStatic  tasks.o
    0x08003a78   0x08003a78   0x000000cc   Code   RO         4271    i.xTaskIncrementTick  tasks.o
    0x08003b44   0x08003b44   0x000000c8   Code   RO         4277    i.xTaskResumeAll    tasks.o
    0x08003c0c   0x08003c0c   0x0000000a   Code   RO         5621    x$fpl$fpinit        fz_wm.l(fpinit.o)
    0x08003c16   0x08003c16   0x00000002   PAD
    0x08003c18   0x08003c18   0x0000001c   Data   RO          243    .constdata          freertos.o
    0x08003c34   0x08003c34   0x00000008   Data   RO         2151    .constdata          stm32f7xx_hal_dma.o
    0x08003c3c   0x08003c3c   0x00000010   Data   RO         3731    .constdata          system_stm32f7xx.o
    0x08003c4c   0x08003c4c   0x00000008   Data   RO         3732    .constdata          system_stm32f7xx.o
    0x08003c54   0x08003c54   0x0000000c   Data   RO          244    .conststring        freertos.o
    0x08003c60   0x08003c60   0x00000020   Data   RO         5677    Region$$Table       anon$$obj.o


    Execution Region RW_IRAM1 (Exec base: 0x20000000, Load base: 0x08003c80, Size: 0x00004b68, Max: 0x00050000, ABSOLUTE)

    Exec Addr    Load Addr    Size         Type   Attr      Idx    E Section Name        Object

    0x20000000   0x08003c80   0x00000004   Data   RW          245    .data               freertos.o
    0x20000004   0x08003c84   0x0000000c   Data   RW         2528    .data               stm32f7xx_hal.o
    0x20000010   0x08003c90   0x00000004   Data   RW         3733    .data               system_stm32f7xx.o
    0x20000014   0x08003c94   0x0000003c   Data   RW         4280    .data               tasks.o
    0x20000050   0x08003cd0   0x00000018   Data   RW         4913    .data               heap_4.o
    0x20000068   0x08003ce8   0x0000000c   Data   RW         4976    .data               port.o
    0x20000074   0x08003cf4   0x0000001b   Data   RW         5085    .data               imu.o
    0x2000008f   0x08003d0f   0x00000001   PAD
    0x20000090   0x08003d10   0x00000044   Data   RW         5301    .data               motor_command.o
    0x200000d4   0x08003d54   0x00000008   Data   RW         5455    .data               start_task.o
    0x200000dc        -       0x00000254   Zero   RW          242    .bss                freertos.o
    0x20000330        -       0x0000004c   Zero   RW          346    .bss                tim.o
    0x2000037c        -       0x000001d0   Zero   RW          389    .bss                usart.o
    0x2000054c        -       0x0000004c   Zero   RW          548    .bss                stm32f7xx_hal_timebase_tim.o
    0x20000598        -       0x000000f0   Zero   RW         4279    .bss                tasks.o
    0x20000688        -       0x00003c00   Zero   RW         4912    .bss                heap_4.o
    0x20004288        -       0x0000008c   Zero   RW         5084    .bss                imu.o
    0x20004314        -       0x0000002c   Zero   RW         5209    .bss                imu_control.o
    0x20004340        -       0x000001c8   Zero   RW         5300    .bss                motor_command.o
    0x20004508        -       0x00000060   Zero   RW         5551    .bss                c_w.l(libspace.o)
    0x20004568        -       0x00000200   Zero   RW            2    HEAP                startup_stm32f750xx.o
    0x20004768        -       0x00000400   Zero   RW            1    STACK               startup_stm32f750xx.o


==============================================================================

Image component sizes


      Code (inc. data)   RO Data    RW Data    ZI Data      Debug   Object Name

       122          0          0          0          0      23185   cmsis_os.o
        28          6          0          0          0        481   delay.o
        60          4          0          0          0        802   dma.o
         0          0          0          0          0      15760   event_groups.o
        78         16         40          4        596       8917   freertos.o
        60          6          0          0          0        843   gpio.o
       492         22          0         24      15360       7483   heap_4.o
       352         58          0         27        140       4197   imu.o
        56         20          0          0         44       1672   imu_control.o
       138          0          0          0          0       3606   list.o
       222         16          0          0          0     870160   main.o
       412         30          0         68        456       5124   motor_command.o
        20          6          0          0          0        809   mynvic.o
        44         10          0          0          0        959   pid.o
       682         70          0         12          0      11136   port.o
       136         44          0          8          0       2705   start_task.o
        64         26        456          0       1536        852   startup_stm32f750xx.o
        50         10          0         12          0       7774   stm32f7xx_hal.o
       160         12          0          0          0      38242   stm32f7xx_hal_cortex.o
      1116         16          8          0          0       8085   stm32f7xx_hal_dma.o
       584         54          0          0          0       1620   stm32f7xx_hal_gpio.o
        56          4          0          0          0        882   stm32f7xx_hal_msp.o
       108          8          0          0          0       1284   stm32f7xx_hal_pwr_ex.o
      1432         76          0          0          0       5957   stm32f7xx_hal_rcc.o
      1276         16          0          0          0       2304   stm32f7xx_hal_rcc_ex.o
       914        112          0          0          0       7814   stm32f7xx_hal_tim.o
       170         30          0          0          0       3156   stm32f7xx_hal_tim_ex.o
       152         20          0          0         76       1512   stm32f7xx_hal_timebase_tim.o
      2558         88          0          0          0      16057   stm32f7xx_hal_uart.o
        74          0          0          0          0       1315   stm32f7xx_hal_uart_ex.o
        72         30          0          0          0       5279   stm32f7xx_it.o
         0          0          0          0          0        392   stream_buffer.o
        16          4         24          4          0       1151   system_stm32f7xx.o
      1730        122          0         60        240      20728   tasks.o
       132         18          0          0         76       1670   tim.o
       484         44          0          0        464       2773   usart.o

    ----------------------------------------------------------------------
     14082        998        560        220      18988    1086686   Object Totals
         0          0         32          0          0          0   (incl. Generated)
        32          0          0          1          0          0   (incl. Padding)

    ----------------------------------------------------------------------

      Code (inc. data)   RO Data    RW Data    ZI Data      Debug   Library Member Name

         8          0          0          0          0         68   __main.o
         0          0          0          0          0          0   __rtentry.o
        12          0          0          0          0          0   __rtentry2.o
         6          0          0          0          0          0   __rtentry4.o
        52          8          0          0          0          0   __scatter.o
        26          0          0          0          0          0   __scatter_copy.o
        28          0          0          0          0          0   __scatter_zi.o
        18          0          0          0          0         80   exit.o
         6          0          0          0          0        152   heapauxi.o
         0          0          0          0          0          0   indicate_semi.o
         2          0          0          0          0          0   libinit.o
         6          0          0          0          0          0   libinit2.o
         2          0          0          0          0          0   libshutdown.o
         2          0          0          0          0          0   libshutdown2.o
         8          4          0          0         96         68   libspace.o
       238          0          0          0          0        100   lludivv7m.o
        78          0          0          0          0         80   rt_memclr_w.o
       138          0          0          0          0         68   rt_memcpy_v6.o
       100          0          0          0          0         80   rt_memcpy_w.o
         2          0          0          0          0          0   rtexit.o
        10          0          0          0          0          0   rtexit2.o
        12          4          0          0          0         68   sys_exit.o
        74          0          0          0          0         80   sys_stackheap_outer.o
         2          0          0          0          0         68   use_no_semi.o
        10          0          0          0          0        116   fpinit.o

    ----------------------------------------------------------------------
       846         16          0          0         96       1028   Library Totals
         6          0          0          0          0          0   (incl. Padding)

    ----------------------------------------------------------------------

      Code (inc. data)   RO Data    RW Data    ZI Data      Debug   Library Name

       830         16          0          0         96        912   c_w.l
        10          0          0          0          0        116   fz_wm.l

    ----------------------------------------------------------------------
       846         16          0          0         96       1028   Library Totals

    ----------------------------------------------------------------------

==============================================================================


      Code (inc. data)   RO Data    RW Data    ZI Data      Debug   

     14928       1014        560        220      19084    1074550   Grand Totals
     14928       1014        560        220      19084    1074550   ELF Image Totals
     14928       1014        560        220          0          0   ROM Totals

==============================================================================

    Total RO  Size (Code + RO Data)                15488 (  15.13kB)
    Total RW  Size (RW Data + ZI Data)             19304 (  18.85kB)
    Total ROM Size (Code + RO Data + RW Data)      15708 (  15.34kB)

==============================================================================

