Component: ARM Compiler 5.06 update 6 (build 750) Tool: armlink [4d35ed]

==============================================================================

Section Cross References

    startup_stm32f750xx.o(STACK) refers (Special) to heapauxi.o(.text) for __use_two_region_memory
    startup_stm32f750xx.o(HEAP) refers (Special) to heapauxi.o(.text) for __use_two_region_memory
    startup_stm32f750xx.o(RESET) refers (Special) to heapauxi.o(.text) for __use_two_region_memory
    startup_stm32f750xx.o(RESET) refers to startup_stm32f750xx.o(STACK) for __initial_sp
    startup_stm32f750xx.o(RESET) refers to startup_stm32f750xx.o(.text) for Reset_Handler
    startup_stm32f750xx.o(RESET) refers to stm32f7xx_it.o(i.NMI_Handler) for NMI_Handler
    startup_stm32f750xx.o(RESET) refers to stm32f7xx_it.o(i.HardFault_Handler) for HardFault_Handler
    startup_stm32f750xx.o(RESET) refers to stm32f7xx_it.o(i.MemManage_Handler) for MemManage_Handler
    startup_stm32f750xx.o(RESET) refers to stm32f7xx_it.o(i.BusFault_Handler) for BusFault_Handler
    startup_stm32f750xx.o(RESET) refers to stm32f7xx_it.o(i.UsageFault_Handler) for UsageFault_Handler
    startup_stm32f750xx.o(RESET) refers to port.o(.emb_text) for SVC_Handler
    startup_stm32f750xx.o(RESET) refers to stm32f7xx_it.o(i.DebugMon_Handler) for DebugMon_Handler
    startup_stm32f750xx.o(RESET) refers to port.o(i.SysTick_Handler) for SysTick_Handler
    startup_stm32f750xx.o(RESET) refers to stm32f7xx_it.o(i.DMA1_Stream1_IRQHandler) for DMA1_Stream1_IRQHandler
    startup_stm32f750xx.o(RESET) refers to stm32f7xx_it.o(i.DMA1_Stream5_IRQHandler) for DMA1_Stream5_IRQHandler
    startup_stm32f750xx.o(RESET) refers to imu.o(i.USART2_IRQHandler) for USART2_IRQHandler
    startup_stm32f750xx.o(RESET) refers to stm32f7xx_it.o(i.USART3_IRQHandler) for USART3_IRQHandler
    startup_stm32f750xx.o(RESET) refers to stm32f7xx_it.o(i.TIM8_TRG_COM_TIM14_IRQHandler) for TIM8_TRG_COM_TIM14_IRQHandler
    startup_stm32f750xx.o(RESET) refers to stm32f7xx_it.o(i.TIM6_DAC_IRQHandler) for TIM6_DAC_IRQHandler
    startup_stm32f750xx.o(.text) refers (Special) to heapauxi.o(.text) for __use_two_region_memory
    startup_stm32f750xx.o(.text) refers to system_stm32f7xx.o(i.SystemInit) for SystemInit
    startup_stm32f750xx.o(.text) refers to __main.o(!!!main) for __main
    startup_stm32f750xx.o(.text) refers to startup_stm32f750xx.o(HEAP) for Heap_Mem
    startup_stm32f750xx.o(.text) refers to startup_stm32f750xx.o(STACK) for Stack_Mem
    main.o(i.HAL_TIM_PeriodElapsedCallback) refers to stm32f7xx_hal.o(i.HAL_IncTick) for HAL_IncTick
    main.o(i.HAL_TIM_PeriodElapsedCallback) refers to delay.o(.data) for delay_time
    main.o(i.SystemClock_Config) refers to rt_memclr_w.o(.text) for __aeabi_memclr4
    main.o(i.SystemClock_Config) refers to stm32f7xx_hal_rcc.o(i.HAL_RCC_OscConfig) for HAL_RCC_OscConfig
    main.o(i.SystemClock_Config) refers to stm32f7xx_hal_pwr_ex.o(i.HAL_PWREx_EnableOverDrive) for HAL_PWREx_EnableOverDrive
    main.o(i.SystemClock_Config) refers to stm32f7xx_hal_rcc.o(i.HAL_RCC_ClockConfig) for HAL_RCC_ClockConfig
    main.o(i.main) refers to stm32f7xx_hal.o(i.HAL_Init) for HAL_Init
    main.o(i.main) refers to main.o(i.SystemClock_Config) for SystemClock_Config
    main.o(i.main) refers to gpio.o(i.MX_GPIO_Init) for MX_GPIO_Init
    main.o(i.main) refers to dma.o(i.MX_DMA_Init) for MX_DMA_Init
    main.o(i.main) refers to usart.o(i.MX_USART2_UART_Init) for MX_USART2_UART_Init
    main.o(i.main) refers to usart.o(i.MX_USART3_UART_Init) for MX_USART3_UART_Init
    main.o(i.main) refers to tim.o(i.MX_TIM6_Init) for MX_TIM6_Init
    main.o(i.main) refers to freertos.o(i.MX_FREERTOS_Init) for MX_FREERTOS_Init
    main.o(i.main) refers to cmsis_os.o(i.osKernelStart) for osKernelStart
    freertos.o(i.MX_FREERTOS_Init) refers to rt_memcpy_w.o(.text) for __aeabi_memcpy4
    freertos.o(i.MX_FREERTOS_Init) refers to cmsis_os.o(i.osThreadCreate) for osThreadCreate
    freertos.o(i.MX_FREERTOS_Init) refers to start_task.o(i.Start_Task_Create) for Start_Task_Create
    freertos.o(i.MX_FREERTOS_Init) refers to freertos.o(.constdata) for .constdata
    freertos.o(i.MX_FREERTOS_Init) refers to freertos.o(.data) for .data
    freertos.o(i.StartDefaultTask) refers to cmsis_os.o(i.osDelay) for osDelay
    freertos.o(i.vApplicationGetIdleTaskMemory) refers to freertos.o(.bss) for .bss
    freertos.o(.constdata) refers to freertos.o(.conststring) for .conststring
    freertos.o(.constdata) refers to freertos.o(i.StartDefaultTask) for StartDefaultTask
    dma.o(i.MX_DMA_Init) refers to stm32f7xx_hal_cortex.o(i.HAL_NVIC_SetPriority) for HAL_NVIC_SetPriority
    dma.o(i.MX_DMA_Init) refers to stm32f7xx_hal_cortex.o(i.HAL_NVIC_EnableIRQ) for HAL_NVIC_EnableIRQ
    tim.o(i.HAL_TIM_Base_MspDeInit) refers to stm32f7xx_hal_cortex.o(i.HAL_NVIC_DisableIRQ) for HAL_NVIC_DisableIRQ
    tim.o(i.HAL_TIM_Base_MspInit) refers to stm32f7xx_hal_cortex.o(i.HAL_NVIC_SetPriority) for HAL_NVIC_SetPriority
[...]
    i.HAL_TIM_PWM_PulseFinishedCallback      0x08001d60   Section        0  stm32f7xx_hal_tim.o(i.HAL_TIM_PWM_PulseFinishedCallback)
    i.HAL_TIM_PeriodElapsedCallback          0x08001d64   Section        0  main.o(i.HAL_TIM_PeriodElapsedCallback)
    i.HAL_TIM_TriggerCallback                0x08001d94   Section        0  stm32f7xx_hal_tim.o(i.HAL_TIM_TriggerCallback)
    i.HAL_UARTEx_ReceiveToIdle_DMA           0x08001d96   Section        0  stm32f7xx_hal_uart_ex.o(i.HAL_UARTEx_ReceiveToIdle_DMA)
    i.HAL_UARTEx_RxEventCallback             0x08001de0   Section        0  mynvic.o(i.HAL_UARTEx_RxEventCallback)
    i.HAL_UART_DMAStop                       0x08001df4   Section        0  stm32f7xx_hal_uart.o(i.HAL_UART_DMAStop)
    i.HAL_UART_ErrorCallback                 0x08001e80   Section        0  stm32f7xx_hal_uart.o(i.HAL_UART_ErrorCallback)
    i.HAL_UART_IRQHandler                    0x08001e84   Section        0  stm32f7xx_hal_uart.o(i.HAL_UART_IRQHandler)
    i.HAL_UART_Init                          0x0800212c   Section        0  stm32f7xx_hal_uart.o(i.HAL_UART_Init)
    i.HAL_UART_MspInit                       0x08002194   Section        0  usart.o(i.HAL_UART_MspInit)
    i.HAL_UART_Receive_DMA                   0x08002300   Section        0  stm32f7xx_hal_uart.o(i.HAL_UART_Receive_DMA)
    i.HAL_UART_RxCpltCallback                0x0800233c   Section        0  stm32f7xx_hal_uart.o(i.HAL_UART_RxCpltCallback)
    i.HAL_UART_RxHalfCpltCallback            0x0800233e   Section        0  stm32f7xx_hal_uart.o(i.HAL_UART_RxHalfCpltCallback)
    i.HAL_UART_Transmit_DMA                  0x08002340   Section        0  stm32f7xx_hal_uart.o(i.HAL_UART_Transmit_DMA)
    i.HAL_UART_TxCpltCallback                0x080023cc   Section        0  stm32f7xx_hal_uart.o(i.HAL_UART_TxCpltCallback)
    i.HAL_UART_TxHalfCpltCallback            0x080023ce   Section        0  stm32f7xx_hal_uart.o(i.HAL_UART_TxHalfCpltCallback)
    i.HardFault_Handler                      0x080023d0   Section        0  stm32f7xx_it.o(i.HardFault_Handler)
    i.IMU_Receive_Init                       0x080023d4   Section        0  imu.o(i.IMU_Receive_Init)
    i.Init_Task                              0x08002414   Section        0  start_task.o(i.Init_Task)
    i.Init_Task_Create                       0x08002444   Section        0  start_task.o(i.Init_Task_Create)
    i.MX_DMA_Init                            0x08002474   Section        0  dma.o(i.MX_DMA_Init)
    i.MX_FREERTOS_Init                       0x080024b0   Section        0  freertos.o(i.MX_FREERTOS_Init)
    i.MX_GPIO_Init                           0x080024dc   Section        0  gpio.o(i.MX_GPIO_Init)
    i.MX_TIM6_Init                           0x08002528   Section        0  tim.o(i.MX_TIM6_Init)
    i.MX_USART2_UART_Init                    0x08002570   Section        0  usart.o(i.MX_USART2_UART_Init)
    i.MX_USART3_UART_Init                    0x080025ac   Section        0  usart.o(i.MX_USART3_UART_Init)
    i.MemManage_Handler                      0x080025e8   Section        0  stm32f7xx_it.o(i.MemManage_Handler)
    i.Motor_Action_Calculate_target          0x080025ec   Section        0  motor_command.o(i.Motor_Action_Calculate_target)
    i.Motor_FinishFlag_Exam                  0x08002628   Section        0  motor_command.o(i.Motor_FinishFlag_Exam)
    i.Motor_Init                             0x08002674   Section        0  motor_command.o(i.Motor_Init)
    i.Motor_Send_Speed_together              0x080026e0   Section        0  motor_command.o(i.Motor_Send_Speed_together)
    i.Motor_setspeed                         0x08002770   Section        0  motor_command.o(i.Motor_setspeed)
    i.My_UART3_IRQHandler                    0x080027a0   Section        0  motor_command.o(i.My_UART3_IRQHandler)
    i.NMI_Handler                            0x080027c0   Section        0  stm32f7xx_it.o(i.NMI_Handler)
    i.PID_init                               0x080027c4   Section        0  pid.o(i.PID_init)
    i.RingBuffer_Peek                        0x080027f0   Section        0  imu.o(i.RingBuffer_Peek)
    RingBuffer_Peek                          0x080027f1   Thumb Code    16  imu.o(i.RingBuffer_Peek)
    i.Send_speed_switch                      0x08002808   Section        0  motor_command.o(i.Send_speed_switch)
    i.StartDefaultTask                       0x08002850   Section        0  freertos.o(i.StartDefaultTask)
    i.Start_Task                             0x08002858   Section        0  start_task.o(i.Start_Task)
    i.Start_Task_Create                      0x08002870   Section        0  start_task.o(i.Start_Task_Create)
    i.SysTick_Handler                        0x080028a0   Section        0  port.o(i.SysTick_Handler)
    i.SystemClock_Config                     0x080028d0   Section        0  main.o(i.SystemClock_Config)
    i.SystemInit                             0x0800296c   Section        0  system_stm32f7xx.o(i.SystemInit)
    i.TIM6_DAC_IRQHandler                    0x0800297c   Section        0  stm32f7xx_it.o(i.TIM6_DAC_IRQHandler)
    i.TIM8_TRG_COM_TIM14_IRQHandler          0x08002988   Section        0  stm32f7xx_it.o(i.TIM8_TRG_COM_TIM14_IRQHandler)
    i.TIM_Base_SetConfig                     0x08002994   Section        0  stm32f7xx_hal_tim.o(i.TIM_Base_SetConfig)
    i.UART_AdvFeatureConfig                  0x08002a68   Section        0  stm32f7xx_hal_uart.o(i.UART_AdvFeatureConfig)
    i.UART_CheckIdleState                    0x08002b30   Section        0  stm32f7xx_hal_uart.o(i.UART_CheckIdleState)
    i.UART_DMAAbortOnError                   0x08002b8a   Section        0  stm32f7xx_hal_uart.o(i.UART_DMAAbortOnError)
    UART_DMAAbortOnError                     0x08002b8b   Thumb Code    16  stm32f7xx_hal_uart.o(i.UART_DMAAbortOnError)
    i.UART_DMAError                          0x08002b9a   Section        0  stm32f7xx_hal_uart.o(i.UART_DMAError)
    UART_DMAError                            0x08002b9b   Thumb Code    76  stm32f7xx_hal_uart.o(i.UART_DMAError)
    i.UART_DMAReceiveCplt                    0x08002be6   Section        0  stm32f7xx_hal_uart.o(i.UART_DMAReceiveCplt)
    UART_DMAReceiveCplt                      0x08002be7   Thumb Code   158  stm32f7xx_hal_uart.o(i.UART_DMAReceiveCplt)
    i.UART_DMARxHalfCplt                     0x08002c84   Section        0  stm32f7xx_hal_uart.o(i.UART_DMARxHalfCplt)
    UART_DMARxHalfCplt                       0x08002c85   Thumb Code    60  stm32f7xx_hal_uart.o(i.UART_DMARxHalfCplt)
    i.UART_DMATransmitCplt                   0x08002cc0   Section        0  stm32f7xx_hal_uart.o(i.UART_DMATransmitCplt)
    UART_DMATransmitCplt                     0x08002cc1   Thumb Code    64  stm32f7xx_hal_uart.o(i.UART_DMATransmitCplt)
    i.UART_DMATxHalfCplt                     0x08002d00   Section        0  stm32f7xx_hal_uart.o(i.UART_DMATxHalfCplt)
    UART_DMATxHalfCplt                       0x08002d01   Thumb Code    10  stm32f7xx_hal_uart.o(i.UART_DMATxHalfCplt)
    i.UART_EndRxTransfer                     0x08002d0a   Section        0  stm32f7xx_hal_uart.o(i.UART_EndRxTransfer)
    UART_EndRxTransfer                       0x08002d0b   Thumb Code    76  stm32f7xx_hal_uart.o(i.UART_EndRxTransfer)
    i.UART_EndTxTransfer                     0x08002d56   Section        0  stm32f7xx_hal_uart.o(i.UART_EndTxTransfer)
    UART_EndTxTransfer                       0x08002d57   Thumb Code    24  stm32f7xx_hal_uart.o(i.UART_EndTxTransfer)
    i.UART_SetConfig                         0x08002d70   Section        0  stm32f7xx_hal_uart.o(i.UART_SetConfig)
    i.UART_Start_Receive_DMA                 0x08002fa0   Section        0  stm32f7xx_hal_uart.o(i.UART_Start_Receive_DMA)
    i.UART_WaitOnFlagUntilTimeout            0x08003040   Section        0  stm32f7xx_hal_uart.o(i.UART_WaitOnFlagUntilTimeout)
    i.USART2_IRQHandler                      0x080030d4   Section        0  imu.o(i.USART2_IRQHandler)
    i.USART3_IRQHandler                      0x080031cc   Section        0  stm32f7xx_it.o(i.USART3_IRQHandler)
    i.USART3_Process_data                    0x080031d8   Section        0  motor_command.o(i.USART3_Process_data)
    i.UsageFault_Handler                     0x08003308   Section        0  stm32f7xx_it.o(i.UsageFault_Handler)
    i.__NVIC_SetPriority                     0x0800330a   Section        0  stm32f7xx_hal_cortex.o(i.__NVIC_SetPriority)
    __NVIC_SetPriority                       0x0800330b   Thumb Code    34  stm32f7xx_hal_cortex.o(i.__NVIC_SetPriority)
    i.main                                   0x0800332c   Section        0  main.o(i.main)
    i.makeFreeRtosPriority                   0x08003352   Section        0  cmsis_os.o(i.makeFreeRtosPriority)
    makeFreeRtosPriority                     0x08003353   Thumb Code    14  cmsis_os.o(i.makeFreeRtosPriority)
    i.osDelay                                0x08003360   Section        0  cmsis_os.o(i.osDelay)
    i.osKernelStart                          0x0800336e   Section        0  cmsis_os.o(i.osKernelStart)
    i.osThreadCreate                         0x08003378   Section        0  cmsis_os.o(i.osThreadCreate)
    i.prvAddCurrentTaskToDelayedList         0x080033cc   Section        0  tasks.o(i.prvAddCurrentTaskToDelayedList)
    prvAddCurrentTaskToDelayedList           0x080033cd   Thumb Code   102  tasks.o(i.prvAddCurrentTaskToDelayedList)
    i.prvAddNewTaskToReadyList               0x0800343c   Section        0  tasks.o(i.prvAddNewTaskToReadyList)
    prvAddNewTaskToReadyList                 0x0800343d   Thumb Code   194  tasks.o(i.prvAddNewTaskToReadyList)
    i.prvDeleteTCB                           0x0800350c   Section        0  tasks.o(i.prvDeleteTCB)
    prvDeleteTCB                             0x0800350d   Thumb Code    56  tasks.o(i.prvDeleteTCB)
    i.prvHeapInit                            0x08003544   Section        0  heap_4.o(i.prvHeapInit)
    prvHeapInit                              0x08003545   Thumb Code    70  heap_4.o(i.prvHeapInit)
    i.prvIdleTask                            0x08003594   Section        0  tasks.o(i.prvIdleTask)
    prvIdleTask                              0x08003595   Thumb Code    82  tasks.o(i.prvIdleTask)
    i.prvInitialiseNewTask                   0x080035f4   Section        0  tasks.o(i.prvInitialiseNewTask)
    prvInitialiseNewTask                     0x080035f5   Thumb Code   158  tasks.o(i.prvInitialiseNewTask)
    i.prvInsertBlockIntoFreeList             0x08003694   Section        0  heap_4.o(i.prvInsertBlockIntoFreeList)
    prvInsertBlockIntoFreeList               0x08003695   Thumb Code    72  heap_4.o(i.prvInsertBlockIntoFreeList)
    i.prvResetNextTaskUnblockTime            0x080036e0   Section        0  tasks.o(i.prvResetNextTaskUnblockTime)
    prvResetNextTaskUnblockTime              0x080036e1   Thumb Code    26  tasks.o(i.prvResetNextTaskUnblockTime)
    i.prvTaskExitError                       0x08003700   Section        0  port.o(i.prvTaskExitError)
    prvTaskExitError                         0x08003701   Thumb Code    42  port.o(i.prvTaskExitError)
    i.pvPortMalloc                           0x08003730   Section        0  heap_4.o(i.pvPortMalloc)
    i.pxPortInitialiseStack                  0x0800381c   Section        0  port.o(i.pxPortInitialiseStack)
    i.uart3WriteBuf                          0x0800384c   Section        0  motor_command.o(i.uart3WriteBuf)
    i.uxListRemove                           0x0800385c   Section        0  list.o(i.uxListRemove)
    i.vApplicationGetIdleTaskMemory          0x08003884   Section        0  freertos.o(i.vApplicationGetIdleTaskMemory)
    i.vApplicationMallocFailedHook           0x0800389c   Section        0  freertos.o(i.vApplicationMallocFailedHook)
    i.vListInitialise                        0x0800389e   Section        0  list.o(i.vListInitialise)
    i.vListInitialiseItem                    0x080038b4   Section        0  list.o(i.vListInitialiseItem)
    i.vListInsert                            0x080038ba   Section        0  list.o(i.vListInsert)
    i.vListInsertEnd                         0x080038ea   Section        0  list.o(i.vListInsertEnd)
    i.vPortEnterCritical                     0x08003904   Section        0  port.o(i.vPortEnterCritical)
    i.vPortExitCritical                      0x0800394c   Section        0  port.o(i.vPortExitCritical)
    i.vPortFree                              0x08003978   Section        0  heap_4.o(i.vPortFree)
    i.vPortSetupTimerInterrupt               0x080039dc   Section        0  port.o(i.vPortSetupTimerInterrupt)
    i.vTaskDelay                             0x08003a00   Section        0  tasks.o(i.vTaskDelay)
    i.vTaskDelete                            0x08003a50   Section        0  tasks.o(i.vTaskDelete)
    i.vTaskStartScheduler                    0x08003b00   Section        0  tasks.o(i.vTaskStartScheduler)
    i.vTaskSuspendAll                        0x08003b70   Section        0  tasks.o(i.vTaskSuspendAll)
    i.vTaskSwitchContext                     0x08003b80   Section        0  tasks.o(i.vTaskSwitchContext)
    i.xPortStartScheduler                    0x08003be0   Section        0  port.o(i.xPortStartScheduler)
    i.xTaskCreate                            0x08003ca0   Section        0  tasks.o(i.xTaskCreate)
    i.xTaskCreateStatic                      0x08003cfa   Section        0  tasks.o(i.xTaskCreateStatic)
    i.xTaskIncrementTick                     0x08003d58   Section        0  tasks.o(i.xTaskIncrementTick)
    i.xTaskResumeAll                         0x08003e24   Section        0  tasks.o(i.xTaskResumeAll)
    x$fpl$fpinit                             0x08003eec   Section       10  fpinit.o(x$fpl$fpinit)
    $v0                                      0x08003eec   Number         0  fpinit.o(x$fpl$fpinit)
    .constdata                               0x08003ef8   Section       28  freertos.o(.constdata)
    .constdata                               0x08003f14   Section        8  stm32f7xx_hal_dma.o(.constdata)
    flagBitshiftOffset                       0x08003f14   Data           8  stm32f7xx_hal_dma.o(.constdata)
    .constdata                               0x08003f1c   Section       16  system_stm32f7xx.o(.constdata)
    .constdata                               0x08003f2c   Section        8  system_stm32f7xx.o(.constdata)
    .conststring                             0x08003f34   Section       12  freertos.o(.conststring)
    .data                                    0x20000000   Section        4  freertos.o(.data)
    .data                                    0x20000004   Section       12  stm32f7xx_hal.o(.data)
    .data                                    0x20000010   Section        4  system_stm32f7xx.o(.data)
    .data                                    0x20000014   Section       60  tasks.o(.data)
    pxDelayedTaskList                        0x20000018   Data           4  tasks.o(.data)
    pxOverflowDelayedTaskList                0x2000001c   Data           4  tasks.o(.data)
    uxDeletedTasksWaitingCleanUp             0x20000020   Data           4  tasks.o(.data)
    uxCurrentNumberOfTasks                   0x20000024   Data           4  tasks.o(.data)
    xTickCount                               0x20000028   Data           4  tasks.o(.data)
    uxTopReadyPriority                       0x2000002c   Data           4  tasks.o(.data)
    xSchedulerRunning                        0x20000030   Data           4  tasks.o(.data)
    uxPendedTicks                            0x20000034   Data           4  tasks.o(.data)
    xYieldPending                            0x20000038   Data           4  tasks.o(.data)
    xNumOfOverflows                          0x2000003c   Data           4  tasks.o(.data)
    uxTaskNumber                             0x20000040   Data           4  tasks.o(.data)
    xNextTaskUnblockTime                     0x20000044   Data           4  tasks.o(.data)
    xIdleTaskHandle                          0x20000048   Data           4  tasks.o(.data)
    uxSchedulerSuspended                     0x2000004c   Data           4  tasks.o(.data)
    .data                                    0x20000050   Section       24  heap_4.o(.data)
    pxEnd                                    0x20000050   Data           4  heap_4.o(.data)
    xFreeBytesRemaining                      0x20000054   Data           4  heap_4.o(.data)
    xMinimumEverFreeBytesRemaining           0x20000058   Data           4  heap_4.o(.data)
    xBlockAllocatedBit                       0x2000005c   Data           4  heap_4.o(.data)
    xStart                                   0x20000060   Data           8  heap_4.o(.data)
    .data                                    0x20000068   Section       12  port.o(.data)
    ucMaxSysCallPriority                     0x20000068   Data           1  port.o(.data)
    uxCriticalNesting                        0x2000006c   Data           4  port.o(.data)
    ulMaxPRIGROUPValue                       0x20000070   Data           4  port.o(.data)
    .data                                    0x20000074   Section       29  imu.o(.data)
    read_index                               0x20000076   Data           2  imu.o(.data)
    .data                                    0x20000092   Section        2  delay.o(.data)
    .data                                    0x20000094   Section       68  motor_command.o(.data)
    LB_speedptr                              0x20000098   Data           4  motor_command.o(.data)
    LF_speedptr                              0x2000009c   Data           4  motor_command.o(.data)
    RB_speedptr                              0x200000a0   Data           4  motor_command.o(.data)
    RF_speedptr                              0x200000a4   Data           4  motor_command.o(.data)
    LB_postionptr                            0x200000a8   Data           4  motor_command.o(.data)
    LF_postionptr                            0x200000ac   Data           4  motor_command.o(.data)
    RB_postionptr                            0x200000b0   Data           4  motor_command.o(.data)
    RF_postionptr                            0x200000b4   Data           4  motor_command.o(.data)
    .data                                    0x200000d8   Section        8  start_task.o(.data)
    .bss                                     0x200000e0   Section      596  freertos.o(.bss)
    xIdleTaskTCBBuffer                       0x200000e0   Data          84  freertos.o(.bss)
    xIdleStack                               0x20000134   Data         512  freertos.o(.bss)
    .bss                                     0x20000334   Section       76  tim.o(.bss)
    .bss                                     0x20000380   Section      464  usart.o(.bss)
    .bss                                     0x20000550   Section       76  stm32f7xx_hal_timebase_tim.o(.bss)
    .bss                                     0x2000059c   Section      240  tasks.o(.bss)
    pxReadyTasksLists                        0x2000059c   Data         140  tasks.o(.bss)
    xDelayedTaskList1                        0x20000628   Data          20  tasks.o(.bss)
    xDelayedTaskList2                        0x2000063c   Data          20  tasks.o(.bss)
    xPendingReadyList                        0x20000650   Data          20  tasks.o(.bss)
    xTasksWaitingTermination                 0x20000664   Data          20  tasks.o(.bss)
    xSuspendedTaskList                       0x20000678   Data          20  tasks.o(.bss)
    .bss                                     0x2000068c   Section    15360  heap_4.o(.bss)
    ucHeap                                   0x2000068c   Data       15360  heap_4.o(.bss)
    .bss                                     0x2000428c   Section      140  imu.o(.bss)
    imu_buffer                               0x20004298   Data         128  imu.o(.bss)
    .bss                                     0x20004318   Section       44  imu_control.o(.bss)
    .bss                                     0x20004344   Section      456  motor_command.o(.bss)
    RX_data                                  0x20004344   Data         128  motor_command.o(.bss)
    LB_send                                  0x200043d0   Data          15  motor_command.o(.bss)
    LF_send                                  0x200043df   Data          15  motor_command.o(.bss)
    RB_send                                  0x200043ee   Data          15  motor_command.o(.bss)
    RF_send                                  0x200043fd   Data          15  motor_command.o(.bss)
    rx_buff1                                 0x2000440c   Data         128  motor_command.o(.bss)
    rx_buff2                                 0x2000448c   Data         128  motor_command.o(.bss)
    .bss                                     0x2000450c   Section       96  libspace.o(.bss)
    HEAP                                     0x20004570   Section      512  startup_stm32f750xx.o(HEAP)
    Heap_Mem                                 0x20004570   Data         512  startup_stm32f750xx.o(HEAP)
    STACK                                    0x20004770   Section     1024  startup_stm32f750xx.o(STACK)
    Stack_Mem                                0x20004770   Data        1024  startup_stm32f750xx.o(STACK)
    __initial_sp                             0x20004b70   Data           0  startup_stm32f750xx.o(STACK)

    Global Symbols

    Symbol Name                              Value     Ov Type        Size  Object(Section)

    BuildAttributes$$THM_ISAv4$E$P$D$K$B$S$7EM$VFPi5$EXTD16$VFPS$VFMA$PE$PLD8$A:L22UL41UL21$X:L11$S22US41US21$IEEE1$IW$USESV6$~STKCKD$USESV7$~SHL$OSPACE$ROPI$EBA8$UX$STANDARDLIB$REQ8$PRES8$EABIv2 0x00000000   Number         0  anon$$obj.o ABSOLUTE
    __ARM_use_no_argv                        0x00000000   Number         0  main.o ABSOLUTE
    __ARM_exceptions_init                     - Undefined Weak Reference
    __alloca_initialize                       - Undefined Weak Reference
    __arm_preinit_                            - Undefined Weak Reference
    __cpp_initialize__aeabi_                  - Undefined Weak Reference
    __cxa_finalize                            - Undefined Weak Reference
    __rt_locale                               - Undefined Weak Reference
    __sigvec_lookup                           - Undefined Weak Reference
    _atexit_init                              - Undefined Weak Reference
    _call_atexit_fns                          - Undefined Weak Reference
    _clock_init                               - Undefined Weak Reference
    _fp_trap_init                             - Undefined Weak Reference
    _fp_trap_shutdown                         - Undefined Weak Reference
    _get_lc_collate                           - Undefined Weak Reference
    _get_lc_ctype                             - Undefined Weak Reference
    _get_lc_monetary                          - Undefined Weak Reference
    _get_lc_numeric                           - Undefined Weak Reference
    _get_lc_time                              - Undefined Weak Reference
    _getenv_init                              - Undefined Weak Reference
    _handle_redirection                       - Undefined Weak Reference
    _init_alloc                               - Undefined Weak Reference
    _init_user_alloc                          - Undefined Weak Reference
    _initio                                   - Undefined Weak Reference
    _rand_init                                - Undefined Weak Reference
    _signal_finish                            - Undefined Weak Reference
    _signal_init                              - Undefined Weak Reference
    _terminate_alloc                          - Undefined Weak Reference
    _terminate_user_alloc                     - Undefined Weak Reference
    _terminateio                              - Undefined Weak Reference
    __Vectors_Size                           0x000001c8   Number         0  startup_stm32f750xx.o ABSOLUTE
    __Vectors                                0x08000000   Data           4  startup_stm32f750xx.o(RESET)
    __Vectors_End                            0x080001c8   Data           0  startup_stm32f750xx.o(RESET)
    __main                                   0x080001c9   Thumb Code     8  __main.o(!!!main)
    __scatterload                            0x080001d1   Thumb Code     0  __scatter.o(!!!scatter)
    __scatterload_rt2                        0x080001d1   Thumb Code    44  __scatter.o(!!!scatter)
    __scatterload_rt2_thumb_only             0x080001d1   Thumb Code     0  __scatter.o(!!!scatter)
    __scatterload_null                       0x080001df   Thumb Code     0  __scatter.o(!!!scatter)
    __scatterload_copy                       0x08000205   Thumb Code    26  __scatter_copy.o(!!handler_copy)
    __scatterload_zeroinit                   0x08000221   Thumb Code    28  __scatter_zi.o(!!handler_zi)
    __rt_lib_init                            0x0800023d   Thumb Code     0  libinit.o(.ARM.Collect$$libinit$$00000000)
    __rt_lib_init_fp_1                       0x0800023f   Thumb Code     0  libinit2.o(.ARM.Collect$$libinit$$00000001)
    __rt_lib_init_alloca_1                   0x08000243   Thumb Code     0  libinit2.o(.ARM.Collect$$libinit$$0000002E)
    __rt_lib_init_argv_1                     0x08000243   Thumb Code     0  libinit2.o(.ARM.Collect$$libinit$$0000002C)
    __rt_lib_init_atexit_1                   0x08000243   Thumb Code     0  libinit2.o(.ARM.Collect$$libinit$$0000001B)
    __rt_lib_init_clock_1                    0x08000243   Thumb Code     0  libinit2.o(.ARM.Collect$$libinit$$00000021)
    __rt_lib_init_cpp_1                      0x08000243   Thumb Code     0  libinit2.o(.ARM.Collect$$libinit$$00000032)
    __rt_lib_init_exceptions_1               0x08000243   Thumb Code     0  libinit2.o(.ARM.Collect$$libinit$$00000030)
    __rt_lib_init_fp_trap_1                  0x08000243   Thumb Code     0  libinit2.o(.ARM.Collect$$libinit$$0000001F)
    __rt_lib_init_getenv_1                   0x08000243   Thumb Code     0  libinit2.o(.ARM.Collect$$libinit$$00000023)
    __rt_lib_init_heap_1                     0x08000243   Thumb Code     0  libinit2.o(.ARM.Collect$$libinit$$0000000A)
    __rt_lib_init_lc_collate_1               0x08000243   Thumb Code     0  libinit2.o(.ARM.Collect$$libinit$$00000011)
    __rt_lib_init_lc_ctype_1                 0x08000243   Thumb Code     0  libinit2.o(.ARM.Collect$$libinit$$00000013)
    __rt_lib_init_lc_monetary_1              0x08000243   Thumb Code     0  libinit2.o(.ARM.Collect$$libinit$$00000015)
    __rt_lib_init_lc_numeric_1               0x08000243   Thumb Code     0  libinit2.o(.ARM.Collect$$libinit$$00000017)
    __rt_lib_init_lc_time_1                  0x08000243   Thumb Code     0  libinit2.o(.ARM.Collect$$libinit$$00000019)
    __rt_lib_init_preinit_1                  0x08000243   Thumb Code     0  libinit2.o(.ARM.Collect$$libinit$$00000004)
    __rt_lib_init_rand_1                     0x08000243   Thumb Code     0  libinit2.o(.ARM.Collect$$libinit$$0000000E)
    __rt_lib_init_return                     0x08000243   Thumb Code     0  libinit2.o(.ARM.Collect$$libinit$$00000033)
    __rt_lib_init_signal_1                   0x08000243   Thumb Code     0  libinit2.o(.ARM.Collect$$libinit$$0000001D)
    __rt_lib_init_stdio_1                    0x08000243   Thumb Code     0  libinit2.o(.ARM.Collect$$libinit$$00000025)
    __rt_lib_init_user_alloc_1               0x08000243   Thumb Code     0  libinit2.o(.ARM.Collect$$libinit$$0000000C)
    __rt_lib_shutdown                        0x08000245   Thumb Code     0  libshutdown.o(.ARM.Collect$$libshutdown$$00000000)
    __rt_lib_shutdown_cpp_1                  0x08000247   Thumb Code     0  libshutdown2.o(.ARM.Collect$$libshutdown$$00000002)
    __rt_lib_shutdown_fp_trap_1              0x08000247   Thumb Code     0  libshutdown2.o(.ARM.Collect$$libshutdown$$00000007)
    __rt_lib_shutdown_heap_1                 0x08000247   Thumb Code     0  libshutdown2.o(.ARM.Collect$$libshutdown$$0000000F)
    __rt_lib_shutdown_return                 0x08000247   Thumb Code     0  libshutdown2.o(.ARM.Collect$$libshutdown$$00000010)
    __rt_lib_shutdown_signal_1               0x08000247   Thumb Code     0  libshutdown2.o(.ARM.Collect$$libshutdown$$0000000A)
    __rt_lib_shutdown_stdio_1                0x08000247   Thumb Code     0  libshutdown2.o(.ARM.Collect$$libshutdown$$00000004)
    __rt_lib_shutdown_user_alloc_1           0x08000247   Thumb Code     0  libshutdown2.o(.ARM.Collect$$libshutdown$$0000000C)
    __rt_entry                               0x08000249   Thumb Code     0  __rtentry.o(.ARM.Collect$$rtentry$$00000000)
    __rt_entry_presh_1                       0x08000249   Thumb Code     0  __rtentry2.o(.ARM.Collect$$rtentry$$00000002)
    __rt_entry_sh                            0x08000249   Thumb Code     0  __rtentry4.o(.ARM.Collect$$rtentry$$00000004)
    __rt_entry_li                            0x0800024f   Thumb Code     0  __rtentry2.o(.ARM.Collect$$rtentry$$0000000A)
    __rt_entry_postsh_1                      0x0800024f   Thumb Code     0  __rtentry2.o(.ARM.Collect$$rtentry$$00000009)
    __rt_entry_main                          0x08000253   Thumb Code     0  __rtentry2.o(.ARM.Collect$$rtentry$$0000000D)
    __rt_entry_postli_1                      0x08000253   Thumb Code     0  __rtentry2.o(.ARM.Collect$$rtentry$$0000000C)
    __rt_exit                                0x0800025b   Thumb Code     0  rtexit.o(.ARM.Collect$$rtexit$$00000000)
    __rt_exit_ls                             0x0800025d   Thumb Code     0  rtexit2.o(.ARM.Collect$$rtexit$$00000003)
    __rt_exit_prels_1                        0x0800025d   Thumb Code     0  rtexit2.o(.ARM.Collect$$rtexit$$00000002)
    __rt_exit_exit                           0x08000261   Thumb Code     0  rtexit2.o(.ARM.Collect$$rtexit$$00000004)
    SVC_Handler                              0x08000269   Thumb Code    28  port.o(.emb_text)
    __asm___6_port_c_39a90d8d__prvStartFirstTask 0x08000289   Thumb Code    36  port.o(.emb_text)
    __asm___6_port_c_39a90d8d__prvEnableVFP  0x080002b1   Thumb Code    16  port.o(.emb_text)
    PendSV_Handler                           0x080002c5   Thumb Code    92  port.o(.emb_text)
    vPortGetIPSR                             0x08000325   Thumb Code     6  port.o(.emb_text)
    Reset_Handler                            0x0800032d   Thumb Code     8  startup_stm32f750xx.o(.text)
    ADC_IRQHandler                           0x08000347   Thumb Code     0  startup_stm32f750xx.o(.text)
    CAN1_RX0_IRQHandler                      0x08000347   Thumb Code     0  startup_stm32f750xx.o(.text)
    CAN1_RX1_IRQHandler                      0x08000347   Thumb Code     0  startup_stm32f750xx.o(.text)
    CAN1_SCE_IRQHandler                      0x08000347   Thumb Code     0  startup_stm32f750xx.o(.text)
    CAN1_TX_IRQHandler                       0x08000347   Thumb Code     0  startup_stm32f750xx.o(.text)
    CAN2_RX0_IRQHandler                      0x08000347   Thumb Code     0  startup_stm32f750xx.o(.text)
    CAN2_RX1_IRQHandler                      0x08000347   Thumb Code     0  startup_stm32f750xx.o(.text)
    CAN2_SCE_IRQHandler                      0x08000347   Thumb Code     0  startup_stm32f750xx.o(.text)
    CAN2_TX_IRQHandler                       0x08000347   Thumb Code     0  startup_stm32f750xx.o(.text)
    CEC_IRQHandler                           0x08000347   Thumb Code     0  startup_stm32f750xx.o(.text)
    CRYP_IRQHandler                          0x08000347   Thumb Code     0  startup_stm32f750xx.o(.text)
    DCMI_IRQHandler                          0x08000347   Thumb Code     0  startup_stm32f750xx.o(.text)
    DMA1_Stream0_IRQHandler                  0x08000347   Thumb Code     0  startup_stm32f750xx.o(.text)
    DMA1_Stream2_IRQHandler                  0x08000347   Thumb Code     0  startup_stm32f750xx.o(.text)
    DMA1_Stream3_IRQHandler                  0x08000347   Thumb Code     0  startup_stm32f750xx.o(.text)
    DMA1_Stream4_IRQHandler                  0x08000347   Thumb Code     0  startup_stm32f750xx.o(.text)
    DMA1_Stream6_IRQHandler                  0x08000347   Thumb Code     0  startup_stm32f750xx.o(.text)
    DMA1_Stream7_IRQHandler                  0x08000347   Thumb Code     0  startup_stm32f750xx.o(.text)
    DMA2D_IRQHandler                         0x08000347   Thumb Code     0  startup_stm32f750xx.o(.text)
    DMA2_Stream0_IRQHandler                  0x08000347   Thumb Code     0  startup_stm32f750xx.o(.text)
    DMA2_Stream1_IRQHandler                  0x08000347   Thumb Code     0  startup_stm32f750xx.o(.text)
    DMA2_Stream2_IRQHandler                  0x08000347   Thumb Code     0  startup_stm32f750xx.o(.text)
    DMA2_Stream3_IRQHandler                  0x08000347   Thumb Code     0  startup_stm32f750xx.o(.text)
    DMA2_Stream4_IRQHandler                  0x08000347   Thumb Code     0  startup_stm32f750xx.o(.text)
    DMA2_Stream5_IRQHandler                  0x08000347   Thumb Code     0  startup_stm32f750xx.o(.text)
    DMA2_Stream6_IRQHandler                  0x08000347   Thumb Code     0  startup_stm32f750xx.o(.text)
    DMA2_Stream7_IRQHandler                  0x08000347   Thumb Code     0  startup_stm32f750xx.o(.text)
    ETH_IRQHandler                           0x08000347   Thumb Code     0  startup_stm32f750xx.o(.text)
    ETH_WKUP_IRQHandler                      0x08000347   Thumb Code     0  startup_stm32f750xx.o(.text)
    EXTI0_IRQHandler                         0x08000347   Thumb Code     0  startup_stm32f750xx.o(.text)
    EXTI15_10_IRQHandler                     0x08000347   Thumb Code     0  startup_stm32f750xx.o(.text)
    EXTI1_IRQHandler                         0x08000347   Thumb Code     0  startup_stm32f750xx.o(.text)
    EXTI2_IRQHandler                         0x08000347   Thumb Code     0  startup_stm32f750xx.o(.text)
    EXTI3_IRQHandler                         0x08000347   Thumb Code     0  startup_stm32f750xx.o(.text)
    EXTI4_IRQHandler                         0x08000347   Thumb Code     0  startup_stm32f750xx.o(.text)
    EXTI9_5_IRQHandler                       0x08000347   Thumb Code     0  startup_stm32f750xx.o(.text)
    FLASH_IRQHandler                         0x08000347   Thumb Code     0  startup_stm32f750xx.o(.text)
    FMC_IRQHandler                           0x08000347   Thumb Code     0  startup_stm32f750xx.o(.text)
    FPU_IRQHandler                           0x08000347   Thumb Code     0  startup_stm32f750xx.o(.text)
    HASH_RNG_IRQHandler                      0x08000347   Thumb Code     0  startup_stm32f750xx.o(.text)
    I2C1_ER_IRQHandler                       0x08000347   Thumb Code     0  startup_stm32f750xx.o(.text)
    I2C1_EV_IRQHandler                       0x08000347   Thumb Code     0  startup_stm32f750xx.o(.text)
    I2C2_ER_IRQHandler                       0x08000347   Thumb Code     0  startup_stm32f750xx.o(.text)
    I2C2_EV_IRQHandler                       0x08000347   Thumb Code     0  startup_stm32f750xx.o(.text)
    I2C3_ER_IRQHandler                       0x08000347   Thumb Code     0  startup_stm32f750xx.o(.text)
    I2C3_EV_IRQHandler                       0x08000347   Thumb Code     0  startup_stm32f750xx.o(.text)
    I2C4_ER_IRQHandler                       0x08000347   Thumb Code     0  startup_stm32f750xx.o(.text)
    I2C4_EV_IRQHandler                       0x08000347   Thumb Code     0  startup_stm32f750xx.o(.text)
    LPTIM1_IRQHandler                        0x08000347   Thumb Code     0  startup_stm32f750xx.o(.text)
    LTDC_ER_IRQHandler                       0x08000347   Thumb Code     0  startup_stm32f750xx.o(.text)
    LTDC_IRQHandler                          0x08000347   Thumb Code     0  startup_stm32f750xx.o(.text)
    OTG_FS_IRQHandler                        0x08000347   Thumb Code     0  startup_stm32f750xx.o(.text)
    OTG_FS_WKUP_IRQHandler                   0x08000347   Thumb Code     0  startup_stm32f750xx.o(.text)
    OTG_HS_EP1_IN_IRQHandler                 0x08000347   Thumb Code     0  startup_stm32f750xx.o(.text)
    OTG_HS_EP1_OUT_IRQHandler                0x08000347   Thumb Code     0  startup_stm32f750xx.o(.text)
    OTG_HS_IRQHandler                        0x08000347   Thumb Code     0  startup_stm32f750xx.o(.text)
    OTG_HS_WKUP_IRQHandler                   0x08000347   Thumb Code     0  startup_stm32f750xx.o(.text)
    PVD_IRQHandler                           0x08000347   Thumb Code     0  startup_stm32f750xx.o(.text)
    QUADSPI_IRQHandler                       0x08000347   Thumb Code     0  startup_stm32f750xx.o(.text)
    RCC_IRQHandler                           0x08000347   Thumb Code     0  startup_stm32f750xx.o(.text)
    RTC_Alarm_IRQHandler                     0x08000347   Thumb Code     0  startup_stm32f750xx.o(.text)
    RTC_WKUP_IRQHandler                      0x08000347   Thumb Code     0  startup_stm32f750xx.o(.text)
    SAI1_IRQHandler                          0x08000347   Thumb Code     0  startup_stm32f750xx.o(.text)
    SAI2_IRQHandler                          0x08000347   Thumb Code     0  startup_stm32f750xx.o(.text)
    SDMMC1_IRQHandler                        0x08000347   Thumb Code     0  startup_stm32f750xx.o(.text)
    SPDIF_RX_IRQHandler                      0x08000347   Thumb Code     0  startup_stm32f750xx.o(.text)
    SPI1_IRQHandler                          0x08000347   Thumb Code     0  startup_stm32f750xx.o(.text)
    SPI2_IRQHandler                          0x08000347   Thumb Code     0  startup_stm32f750xx.o(.text)
    SPI3_IRQHandler                          0x08000347   Thumb Code     0  startup_stm32f750xx.o(.text)
    SPI4_IRQHandler                          0x08000347   Thumb Code     0  startup_stm32f750xx.o(.text)
    SPI5_IRQHandler                          0x08000347   Thumb Code     0  startup_stm32f750xx.o(.text)
    SPI6_IRQHandler                          0x08000347   Thumb Code     0  startup_stm32f750xx.o(.text)
    TAMP_STAMP_IRQHandler                    0x08000347   Thumb Code     0  startup_stm32f750xx.o(.text)
    TIM1_BRK_TIM9_IRQHandler                 0x08000347   Thumb Code     0  startup_stm32f750xx.o(.text)
    TIM1_CC_IRQHandler                       0x08000347   Thumb Code     0  startup_stm32f750xx.o(.text)
    TIM1_TRG_COM_TIM11_IRQHandler            0x08000347   Thumb Code     0  startup_stm32f750xx.o(.text)
    TIM1_UP_TIM10_IRQHandler                 0x08000347   Thumb Code     0  startup_stm32f750xx.o(.text)
    TIM2_IRQHandler                          0x08000347   Thumb Code     0  startup_stm32f750xx.o(.text)
    TIM3_IRQHandler                          0x08000347   Thumb Code     0  startup_stm32f750xx.o(.text)
    TIM4_IRQHandler                          0x08000347   Thumb Code     0  startup_stm32f750xx.o(.text)
    TIM5_IRQHandler                          0x08000347   Thumb Code     0  startup_stm32f750xx.o(.text)
    TIM7_IRQHandler                          0x08000347   Thumb Code     0  startup_stm32f750xx.o(.text)
    TIM8_BRK_TIM12_IRQHandler                0x08000347   Thumb Code     0  startup_stm32f750xx.o(.text)
    TIM8_CC_IRQHandler                       0x08000347   Thumb Code     0  startup_stm32f750xx.o(.text)
    TIM8_UP_TIM13_IRQHandler                 0x08000347   Thumb Code     0  startup_stm32f750xx.o(.text)
    UART4_IRQHandler                         0x08000347   Thumb Code     0  startup_stm32f750xx.o(.text)
    UART5_IRQHandler                         0x08000347   Thumb Code     0  startup_stm32f750xx.o(.text)
    UART7_IRQHandler                         0x08000347   Thumb Code     0  startup_stm32f750xx.o(.text)
    UART8_IRQHandler                         0x08000347   Thumb Code     0  startup_stm32f750xx.o(.text)
    USART1_IRQHandler                        0x08000347   Thumb Code     0  startup_stm32f750xx.o(.text)
    USART6_IRQHandler                        0x08000347   Thumb Code     0  startup_stm32f750xx.o(.text)
    WWDG_IRQHandler                          0x08000347   Thumb Code     0  startup_stm32f750xx.o(.text)
    __user_initial_stackheap                 0x08000349   Thumb Code     0  startup_stm32f750xx.o(.text)
    __aeabi_uldivmod                         0x0800036d   Thumb Code     0  lludivv7m.o(.text)
    _ll_udiv                                 0x0800036d   Thumb Code   238  lludivv7m.o(.text)
    __aeabi_memcpy                           0x0800045b   Thumb Code     0  rt_memcpy_v6.o(.text)
    __rt_memcpy                              0x0800045b   Thumb Code   138  rt_memcpy_v6.o(.text)
    _memcpy_lastbytes                        0x080004c1   Thumb Code     0  rt_memcpy_v6.o(.text)
    __aeabi_memcpy4                          0x080004e5   Thumb Code     0  rt_memcpy_w.o(.text)
    __aeabi_memcpy8                          0x080004e5   Thumb Code     0  rt_memcpy_w.o(.text)
    __rt_memcpy_w                            0x080004e5   Thumb Code   100  rt_memcpy_w.o(.text)
    _memcpy_lastbytes_aligned                0x0800052d   Thumb Code     0  rt_memcpy_w.o(.text)
    __aeabi_memclr4                          0x08000549   Thumb Code     0  rt_memclr_w.o(.text)
    __aeabi_memclr8                          0x08000549   Thumb Code     0  rt_memclr_w.o(.text)
    __rt_memclr_w                            0x08000549   Thumb Code    78  rt_memclr_w.o(.text)
    _memset_w                                0x0800054d   Thumb Code     0  rt_memclr_w.o(.text)
    __use_two_region_memory                  0x08000597   Thumb Code     2  heapauxi.o(.text)
    __rt_heap_escrow$2region                 0x08000599   Thumb Code     2  heapauxi.o(.text)
    __rt_heap_expand$2region                 0x0800059b   Thumb Code     2  heapauxi.o(.text)
    __user_setup_stackheap                   0x0800059d   Thumb Code    74  sys_stackheap_outer.o(.text)
    exit                                     0x080005e7   Thumb Code    18  exit.o(.text)
    __user_libspace                          0x080005f9   Thumb Code     8  libspace.o(.text)
    __user_perproc_libspace                  0x080005f9   Thumb Code     0  libspace.o(.text)
    __user_perthread_libspace                0x080005f9   Thumb Code     0  libspace.o(.text)
    _sys_exit                                0x08000601   Thumb Code     8  sys_exit.o(.text)
    __I$use$semihosting                      0x0800060d   Thumb Code     0  use_no_semi.o(.text)
    __use_no_semihosting_swi                 0x0800060d   Thumb Code     2  use_no_semi.o(.text)
    BusFault_Handler                         0x0800060f   Thumb Code     2  stm32f7xx_it.o(i.BusFault_Handler)
    __semihosting_library_function           0x0800060f   Thumb Code     0  indicate_semi.o(.text)
    DMA1_Stream1_IRQHandler                  0x08000611   Thumb Code     6  stm32f7xx_it.o(i.DMA1_Stream1_IRQHandler)
    DMA1_Stream5_IRQHandler                  0x0800061d   Thumb Code     6  stm32f7xx_it.o(i.DMA1_Stream5_IRQHandler)
    DebugMon_Handler                         0x080006cd   Thumb Code     2  stm32f7xx_it.o(i.DebugMon_Handler)
    Delay_Init                               0x080006d1   Thumb Code    22  delay.o(i.Delay_Init)
    Delay_ms                                 0x080006ed   Thumb Code    10  delay.o(i.Delay_ms)
    Error_Handler                            0x080006fd   Thumb Code     4  main.o(i.Error_Handler)
    Gyro_Init                                0x08000701   Thumb Code    36  imu_control.o(i.Gyro_Init)
    HAL_DMA_Abort                            0x08000739   Thumb Code   146  stm32f7xx_hal_dma.o(i.HAL_DMA_Abort)
    HAL_DMA_Abort_IT                         0x080007cb   Thumb Code    36  stm32f7xx_hal_dma.o(i.HAL_DMA_Abort_IT)
    HAL_DMA_GetError                         0x080007ef   Thumb Code     4  stm32f7xx_hal_dma.o(i.HAL_DMA_GetError)
    HAL_DMA_IRQHandler                       0x080007f5   Thumb Code   412  stm32f7xx_hal_dma.o(i.HAL_DMA_IRQHandler)
    HAL_DMA_Init                             0x08000995   Thumb Code   222  stm32f7xx_hal_dma.o(i.HAL_DMA_Init)
    HAL_DMA_Start_IT                         0x08000a79   Thumb Code   122  stm32f7xx_hal_dma.o(i.HAL_DMA_Start_IT)
    HAL_GPIO_Init                            0x08000af5   Thumb Code   530  stm32f7xx_hal_gpio.o(i.HAL_GPIO_Init)
    HAL_GetTick                              0x08000d3d   Thumb Code     6  stm32f7xx_hal.o(i.HAL_GetTick)
    HAL_IncTick                              0x08000d49   Thumb Code    12  stm32f7xx_hal.o(i.HAL_IncTick)
    HAL_Init                                 0x08000d59   Thumb Code    22  stm32f7xx_hal.o(i.HAL_Init)
    HAL_InitTick                             0x08000d71   Thumb Code   132  stm32f7xx_hal_timebase_tim.o(i.HAL_InitTick)
    HAL_MspInit                              0x08000e09   Thumb Code    52  stm32f7xx_hal_msp.o(i.HAL_MspInit)
    HAL_NVIC_EnableIRQ                       0x08000e41   Thumb Code    26  stm32f7xx_hal_cortex.o(i.HAL_NVIC_EnableIRQ)
    HAL_NVIC_SetPriority                     0x08000e5d   Thumb Code    60  stm32f7xx_hal_cortex.o(i.HAL_NVIC_SetPriority)
    HAL_NVIC_SetPriorityGrouping             0x08000e9d   Thumb Code    28  stm32f7xx_hal_cortex.o(i.HAL_NVIC_SetPriorityGrouping)
    HAL_PWREx_EnableOverDrive                0x08000ec1   Thumb Code   100  stm32f7xx_hal_pwr_ex.o(i.HAL_PWREx_EnableOverDrive)
    HAL_RCCEx_PeriphCLKConfig                0x08000f2d   Thumb Code  1276  stm32f7xx_hal_rcc_ex.o(i.HAL_RCCEx_PeriphCLKConfig)
    HAL_RCC_ClockConfig                      0x08001429   Thumb Code   284  stm32f7xx_hal_rcc.o(i.HAL_RCC_ClockConfig)
    HAL_RCC_GetClockConfig                   0x08001559   Thumb Code    56  stm32f7xx_hal_rcc.o(i.HAL_RCC_GetClockConfig)
    HAL_RCC_GetPCLK1Freq                     0x08001599   Thumb Code    20  stm32f7xx_hal_rcc.o(i.HAL_RCC_GetPCLK1Freq)
    HAL_RCC_GetPCLK2Freq                     0x080015b9   Thumb Code    20  stm32f7xx_hal_rcc.o(i.HAL_RCC_GetPCLK2Freq)
    HAL_RCC_GetSysClockFreq                  0x080015d9   Thumb Code    88  stm32f7xx_hal_rcc.o(i.HAL_RCC_GetSysClockFreq)
    HAL_RCC_OscConfig                        0x08001639   Thumb Code   888  stm32f7xx_hal_rcc.o(i.HAL_RCC_OscConfig)
    HAL_TIMEx_Break2Callback                 0x080019bd   Thumb Code     2  stm32f7xx_hal_tim_ex.o(i.HAL_TIMEx_Break2Callback)
    HAL_TIMEx_BreakCallback                  0x080019bf   Thumb Code     2  stm32f7xx_hal_tim_ex.o(i.HAL_TIMEx_BreakCallback)
    HAL_TIMEx_CommutCallback                 0x080019c1   Thumb Code     2  stm32f7xx_hal_tim_ex.o(i.HAL_TIMEx_CommutCallback)
    HAL_TIMEx_MasterConfigSynchronization    0x080019c5   Thumb Code   134  stm32f7xx_hal_tim_ex.o(i.HAL_TIMEx_MasterConfigSynchronization)
    HAL_TIM_Base_Init                        0x08001a69   Thumb Code    98  stm32f7xx_hal_tim.o(i.HAL_TIM_Base_Init)
    HAL_TIM_Base_MspInit                     0x08001acd   Thumb Code    50  tim.o(i.HAL_TIM_Base_MspInit)
    HAL_TIM_Base_Start                       0x08001b09   Thumb Code    96  stm32f7xx_hal_tim.o(i.HAL_TIM_Base_Start)
    HAL_TIM_Base_Start_IT                    0x08001b89   Thumb Code   106  stm32f7xx_hal_tim.o(i.HAL_TIM_Base_Start_IT)
    HAL_TIM_IC_CaptureCallback               0x08001c15   Thumb Code     2  stm32f7xx_hal_tim.o(i.HAL_TIM_IC_CaptureCallback)
    HAL_TIM_IRQHandler                       0x08001c17   Thumb Code   328  stm32f7xx_hal_tim.o(i.HAL_TIM_IRQHandler)
    HAL_TIM_OC_DelayElapsedCallback          0x08001d5f   Thumb Code     2  stm32f7xx_hal_tim.o(i.HAL_TIM_OC_DelayElapsedCallback)
    HAL_TIM_PWM_PulseFinishedCallback        0x08001d61   Thumb Code     2  stm32f7xx_hal_tim.o(i.HAL_TIM_PWM_PulseFinishedCallback)
    HAL_TIM_PeriodElapsedCallback            0x08001d65   Thumb Code    34  main.o(i.HAL_TIM_PeriodElapsedCallback)
    HAL_TIM_TriggerCallback                  0x08001d95   Thumb Code     2  stm32f7xx_hal_tim.o(i.HAL_TIM_TriggerCallback)
    HAL_UARTEx_ReceiveToIdle_DMA             0x08001d97   Thumb Code    74  stm32f7xx_hal_uart_ex.o(i.HAL_UARTEx_ReceiveToIdle_DMA)
    HAL_UARTEx_RxEventCallback               0x08001de1   Thumb Code    14  mynvic.o(i.HAL_UARTEx_RxEventCallback)
    HAL_UART_DMAStop                         0x08001df5   Thumb Code   140  stm32f7xx_hal_uart.o(i.HAL_UART_DMAStop)
    HAL_UART_ErrorCallback                   0x08001e81   Thumb Code     2  stm32f7xx_hal_uart.o(i.HAL_UART_ErrorCallback)
    HAL_UART_IRQHandler                      0x08001e85   Thumb Code   670  stm32f7xx_hal_uart.o(i.HAL_UART_IRQHandler)
    HAL_UART_Init                            0x0800212d   Thumb Code   102  stm32f7xx_hal_uart.o(i.HAL_UART_Init)
    HAL_UART_MspInit                         0x08002195   Thumb Code   336  usart.o(i.HAL_UART_MspInit)
    HAL_UART_Receive_DMA                     0x08002301   Thumb Code    60  stm32f7xx_hal_uart.o(i.HAL_UART_Receive_DMA)
    HAL_UART_RxCpltCallback                  0x0800233d   Thumb Code     2  stm32f7xx_hal_uart.o(i.HAL_UART_RxCpltCallback)
    HAL_UART_RxHalfCpltCallback              0x0800233f   Thumb Code     2  stm32f7xx_hal_uart.o(i.HAL_UART_RxHalfCpltCallback)
    HAL_UART_Transmit_DMA                    0x08002341   Thumb Code   126  stm32f7xx_hal_uart.o(i.HAL_UART_Transmit_DMA)
    HAL_UART_TxCpltCallback                  0x080023cd   Thumb Code     2  stm32f7xx_hal_uart.o(i.HAL_UART_TxCpltCallback)
    HAL_UART_TxHalfCpltCallback              0x080023cf   Thumb Code     2  stm32f7xx_hal_uart.o(i.HAL_UART_TxHalfCpltCallback)
    HardFault_Handler                        0x080023d1   Thumb Code     2  stm32f7xx_it.o(i.HardFault_Handler)
    IMU_Receive_Init                         0x080023d5   Thumb Code    50  imu.o(i.IMU_Receive_Init)
    Init_Task                                0x08002415   Thumb Code    44  start_task.o(i.Init_Task)
    Init_Task_Create                         0x08002445   Thumb Code    26  start_task.o(i.Init_Task_Create)
    MX_DMA_Init                              0x08002475   Thumb Code    56  dma.o(i.MX_DMA_Init)
    MX_FREERTOS_Init                         0x080024b1   Thumb Code    34  freertos.o(i.MX_FREERTOS_Init)
    MX_GPIO_Init                             0x080024dd   Thumb Code    70  gpio.o(i.MX_GPIO_Init)
    MX_TIM6_Init                             0x08002529   Thumb Code    64  tim.o(i.MX_TIM6_Init)
    MX_USART2_UART_Init                      0x08002571   Thumb Code    52  usart.o(i.MX_USART2_UART_Init)
    MX_USART3_UART_Init                      0x080025ad   Thumb Code    52  usart.o(i.MX_USART3_UART_Init)
    MemManage_Handler                        0x080025e9   Thumb Code     2  stm32f7xx_it.o(i.MemManage_Handler)
    Motor_Action_Calculate_target            0x080025ed   Thumb Code    54  motor_command.o(i.Motor_Action_Calculate_target)
    Motor_FinishFlag_Exam                    0x08002629   Thumb Code    68  motor_command.o(i.Motor_FinishFlag_Exam)
    Motor_Init                               0x08002675   Thumb Code    92  motor_command.o(i.Motor_Init)
    Motor_Send_Speed_together                0x080026e1   Thumb Code   138  motor_command.o(i.Motor_Send_Speed_together)
    Motor_setspeed                           0x08002771   Thumb Code    42  motor_command.o(i.Motor_setspeed)
    My_UART3_IRQHandler                      0x080027a1   Thumb Code    22  motor_command.o(i.My_UART3_IRQHandler)
    NMI_Handler                              0x080027c1   Thumb Code     2  stm32f7xx_it.o(i.NMI_Handler)
    PID_init                                 0x080027c5   Thumb Code    34  pid.o(i.PID_init)
    Send_speed_switch                        0x08002809   Thumb Code    68  motor_command.o(i.Send_speed_switch)
    StartDefaultTask                         0x08002851   Thumb Code     8  freertos.o(i.StartDefaultTask)
    Start_Task                               0x08002859   Thumb Code    24  start_task.o(i.Start_Task)
    Start_Task_Create                        0x08002871   Thumb Code    26  start_task.o(i.Start_Task_Create)
    SysTick_Handler                          0x080028a1   Thumb Code    42  port.o(i.SysTick_Handler)
    SystemClock_Config                       0x080028d1   Thumb Code   148  main.o(i.SystemClock_Config)
    SystemInit                               0x0800296d   Thumb Code    12  system_stm32f7xx.o(i.SystemInit)
    TIM6_DAC_IRQHandler                      0x0800297d   Thumb Code     6  stm32f7xx_it.o(i.TIM6_DAC_IRQHandler)
    TIM8_TRG_COM_TIM14_IRQHandler            0x08002989   Thumb Code     6  stm32f7xx_it.o(i.TIM8_TRG_COM_TIM14_IRQHandler)
    TIM_Base_SetConfig                       0x08002995   Thumb Code   166  stm32f7xx_hal_tim.o(i.TIM_Base_SetConfig)
    UART_AdvFeatureConfig                    0x08002a69   Thumb Code   200  stm32f7xx_hal_uart.o(i.UART_AdvFeatureConfig)
    UART_CheckIdleState                      0x08002b31   Thumb Code    90  stm32f7xx_hal_uart.o(i.UART_CheckIdleState)
    UART_SetConfig                           0x08002d71   Thumb Code   516  stm32f7xx_hal_uart.o(i.UART_SetConfig)
    UART_Start_Receive_DMA                   0x08002fa1   Thumb Code   146  stm32f7xx_hal_uart.o(i.UART_Start_Receive_DMA)
    UART_WaitOnFlagUntilTimeout              0x08003041   Thumb Code   148  stm32f7xx_hal_uart.o(i.UART_WaitOnFlagUntilTimeout)
    USART2_IRQHandler                        0x080030d5   Thumb Code   214  imu.o(i.USART2_IRQHandler)
    USART3_IRQHandler                        0x080031cd   Thumb Code     6  stm32f7xx_it.o(i.USART3_IRQHandler)
    USART3_Process_data                      0x080031d9   Thumb Code   292  motor_command.o(i.USART3_Process_data)
    UsageFault_Handler                       0x08003309   Thumb Code     2  stm32f7xx_it.o(i.UsageFault_Handler)
    main                                     0x0800332d   Thumb Code    38  main.o(i.main)
    osDelay                                  0x08003361   Thumb Code    14  cmsis_os.o(i.osDelay)
    osKernelStart                            0x0800336f   Thumb Code    10  cmsis_os.o(i.osKernelStart)
    osThreadCreate                           0x08003379   Thumb Code    84  cmsis_os.o(i.osThreadCreate)
    pvPortMalloc                             0x08003731   Thumb Code   232  heap_4.o(i.pvPortMalloc)
    pxPortInitialiseStack                    0x0800381d   Thumb Code    42  port.o(i.pxPortInitialiseStack)
    uart3WriteBuf                            0x0800384d   Thumb Code    10  motor_command.o(i.uart3WriteBuf)
    uxListRemove                             0x0800385d   Thumb Code    38  list.o(i.uxListRemove)
    vApplicationGetIdleTaskMemory            0x08003885   Thumb Code    18  freertos.o(i.vApplicationGetIdleTaskMemory)
    vApplicationMallocFailedHook             0x0800389d   Thumb Code     2  freertos.o(i.vApplicationMallocFailedHook)
    vListInitialise                          0x0800389f   Thumb Code    22  list.o(i.vListInitialise)
    vListInitialiseItem                      0x080038b5   Thumb Code     6  list.o(i.vListInitialiseItem)
    vListInsert                              0x080038bb   Thumb Code    48  list.o(i.vListInsert)
    vListInsertEnd                           0x080038eb   Thumb Code    24  list.o(i.vListInsertEnd)
    vPortEnterCritical                       0x08003905   Thumb Code    62  port.o(i.vPortEnterCritical)
    vPortExitCritical                        0x0800394d   Thumb Code    38  port.o(i.vPortExitCritical)
    vPortFree                                0x08003979   Thumb Code    96  heap_4.o(i.vPortFree)
    vPortSetupTimerInterrupt                 0x080039dd   Thumb Code    32  port.o(i.vPortSetupTimerInterrupt)
    vTaskDelay                               0x08003a01   Thumb Code    70  tasks.o(i.vTaskDelay)
    vTaskDelete                              0x08003a51   Thumb Code   162  tasks.o(i.vTaskDelete)
    vTaskStartScheduler                      0x08003b01   Thumb Code    94  tasks.o(i.vTaskStartScheduler)
    vTaskSuspendAll                          0x08003b71   Thumb Code    10  tasks.o(i.vTaskSuspendAll)
    vTaskSwitchContext                       0x08003b81   Thumb Code    86  tasks.o(i.vTaskSwitchContext)
    xPortStartScheduler                      0x08003be1   Thumb Code   176  port.o(i.xPortStartScheduler)
    xTaskCreate                              0x08003ca1   Thumb Code    90  tasks.o(i.xTaskCreate)
    xTaskCreateStatic                        0x08003cfb   Thumb Code    94  tasks.o(i.xTaskCreateStatic)
    xTaskIncrementTick                       0x08003d59   Thumb Code   196  tasks.o(i.xTaskIncrementTick)
    xTaskResumeAll                           0x08003e25   Thumb Code   188  tasks.o(i.xTaskResumeAll)
    _fp_init                                 0x08003eed   Thumb Code    10  fpinit.o(x$fpl$fpinit)
    __fplib_config_fpu_vfp                   0x08003ef5   Thumb Code     0  fpinit.o(x$fpl$fpinit)
    __fplib_config_pureend_doubles           0x08003ef5   Thumb Code     0  fpinit.o(x$fpl$fpinit)
    AHBPrescTable                            0x08003f1c   Data          16  system_stm32f7xx.o(.constdata)
    APBPrescTable                            0x08003f2c   Data           8  system_stm32f7xx.o(.constdata)
    Region$$Table$$Base                      0x08003f40   Number         0  anon$$obj.o(Region$$Table)
    Region$$Table$$Limit                     0x08003f60   Number         0  anon$$obj.o(Region$$Table)
    defaultTaskHandle                        0x20000000   Data           4  freertos.o(.data)
    uwTickFreq                               0x20000004   Data           1  stm32f7xx_hal.o(.data)
    uwTickPrio                               0x20000008   Data           4  stm32f7xx_hal.o(.data)
    uwTick                                   0x2000000c   Data           4  stm32f7xx_hal.o(.data)
    SystemCoreClock                          0x20000010   Data           4  system_stm32f7xx.o(.data)
    pxCurrentTCB                             0x20000014   Data           4  tasks.o(.data)
    mpu_flash                                0x20000074   Data           1  imu.o(.data)
    unlock_register                          0x20000078   Data           5  imu.o(.data)
    reset_z_axis                             0x2000007d   Data           5  imu.o(.data)
    set_output_200Hz                         0x20000082   Data           5  imu.o(.data)
    set_baudrate_115200                      0x20000087   Data           5  imu.o(.data)
    save_settings                            0x2000008c   Data           5  imu.o(.data)
    delay_time                               0x20000092   Data           2  delay.o(.data)
    motor_check                              0x20000094   Data           2  motor_command.o(.data)
    motor1                                   0x200000b8   Data           8  motor_command.o(.data)
    motor2                                   0x200000c0   Data           8  motor_command.o(.data)
    motor3                                   0x200000c8   Data           8  motor_command.o(.data)
    motor4                                   0x200000d0   Data           8  motor_command.o(.data)
    Start_Task_Handle                        0x200000d8   Data           4  start_task.o(.data)
    Init_Task_Handle                         0x200000dc   Data           4  start_task.o(.data)
    htim6                                    0x20000334   Data          76  tim.o(.bss)
    huart2                                   0x20000380   Data         136  usart.o(.bss)
    huart3                                   0x20000408   Data         136  usart.o(.bss)
    hdma_usart2_rx                           0x20000490   Data          96  usart.o(.bss)
    hdma_usart3_rx                           0x200004f0   Data          96  usart.o(.bss)
    htim14                                   0x20000550   Data          76  stm32f7xx_hal_timebase_tim.o(.bss)
    imu                                      0x2000428c   Data          12  imu.o(.bss)
    Gyro_PID                                 0x20004318   Data          32  imu_control.o(.bss)
    imu_run                                  0x20004338   Data          12  imu_control.o(.bss)
    car_setspeed                             0x200043c4   Data          12  motor_command.o(.bss)
    __libspace_start                         0x2000450c   Data          96  libspace.o(.bss)
    __temporary_stack_top$libspace           0x2000456c   Data           0  libspace.o(.bss)



==============================================================================

Memory Map of the image

  Image Entry point : 0x080001c9

  Load Region LR_IROM1 (Base: 0x08000000, Size: 0x00004040, Max: 0x00010000, ABSOLUTE)

    Execution Region ER_IROM1 (Exec base: 0x08000000, Load base: 0x08000000, Size: 0x00003f60, Max: 0x00010000, ABSOLUTE)

    Exec Addr    Load Addr    Size         Type   Attr      Idx    E Section Name        Object

    0x08000000   0x08000000   0x000001c8   Data   RO            3    RESET               startup_stm32f750xx.o
    0x080001c8   0x080001c8   0x00000008   Code   RO         5537  * !!!main             c_w.l(__main.o)
    0x080001d0   0x080001d0   0x00000034   Code   RO         5706    !!!scatter          c_w.l(__scatter.o)
    0x08000204   0x08000204   0x0000001a   Code   RO         5708    !!handler_copy      c_w.l(__scatter_copy.o)
    0x0800021e   0x0800021e   0x00000002   PAD
    0x08000220   0x08000220   0x0000001c   Code   RO         5710    !!handler_zi        c_w.l(__scatter_zi.o)
    0x0800023c   0x0800023c   0x00000002   Code   RO         5576    .ARM.Collect$$libinit$$00000000  c_w.l(libinit.o)
    0x0800023e   0x0800023e   0x00000004   Code   RO         5588    .ARM.Collect$$libinit$$00000001  c_w.l(libinit2.o)
    0x08000242   0x08000242   0x00000000   Code   RO         5591    .ARM.Collect$$libinit$$00000004  c_w.l(libinit2.o)
    0x08000242   0x08000242   0x00000000   Code   RO         5594    .ARM.Collect$$libinit$$0000000A  c_w.l(libinit2.o)
    0x08000242   0x08000242   0x00000000   Code   RO         5596    .ARM.Collect$$libinit$$0000000C  c_w.l(libinit2.o)
    0x08000242   0x08000242   0x00000000   Code   RO         5598    .ARM.Collect$$libinit$$0000000E  c_w.l(libinit2.o)
    0x08000242   0x08000242   0x00000000   Code   RO         5601    .ARM.Collect$$libinit$$00000011  c_w.l(libinit2.o)
    0x08000242   0x08000242   0x00000000   Code   RO         5603    .ARM.Collect$$libinit$$00000013  c_w.l(libinit2.o)
    0x08000242   0x08000242   0x00000000   Code   RO         5605    .ARM.Collect$$libinit$$00000015  c_w.l(libinit2.o)
    0x08000242   0x08000242   0x00000000   Code   RO         5607    .ARM.Collect$$libinit$$00000017  c_w.l(libinit2.o)
    0x08000242   0x08000242   0x00000000   Code   RO         5609    .ARM.Collect$$libinit$$00000019  c_w.l(libinit2.o)
    0x08000242   0x08000242   0x00000000   Code   RO         5611    .ARM.Collect$$libinit$$0000001B  c_w.l(libinit2.o)
    0x08000242   0x08000242   0x00000000   Code   RO         5613    .ARM.Collect$$libinit$$0000001D  c_w.l(libinit2.o)
    0x08000242   0x08000242   0x00000000   Code   RO         5615    .ARM.Collect$$libinit$$0000001F  c_w.l(libinit2.o)
    0x08000242   0x08000242   0x00000000   Code   RO         5617    .ARM.Collect$$libinit$$00000021  c_w.l(libinit2.o)
    0x08000242   0x08000242   0x00000000   Code   RO         5619    .ARM.Collect$$libinit$$00000023  c_w.l(libinit2.o)
    0x08000242   0x08000242   0x00000000   Code   RO         5621    .ARM.Collect$$libinit$$00000025  c_w.l(libinit2.o)
    0x08000242   0x08000242   0x00000000   Code   RO         5625    .ARM.Collect$$libinit$$0000002C  c_w.l(libinit2.o)
    0x08000242   0x08000242   0x00000000   Code   RO         5627    .ARM.Collect$$libinit$$0000002E  c_w.l(libinit2.o)
    0x08000242   0x08000242   0x00000000   Code   RO         5629    .ARM.Collect$$libinit$$00000030  c_w.l(libinit2.o)
    0x08000242   0x08000242   0x00000000   Code   RO         5631    .ARM.Collect$$libinit$$00000032  c_w.l(libinit2.o)
    0x08000242   0x08000242   0x00000002   Code   RO         5632    .ARM.Collect$$libinit$$00000033  c_w.l(libinit2.o)
    0x08000244   0x08000244   0x00000002   Code   RO         5663    .ARM.Collect$$libshutdown$$00000000  c_w.l(libshutdown.o)
    0x08000246   0x08000246   0x00000000   Code   RO         5689    .ARM.Collect$$libshutdown$$00000002  c_w.l(libshutdown2.o)
    0x08000246   0x08000246   0x00000000   Code   RO         5691    .ARM.Collect$$libshutdown$$00000004  c_w.l(libshutdown2.o)
    0x08000246   0x08000246   0x00000000   Code   RO         5694    .ARM.Collect$$libshutdown$$00000007  c_w.l(libshutdown2.o)
    0x08000246   0x08000246   0x00000000   Code   RO         5697    .ARM.Collect$$libshutdown$$0000000A  c_w.l(libshutdown2.o)
    0x08000246   0x08000246   0x00000000   Code   RO         5699    .ARM.Collect$$libshutdown$$0000000C  c_w.l(libshutdown2.o)
    0x08000246   0x08000246   0x00000000   Code   RO         5702    .ARM.Collect$$libshutdown$$0000000F  c_w.l(libshutdown2.o)
    0x08000246   0x08000246   0x00000002   Code   RO         5703    .ARM.Collect$$libshutdown$$00000010  c_w.l(libshutdown2.o)
    0x08000248   0x08000248   0x00000000   Code   RO         5539    .ARM.Collect$$rtentry$$00000000  c_w.l(__rtentry.o)
    0x08000248   0x08000248   0x00000000   Code   RO         5547    .ARM.Collect$$rtentry$$00000002  c_w.l(__rtentry2.o)
    0x08000248   0x08000248   0x00000006   Code   RO         5559    .ARM.Collect$$rtentry$$00000004  c_w.l(__rtentry4.o)
    0x0800024e   0x0800024e   0x00000000   Code   RO         5549    .ARM.Collect$$rtentry$$00000009  c_w.l(__rtentry2.o)
    0x0800024e   0x0800024e   0x00000004   Code   RO         5550    .ARM.Collect$$rtentry$$0000000A  c_w.l(__rtentry2.o)
    0x08000252   0x08000252   0x00000000   Code   RO         5552    .ARM.Collect$$rtentry$$0000000C  c_w.l(__rtentry2.o)
    0x08000252   0x08000252   0x00000008   Code   RO         5553    .ARM.Collect$$rtentry$$0000000D  c_w.l(__rtentry2.o)
    0x0800025a   0x0800025a   0x00000002   Code   RO         5580    .ARM.Collect$$rtexit$$00000000  c_w.l(rtexit.o)
    0x0800025c   0x0800025c   0x00000000   Code   RO         5636    .ARM.Collect$$rtexit$$00000002  c_w.l(rtexit2.o)
    0x0800025c   0x0800025c   0x00000004   Code   RO         5637    .ARM.Collect$$rtexit$$00000003  c_w.l(rtexit2.o)
    0x08000260   0x08000260   0x00000006   Code   RO         5638    .ARM.Collect$$rtexit$$00000004  c_w.l(rtexit2.o)
    0x08000266   0x08000266   0x00000002   PAD
    0x08000268   0x08000268   0x000000c2   Code   RO         4966    .emb_text           port.o
    0x0800032a   0x0800032a   0x00000002   PAD
    0x0800032c   0x0800032c   0x00000040   Code   RO            4    .text               startup_stm32f750xx.o
    0x0800036c   0x0800036c   0x000000ee   Code   RO         5525    .text               c_w.l(lludivv7m.o)
    0x0800045a   0x0800045a   0x0000008a   Code   RO         5527    .text               c_w.l(rt_memcpy_v6.o)
    0x080004e4   0x080004e4   0x00000064   Code   RO         5529    .text               c_w.l(rt_memcpy_w.o)
    0x08000548   0x08000548   0x0000004e   Code   RO         5533    .text               c_w.l(rt_memclr_w.o)
    0x08000596   0x08000596   0x00000006   Code   RO         5535    .text               c_w.l(heapauxi.o)
    0x0800059c   0x0800059c   0x0000004a   Code   RO         5563    .text               c_w.l(sys_stackheap_outer.o)
    0x080005e6   0x080005e6   0x00000012   Code   RO         5565    .text               c_w.l(exit.o)
    0x080005f8   0x080005f8   0x00000008   Code   RO         5577    .text               c_w.l(libspace.o)
    0x08000600   0x08000600   0x0000000c   Code   RO         5633    .text               c_w.l(sys_exit.o)
    0x0800060c   0x0800060c   0x00000002   Code   RO         5652    .text               c_w.l(use_no_semi.o)
    0x0800060e   0x0800060e   0x00000000   Code   RO         5654    .text               c_w.l(indicate_semi.o)
    0x0800060e   0x0800060e   0x00000002   Code   RO          433    i.BusFault_Handler  stm32f7xx_it.o
    0x08000610   0x08000610   0x0000000c   Code   RO          434    i.DMA1_Stream1_IRQHandler  stm32f7xx_it.o
    0x0800061c   0x0800061c   0x0000000c   Code   RO          435    i.DMA1_Stream5_IRQHandler  stm32f7xx_it.o
    0x08000628   0x08000628   0x00000028   Code   RO         2136    i.DMA_CalcBaseAndBitshift  stm32f7xx_hal_dma.o
    0x08000650   0x08000650   0x00000054   Code   RO         2137    i.DMA_CheckFifoParam  stm32f7xx_hal_dma.o
    0x080006a4   0x080006a4   0x00000028   Code   RO         2138    i.DMA_SetConfig     stm32f7xx_hal_dma.o
    0x080006cc   0x080006cc   0x00000002   Code   RO          436    i.DebugMon_Handler  stm32f7xx_it.o
    0x080006ce   0x080006ce   0x00000002   PAD
    0x080006d0   0x080006d0   0x0000001c   Code   RO         5158    i.Delay_Init        delay.o
    0x080006ec   0x080006ec   0x00000010   Code   RO         5159    i.Delay_ms          delay.o
    0x080006fc   0x080006fc   0x00000004   Code   RO           13    i.Error_Handler     main.o
    0x08000700   0x08000700   0x00000038   Code   RO         5196    i.Gyro_Init         imu_control.o
    0x08000738   0x08000738   0x00000092   Code   RO         2139    i.HAL_DMA_Abort     stm32f7xx_hal_dma.o
    0x080007ca   0x080007ca   0x00000024   Code   RO         2140    i.HAL_DMA_Abort_IT  stm32f7xx_hal_dma.o
    0x080007ee   0x080007ee   0x00000004   Code   RO         2142    i.HAL_DMA_GetError  stm32f7xx_hal_dma.o
    0x080007f2   0x080007f2   0x00000002   PAD
    0x080007f4   0x080007f4   0x000001a0   Code   RO         2144    i.HAL_DMA_IRQHandler  stm32f7xx_hal_dma.o
    0x08000994   0x08000994   0x000000e4   Code   RO         2145    i.HAL_DMA_Init      stm32f7xx_hal_dma.o
    0x08000a78   0x08000a78   0x0000007a   Code   RO         2149    i.HAL_DMA_Start_IT  stm32f7xx_hal_dma.o
    0x08000af2   0x08000af2   0x00000002   PAD
    0x08000af4   0x08000af4   0x00000248   Code   RO         2073    i.HAL_GPIO_Init     stm32f7xx_hal_gpio.o
    0x08000d3c   0x08000d3c   0x0000000c   Code   RO         2514    i.HAL_GetTick       stm32f7xx_hal.o
    0x08000d48   0x08000d48   0x00000010   Code   RO         2520    i.HAL_IncTick       stm32f7xx_hal.o
    0x08000d58   0x08000d58   0x00000016   Code   RO         2521    i.HAL_Init          stm32f7xx_hal.o
    0x08000d6e   0x08000d6e   0x00000002   PAD
    0x08000d70   0x08000d70   0x00000098   Code   RO          545    i.HAL_InitTick      stm32f7xx_hal_timebase_tim.o
    0x08000e08   0x08000e08   0x00000038   Code   RO          521    i.HAL_MspInit       stm32f7xx_hal_msp.o
    0x08000e40   0x08000e40   0x0000001a   Code   RO         1586    i.HAL_NVIC_EnableIRQ  stm32f7xx_hal_cortex.o
    0x08000e5a   0x08000e5a   0x00000002   PAD
    0x08000e5c   0x08000e5c   0x00000040   Code   RO         1592    i.HAL_NVIC_SetPriority  stm32f7xx_hal_cortex.o
    0x08000e9c   0x08000e9c   0x00000024   Code   RO         1593    i.HAL_NVIC_SetPriorityGrouping  stm32f7xx_hal_cortex.o
    0x08000ec0   0x08000ec0   0x0000006c   Code   RO         2413    i.HAL_PWREx_EnableOverDrive  stm32f7xx_hal_pwr_ex.o
    0x08000f2c   0x08000f2c   0x000004fc   Code   RO         1834    i.HAL_RCCEx_PeriphCLKConfig  stm32f7xx_hal_rcc_ex.o
    0x08001428   0x08001428   0x00000130   Code   RO         1727    i.HAL_RCC_ClockConfig  stm32f7xx_hal_rcc.o
    0x08001558   0x08001558   0x00000040   Code   RO         1731    i.HAL_RCC_GetClockConfig  stm32f7xx_hal_rcc.o
    0x08001598   0x08001598   0x00000020   Code   RO         1734    i.HAL_RCC_GetPCLK1Freq  stm32f7xx_hal_rcc.o
    0x080015b8   0x080015b8   0x00000020   Code   RO         1735    i.HAL_RCC_GetPCLK2Freq  stm32f7xx_hal_rcc.o
    0x080015d8   0x080015d8   0x00000060   Code   RO         1736    i.HAL_RCC_GetSysClockFreq  stm32f7xx_hal_rcc.o
    0x08001638   0x08001638   0x00000384   Code   RO         1739    i.HAL_RCC_OscConfig  stm32f7xx_hal_rcc.o
    0x080019bc   0x080019bc   0x00000002   Code   RO         1300    i.HAL_TIMEx_Break2Callback  stm32f7xx_hal_tim_ex.o
    0x080019be   0x080019be   0x00000002   Code   RO         1301    i.HAL_TIMEx_BreakCallback  stm32f7xx_hal_tim_ex.o
    0x080019c0   0x080019c0   0x00000002   Code   RO         1302    i.HAL_TIMEx_CommutCallback  stm32f7xx_hal_tim_ex.o
    0x080019c2   0x080019c2   0x00000002   PAD
    0x080019c4   0x080019c4   0x000000a4   Code   RO         1321    i.HAL_TIMEx_MasterConfigSynchronization  stm32f7xx_hal_tim_ex.o
    0x08001a68   0x08001a68   0x00000062   Code   RO          586    i.HAL_TIM_Base_Init  stm32f7xx_hal_tim.o
    0x08001aca   0x08001aca   0x00000002   PAD
    0x08001acc   0x08001acc   0x0000003c   Code   RO          344    i.HAL_TIM_Base_MspInit  tim.o
    0x08001b08   0x08001b08   0x00000080   Code   RO          589    i.HAL_TIM_Base_Start  stm32f7xx_hal_tim.o
    0x08001b88   0x08001b88   0x0000008c   Code   RO          591    i.HAL_TIM_Base_Start_IT  stm32f7xx_hal_tim.o
    0x08001c14   0x08001c14   0x00000002   Code   RO          620    i.HAL_TIM_IC_CaptureCallback  stm32f7xx_hal_tim.o
    0x08001c16   0x08001c16   0x00000148   Code   RO          634    i.HAL_TIM_IRQHandler  stm32f7xx_hal_tim.o
    0x08001d5e   0x08001d5e   0x00000002   Code   RO          637    i.HAL_TIM_OC_DelayElapsedCallback  stm32f7xx_hal_tim.o
    0x08001d60   0x08001d60   0x00000002   Code   RO          664    i.HAL_TIM_PWM_PulseFinishedCallback  stm32f7xx_hal_tim.o
    0x08001d62   0x08001d62   0x00000002   PAD
    0x08001d64   0x08001d64   0x00000030   Code   RO           14    i.HAL_TIM_PeriodElapsedCallback  main.o
    0x08001d94   0x08001d94   0x00000002   Code   RO          677    i.HAL_TIM_TriggerCallback  stm32f7xx_hal_tim.o
    0x08001d96   0x08001d96   0x0000004a   Code   RO         3679    i.HAL_UARTEx_ReceiveToIdle_DMA  stm32f7xx_hal_uart_ex.o
    0x08001de0   0x08001de0   0x00000014   Code   RO         5046    i.HAL_UARTEx_RxEventCallback  mynvic.o
    0x08001df4   0x08001df4   0x0000008c   Code   RO         3304    i.HAL_UART_DMAStop  stm32f7xx_hal_uart.o
    0x08001e80   0x08001e80   0x00000002   Code   RO         3308    i.HAL_UART_ErrorCallback  stm32f7xx_hal_uart.o
    0x08001e82   0x08001e82   0x00000002   PAD
    0x08001e84   0x08001e84   0x000002a8   Code   RO         3311    i.HAL_UART_IRQHandler  stm32f7xx_hal_uart.o
    0x0800212c   0x0800212c   0x00000066   Code   RO         3312    i.HAL_UART_Init     stm32f7xx_hal_uart.o
    0x08002192   0x08002192   0x00000002   PAD
    0x08002194   0x08002194   0x0000016c   Code   RO          386    i.HAL_UART_MspInit  usart.o
    0x08002300   0x08002300   0x0000003c   Code   RO         3316    i.HAL_UART_Receive_DMA  stm32f7xx_hal_uart.o
    0x0800233c   0x0800233c   0x00000002   Code   RO         3319    i.HAL_UART_RxCpltCallback  stm32f7xx_hal_uart.o
    0x0800233e   0x0800233e   0x00000002   Code   RO         3320    i.HAL_UART_RxHalfCpltCallback  stm32f7xx_hal_uart.o
    0x08002340   0x08002340   0x0000008c   Code   RO         3322    i.HAL_UART_Transmit_DMA  stm32f7xx_hal_uart.o
    0x080023cc   0x080023cc   0x00000002   Code   RO         3324    i.HAL_UART_TxCpltCallback  stm32f7xx_hal_uart.o
    0x080023ce   0x080023ce   0x00000002   Code   RO         3325    i.HAL_UART_TxHalfCpltCallback  stm32f7xx_hal_uart.o
    0x080023d0   0x080023d0   0x00000002   Code   RO          437    i.HardFault_Handler  stm32f7xx_it.o
    0x080023d2   0x080023d2   0x00000002   PAD
    0x080023d4   0x080023d4   0x00000040   Code   RO         5073    i.IMU_Receive_Init  imu.o
    0x08002414   0x08002414   0x00000030   Code   RO         5469    i.Init_Task         start_task.o
    0x08002444   0x08002444   0x00000030   Code   RO         5470    i.Init_Task_Create  start_task.o
    0x08002474   0x08002474   0x0000003c   Code   RO          319    i.MX_DMA_Init       dma.o
    0x080024b0   0x080024b0   0x0000002c   Code   RO          241    i.MX_FREERTOS_Init  freertos.o
    0x080024dc   0x080024dc   0x0000004c   Code   RO          217    i.MX_GPIO_Init      gpio.o
    0x08002528   0x08002528   0x00000048   Code   RO          345    i.MX_TIM6_Init      tim.o
    0x08002570   0x08002570   0x0000003c   Code   RO          387    i.MX_USART2_UART_Init  usart.o
    0x080025ac   0x080025ac   0x0000003c   Code   RO          388    i.MX_USART3_UART_Init  usart.o
    0x080025e8   0x080025e8   0x00000002   Code   RO          438    i.MemManage_Handler  stm32f7xx_it.o
    0x080025ea   0x080025ea   0x00000002   PAD
    0x080025ec   0x080025ec   0x0000003c   Code   RO         5279    i.Motor_Action_Calculate_target  motor_command.o
    0x08002628   0x08002628   0x0000004c   Code   RO         5280    i.Motor_FinishFlag_Exam  motor_command.o
    0x08002674   0x08002674   0x0000006c   Code   RO         5281    i.Motor_Init        motor_command.o
    0x080026e0   0x080026e0   0x00000090   Code   RO         5282    i.Motor_Send_Speed_together  motor_command.o
    0x08002770   0x08002770   0x00000030   Code   RO         5284    i.Motor_setspeed    motor_command.o
    0x080027a0   0x080027a0   0x00000020   Code   RO         5285    i.My_UART3_IRQHandler  motor_command.o
    0x080027c0   0x080027c0   0x00000002   Code   RO          439    i.NMI_Handler       stm32f7xx_it.o
    0x080027c2   0x080027c2   0x00000002   PAD
    0x080027c4   0x080027c4   0x0000002c   Code   RO         5386    i.PID_init          pid.o
    0x080027f0   0x080027f0   0x00000018   Code   RO         5079    i.RingBuffer_Peek   imu.o
    0x08002808   0x08002808   0x00000048   Code   RO         5288    i.Send_speed_switch  motor_command.o
    0x08002850   0x08002850   0x00000008   Code   RO          242    i.StartDefaultTask  freertos.o
    0x08002858   0x08002858   0x00000018   Code   RO         5471    i.Start_Task        start_task.o
    0x08002870   0x08002870   0x00000030   Code   RO         5472    i.Start_Task_Create  start_task.o
    0x080028a0   0x080028a0   0x00000030   Code   RO         4967    i.SysTick_Handler   port.o
    0x080028d0   0x080028d0   0x0000009c   Code   RO           15    i.SystemClock_Config  main.o
    0x0800296c   0x0800296c   0x00000010   Code   RO         3730    i.SystemInit        system_stm32f7xx.o
    0x0800297c   0x0800297c   0x0000000c   Code   RO          440    i.TIM6_DAC_IRQHandler  stm32f7xx_it.o
    0x08002988   0x08002988   0x0000000c   Code   RO          441    i.TIM8_TRG_COM_TIM14_IRQHandler  stm32f7xx_it.o
    0x08002994   0x08002994   0x000000d4   Code   RO          679    i.TIM_Base_SetConfig  stm32f7xx_hal_tim.o
    0x08002a68   0x08002a68   0x000000c8   Code   RO         3326    i.UART_AdvFeatureConfig  stm32f7xx_hal_uart.o
    0x08002b30   0x08002b30   0x0000005a   Code   RO         3327    i.UART_CheckIdleState  stm32f7xx_hal_uart.o
    0x08002b8a   0x08002b8a   0x00000010   Code   RO         3328    i.UART_DMAAbortOnError  stm32f7xx_hal_uart.o
    0x08002b9a   0x08002b9a   0x0000004c   Code   RO         3329    i.UART_DMAError     stm32f7xx_hal_uart.o
    0x08002be6   0x08002be6   0x0000009e   Code   RO         3330    i.UART_DMAReceiveCplt  stm32f7xx_hal_uart.o
    0x08002c84   0x08002c84   0x0000003c   Code   RO         3332    i.UART_DMARxHalfCplt  stm32f7xx_hal_uart.o
    0x08002cc0   0x08002cc0   0x00000040   Code   RO         3334    i.UART_DMATransmitCplt  stm32f7xx_hal_uart.o
    0x08002d00   0x08002d00   0x0000000a   Code   RO         3336    i.UART_DMATxHalfCplt  stm32f7xx_hal_uart.o
    0x08002d0a   0x08002d0a   0x0000004c   Code   RO         3338    i.UART_EndRxTransfer  stm32f7xx_hal_uart.o
    0x08002d56   0x08002d56   0x00000018   Code   RO         3339    i.UART_EndTxTransfer  stm32f7xx_hal_uart.o
    0x08002d6e   0x08002d6e   0x00000002   PAD
    0x08002d70   0x08002d70   0x00000230   Code   RO         3342    i.UART_SetConfig    stm32f7xx_hal_uart.o
    0x08002fa0   0x08002fa0   0x000000a0   Code   RO         3343    i.UART_Start_Receive_DMA  stm32f7xx_hal_uart.o
    0x08003040   0x08003040   0x00000094   Code   RO         3347    i.UART_WaitOnFlagUntilTimeout  stm32f7xx_hal_uart.o
    0x080030d4   0x080030d4   0x000000f8   Code   RO         5082    i.USART2_IRQHandler  imu.o
    0x080031cc   0x080031cc   0x0000000c   Code   RO          442    i.USART3_IRQHandler  stm32f7xx_it.o
    0x080031d8   0x080031d8   0x00000130   Code   RO         5289    i.USART3_Process_data  motor_command.o
    0x08003308   0x08003308   0x00000002   Code   RO          443    i.UsageFault_Handler  stm32f7xx_it.o
    0x0800330a   0x0800330a   0x00000022   Code   RO         1599    i.__NVIC_SetPriority  stm32f7xx_hal_cortex.o
    0x0800332c   0x0800332c   0x00000026   Code   RO           16    i.main              main.o
    0x08003352   0x08003352   0x0000000e   Code   RO         4538    i.makeFreeRtosPriority  cmsis_os.o
    0x08003360   0x08003360   0x0000000e   Code   RO         4540    i.osDelay           cmsis_os.o
    0x0800336e   0x0800336e   0x0000000a   Code   RO         4543    i.osKernelStart     cmsis_os.o
    0x08003378   0x08003378   0x00000054   Code   RO         4577    i.osThreadCreate    cmsis_os.o
    0x080033cc   0x080033cc   0x00000070   Code   RO         4232    i.prvAddCurrentTaskToDelayedList  tasks.o
    0x0800343c   0x0800343c   0x000000d0   Code   RO         4233    i.prvAddNewTaskToReadyList  tasks.o
    0x0800350c   0x0800350c   0x00000038   Code   RO         4234    i.prvDeleteTCB      tasks.o
    0x08003544   0x08003544   0x00000050   Code   RO         4905    i.prvHeapInit       heap_4.o
    0x08003594   0x08003594   0x00000060   Code   RO         4235    i.prvIdleTask       tasks.o
    0x080035f4   0x080035f4   0x0000009e   Code   RO         4236    i.prvInitialiseNewTask  tasks.o
    0x08003692   0x08003692   0x00000002   PAD
    0x08003694   0x08003694   0x0000004c   Code   RO         4906    i.prvInsertBlockIntoFreeList  heap_4.o
    0x080036e0   0x080036e0   0x00000020   Code   RO         4237    i.prvResetNextTaskUnblockTime  tasks.o
    0x08003700   0x08003700   0x00000030   Code   RO         4968    i.prvTaskExitError  port.o
    0x08003730   0x08003730   0x000000ec   Code   RO         4907    i.pvPortMalloc      heap_4.o
    0x0800381c   0x0800381c   0x00000030   Code   RO         4969    i.pxPortInitialiseStack  port.o
    0x0800384c   0x0800384c   0x00000010   Code   RO         5290    i.uart3WriteBuf     motor_command.o
    0x0800385c   0x0800385c   0x00000026   Code   RO         3868    i.uxListRemove      list.o
    0x08003882   0x08003882   0x00000002   PAD
    0x08003884   0x08003884   0x00000018   Code   RO          243    i.vApplicationGetIdleTaskMemory  freertos.o
    0x0800389c   0x0800389c   0x00000002   Code   RO          244    i.vApplicationMallocFailedHook  freertos.o
    0x0800389e   0x0800389e   0x00000016   Code   RO         3869    i.vListInitialise   list.o
    0x080038b4   0x080038b4   0x00000006   Code   RO         3870    i.vListInitialiseItem  list.o
    0x080038ba   0x080038ba   0x00000030   Code   RO         3871    i.vListInsert       list.o
    0x080038ea   0x080038ea   0x00000018   Code   RO         3872    i.vListInsertEnd    list.o
    0x08003902   0x08003902   0x00000002   PAD
    0x08003904   0x08003904   0x00000048   Code   RO         4971    i.vPortEnterCritical  port.o
    0x0800394c   0x0800394c   0x0000002c   Code   RO         4972    i.vPortExitCritical  port.o
    0x08003978   0x08003978   0x00000064   Code   RO         4908    i.vPortFree         heap_4.o
    0x080039dc   0x080039dc   0x00000024   Code   RO         4973    i.vPortSetupTimerInterrupt  port.o
    0x08003a00   0x08003a00   0x00000050   Code   RO         4245    i.vTaskDelay        tasks.o
    0x08003a50   0x08003a50   0x000000b0   Code   RO         4246    i.vTaskDelete       tasks.o
    0x08003b00   0x08003b00   0x00000070   Code   RO         4258    i.vTaskStartScheduler  tasks.o
    0x08003b70   0x08003b70   0x00000010   Code   RO         4260    i.vTaskSuspendAll   tasks.o
    0x08003b80   0x08003b80   0x00000060   Code   RO         4261    i.vTaskSwitchContext  tasks.o
    0x08003be0   0x08003be0   0x000000c0   Code   RO         4975    i.xPortStartScheduler  port.o
    0x08003ca0   0x08003ca0   0x0000005a   Code   RO         4263    i.xTaskCreate       tasks.o
    0x08003cfa   0x08003cfa   0x0000005e   Code   RO         4264    i.xTaskCreateStatic  tasks.o
    0x08003d58   0x08003d58   0x000000cc   Code   RO         4271    i.xTaskIncrementTick  tasks.o
    0x08003e24   0x08003e24   0x000000c8   Code   RO         4277    i.xTaskResumeAll    tasks.o
    0x08003eec   0x08003eec   0x0000000a   Code   RO         5648    x$fpl$fpinit        fz_wm.l(fpinit.o)
    0x08003ef6   0x08003ef6   0x00000002   PAD
    0x08003ef8   0x08003ef8   0x0000001c   Data   RO          246    .constdata          freertos.o
    0x08003f14   0x08003f14   0x00000008   Data   RO         2151    .constdata          stm32f7xx_hal_dma.o
    0x08003f1c   0x08003f1c   0x00000010   Data   RO         3731    .constdata          system_stm32f7xx.o
    0x08003f2c   0x08003f2c   0x00000008   Data   RO         3732    .constdata          system_stm32f7xx.o
    0x08003f34   0x08003f34   0x0000000c   Data   RO          247    .conststring        freertos.o
    0x08003f40   0x08003f40   0x00000020   Data   RO         5704    Region$$Table       anon$$obj.o


    Execution Region RW_IRAM1 (Exec base: 0x20000000, Load base: 0x08003f60, Size: 0x00004b70, Max: 0x00050000, ABSOLUTE)

    Exec Addr    Load Addr    Size         Type   Attr      Idx    E Section Name        Object

    0x20000000   0x08003f60   0x00000004   Data   RW          248    .data               freertos.o
    0x20000004   0x08003f64   0x0000000c   Data   RW         2528    .data               stm32f7xx_hal.o
    0x20000010   0x08003f70   0x00000004   Data   RW         3733    .data               system_stm32f7xx.o
    0x20000014   0x08003f74   0x0000003c   Data   RW         4280    .data               tasks.o
    0x20000050   0x08003fb0   0x00000018   Data   RW         4913    .data               heap_4.o
    0x20000068   0x08003fc8   0x0000000c   Data   RW         4976    .data               port.o
    0x20000074   0x08003fd4   0x0000001d   Data   RW         5084    .data               imu.o
    0x20000091   0x08003ff1   0x00000001   PAD
    0x20000092   0x08003ff2   0x00000002   Data   RW         5160    .data               delay.o
    0x20000094   0x08003ff4   0x00000044   Data   RW         5292    .data               motor_command.o
    0x200000d8   0x08004038   0x00000008   Data   RW         5473    .data               start_task.o
    0x200000e0        -       0x00000254   Zero   RW          245    .bss                freertos.o
    0x20000334        -       0x0000004c   Zero   RW          346    .bss                tim.o
    0x20000380        -       0x000001d0   Zero   RW          389    .bss                usart.o
    0x20000550        -       0x0000004c   Zero   RW          548    .bss                stm32f7xx_hal_timebase_tim.o
    0x2000059c        -       0x000000f0   Zero   RW         4279    .bss                tasks.o
    0x2000068c        -       0x00003c00   Zero   RW         4912    .bss                heap_4.o
    0x2000428c        -       0x0000008c   Zero   RW         5083    .bss                imu.o
    0x20004318        -       0x0000002c   Zero   RW         5200    .bss                imu_control.o
    0x20004344        -       0x000001c8   Zero   RW         5291    .bss                motor_command.o
    0x2000450c        -       0x00000060   Zero   RW         5578    .bss                c_w.l(libspace.o)
    0x2000456c   0x08004040   0x00000004   PAD
    0x20004570        -       0x00000200   Zero   RW            2    HEAP                startup_stm32f750xx.o
    0x20004770        -       0x00000400   Zero   RW            1    STACK               startup_stm32f750xx.o


==============================================================================

Image component sizes


      Code (inc. data)   RO Data    RW Data    ZI Data      Debug   Object Name

       122          0          0          0          0      23185   cmsis_os.o
        44         12          0          2          0       1409   delay.o
        60          4          0          0          0        802   dma.o
         0          0          0          0          0      15760   event_groups.o
        78         16         40          4        596       8917   freertos.o
        76          6          0          0          0        875   gpio.o
       492         22          0         24      15360       7483   heap_4.o
       336         56          0         29        140       3713   imu.o
        56         20          0          0         44       1672   imu_control.o
       138          0          0          0          0       3606   list.o
       246         22          0          0          0     870247   main.o
       860         74          0         68        456       8122   motor_command.o
        20          6          0          0          0        809   mynvic.o
        44         10          0          0          0        959   pid.o
       682         70          0         12          0      11136   port.o
       168         48          0          8          0       2741   start_task.o
        64         26        456          0       1536        852   startup_stm32f750xx.o
        50         10          0         12          0       7774   stm32f7xx_hal.o
       160         12          0          0          0      38242   stm32f7xx_hal_cortex.o
      1116         16          8          0          0       8085   stm32f7xx_hal_dma.o
       584         54          0          0          0       1620   stm32f7xx_hal_gpio.o
        56          4          0          0          0        882   stm32f7xx_hal_msp.o
       108          8          0          0          0       1284   stm32f7xx_hal_pwr_ex.o
      1428         72          0          0          0       5957   stm32f7xx_hal_rcc.o
      1276         16          0          0          0       2304   stm32f7xx_hal_rcc_ex.o
       914        112          0          0          0       7814   stm32f7xx_hal_tim.o
       170         30          0          0          0       3156   stm32f7xx_hal_tim_ex.o
       152         20          0          0         76       1512   stm32f7xx_hal_timebase_tim.o
      2774        102          0          0          0      18791   stm32f7xx_hal_uart.o
        74          0          0          0          0       1315   stm32f7xx_hal_uart_ex.o
        72         30          0          0          0       5279   stm32f7xx_it.o
         0          0          0          0          0        392   stream_buffer.o
        16          4         24          4          0       1151   system_stm32f7xx.o
      1730        122          0         60        240      20728   tasks.o
       132         18          0          0         76       1670   tim.o
       484         44          0          0        464       2773   usart.o

    ----------------------------------------------------------------------
     14818       1066        560        224      18988    1093017   Object Totals
         0          0         32          0          0          0   (incl. Generated)
        36          0          0          1          0          0   (incl. Padding)

    ----------------------------------------------------------------------

      Code (inc. data)   RO Data    RW Data    ZI Data      Debug   Library Member Name

         8          0          0          0          0         68   __main.o
         0          0          0          0          0          0   __rtentry.o
        12          0          0          0          0          0   __rtentry2.o
         6          0          0          0          0          0   __rtentry4.o
        52          8          0          0          0          0   __scatter.o
        26          0          0          0          0          0   __scatter_copy.o
        28          0          0          0          0          0   __scatter_zi.o
        18          0          0          0          0         80   exit.o
         6          0          0          0          0        152   heapauxi.o
         0          0          0          0          0          0   indicate_semi.o
         2          0          0          0          0          0   libinit.o
         6          0          0          0          0          0   libinit2.o
         2          0          0          0          0          0   libshutdown.o
         2          0          0          0          0          0   libshutdown2.o
         8          4          0          0         96         68   libspace.o
       238          0          0          0          0        100   lludivv7m.o
        78          0          0          0          0         80   rt_memclr_w.o
       138          0          0          0          0         68   rt_memcpy_v6.o
       100          0          0          0          0         80   rt_memcpy_w.o
         2          0          0          0          0          0   rtexit.o
        10          0          0          0          0          0   rtexit2.o
        12          4          0          0          0         68   sys_exit.o
        74          0          0          0          0         80   sys_stackheap_outer.o
         2          0          0          0          0         68   use_no_semi.o
        10          0          0          0          0        116   fpinit.o

    ----------------------------------------------------------------------
       846         16          0          0        100       1028   Library Totals
         6          0          0          0          4          0   (incl. Padding)

    ----------------------------------------------------------------------

      Code (inc. data)   RO Data    RW Data    ZI Data      Debug   Library Name

       830         16          0          0         96        912   c_w.l
        10          0          0          0          0        116   fz_wm.l

    ----------------------------------------------------------------------
       846         16          0          0        100       1028   Library Totals

    ----------------------------------------------------------------------

==============================================================================


      Code (inc. data)   RO Data    RW Data    ZI Data      Debug   

     15664       1082        560        224      19088    1080081   Grand Totals
     15664       1082        560        224      19088    1080081   ELF Image Totals
     15664       1082        560        224          0          0   ROM Totals

==============================================================================

    Total RO  Size (Code + RO Data)                16224 (  15.84kB)
    Total RW  Size (RW Data + ZI Data)             19312 (  18.86kB)
    Total ROM Size (Code + RO Data + RW Data)      16448 (  16.06kB)

==============================================================================

