<html>
<body>
<pre>
<h1>µVision Build Log</h1>
<h2>Tool Versions:</h2>
IDE-Version: ¦ÌVision V5.40.0.0
Copyright (C) 2024 ARM Ltd and ARM Germany GmbH. All rights reserved.
License Information: 1 LuoXue, 1, LIC=QF82M-XGVQ8-566Q2-9A1QM-5AINQ-ZID08
 
Tool Versions:
Toolchain:       MDK-ARM Plus  Version: 5.40.0.3
Toolchain Path:  D:\Keil5_MDK\ARM\ARMCC\Bin
C Compiler:      Armcc.exe V5.06 update 6 (build 750)
Assembler:       Armasm.exe V5.06 update 6 (build 750)
Linker/Locator:  ArmLink.exe V5.06 update 6 (build 750)
Library Manager: ArmAr.exe V5.06 update 6 (build 750)
Hex Converter:   FromElf.exe V5.06 update 6 (build 750)
CPU DLL:         SARMCM3.DLL V5.40.0.3
Dialog DLL:      DCM.DLL V1.17.5.0
Target DLL:      CMSIS_AGDI.dll V1.33.18.0
Dialog DLL:      TCM.DLL V1.56.4.0
 
<h2>Project:</h2>
C:\Users\LuoXue\Desktop\Robot Project\GX_0226\MDK-ARM\GX_0226.uvprojx
Project File Date:  03/08/2026

<h2>Output:</h2>
*** Using Compiler 'V5.06 update 6 (build 750)', folder: 'D:\Keil5_MDK\ARM\ARMCC\Bin'
Build target 'GX_0226'
compiling delay.c...
compiling chassis_control_task.c...
../MyDefinition/Struct_encapsulation.h(36): warning:  #375-D: declaration requires a typedef name
  };
../MyDefinition/Struct_encapsulation.h(48): warning:  #375-D: declaration requires a typedef name
  };
..\Task\chassis_control_task.c(84): warning:  #177-D: variable "err_x"  was declared but never referenced
      float err_x;
..\Task\chassis_control_task.c(85): warning:  #177-D: variable "err_y"  was declared but never referenced
      float err_y;
..\Task\chassis_control_task.c(86): warning:  #177-D: variable "err_w"  was declared but never referenced
      float err_w;
..\Task\chassis_control_task.c(22): warning:  #177-D: function "angle_error_deg"  was declared but never referenced
  static float angle_error_deg(float target_angle, float actual_angle) {
..\Task\chassis_control_task.c(33): warning:  #177-D: function "apply_deadzone"  was declared but never referenced
  static float apply_deadzone(float output,
..\Task\chassis_control_task.c: 7 warnings, 0 errors
linking...
Program Size: Code=15664 RO-data=560 RW-data=224 ZI-data=19088  
FromELF: creating hex file...
"GX_0226\GX_0226.axf" - 0 Error(s), 7 Warning(s).

<h2>Software Packages used:</h2>

Package Vendor: ARM
                https://www.keil.com/pack/ARM.CMSIS.6.1.0.pack
                ARM::CMSIS@6.1.0
                CMSIS (Common Microcontroller Software Interface Standard)
   * Component: CORE Version: 6.1.0

Package Vendor: Keil
                https://www.keil.com/pack/Keil.STM32F7xx_DFP.3.1.1.pack
                Keil::STM32F7xx_DFP@3.1.1
                STMicroelectronics STM32F7 Series Device Support

<h2>Collection of Component include folders:</h2>
  ./RTE/_GX_0226
  D:/Keil5_Pack/ARM/CMSIS/6.1.0/CMSIS/Core/Include

<h2>Collection of Component Files used:</h2>

   * Component: ARM::CMSIS:CORE@6.1.0
      Include file:  CMSIS/Core/Include/tz_context.h
Build Time Elapsed:  00:00:02
</pre>
</body>
</html>
